Seed set to 42
2025-12-11 21:06:38 INFO     Initialized benchmark 'matbench_v0.1' with 1 tasks: 
['matbench_phonons']
2025-12-11 21:06:38 INFO     Loading dataset 'matbench_phonons'...
2025-12-11 21:06:39 INFO     Dataset 'matbench_phonons loaded.
GPU available: True (cuda), used: True
TPU available: False, using: 0 TPU cores
IPU available: False, using: 0 IPUs
HPU available: False, using: 0 HPUs
You are using a CUDA device ('NVIDIA GeForce RTX 3080') that has Tensor Cores. To properly utilize them, you should set `torch.set_float32_matmul_precision('medium' | 'high')` which will trade-off precision for performance. For more details, read https://pytorch.org/docs/stable/generated/torch.set_float32_matmul_precision.html#torch.set_float32_matmul_precision
2025-12-11 21:06:41.314112: I external/local_tsl/tsl/cuda/cudart_stub.cc:32] Could not find cuda drivers on your machine, GPU will not be used.
2025-12-11 21:06:41.348647: I tensorflow/core/platform/cpu_feature_guard.cc:210] This TensorFlow binary is optimized to use available CPU instructions in performance-critical operations.
To enable the following instructions: AVX2 FMA, in other operations, rebuild TensorFlow with the appropriate compiler flags.
2025-12-11 21:06:42.008400: W tensorflow/compiler/tf2tensorrt/utils/py_utils.cc:38] TF-TRT Warning: Could not find TensorRT
LOCAL_RANK: 0 - CUDA_VISIBLE_DEVICES: [0]

  | Name                | Type                | Params
------------------------------------------------------------
0 | crystalGraphConvNet | CrystalGraphConvNet | 5.8 K 
------------------------------------------------------------
5.8 K     Trainable params
0         Non-trainable params
5.8 K     Total params
0.023     Total estimated model params size (MB)
/home/ubuntu/anaconda3/envs/pl/lib/python3.10/site-packages/lightning/pytorch/loops/fit_loop.py:298: The number of training batches (6) is smaller than the logging interval Trainer(log_every_n_steps=1000). Set a lower value for log_every_n_steps if you want to see logs for the training epoch.
Metric val_MAE improved. New best score: 2.316
Metric val_MAE improved by 1.360 >= min_delta = 0.0. New best score: 0.956
Metric val_MAE improved by 0.465 >= min_delta = 0.0. New best score: 0.491
Metric val_MAE improved by 0.042 >= min_delta = 0.0. New best score: 0.449
Metric val_MAE improved by 0.094 >= min_delta = 0.0. New best score: 0.355
Metric val_MAE improved by 0.008 >= min_delta = 0.0. New best score: 0.347
Metric val_MAE improved by 0.015 >= min_delta = 0.0. New best score: 0.332
Metric val_MAE improved by 0.054 >= min_delta = 0.0. New best score: 0.277
Metric val_MAE improved by 0.025 >= min_delta = 0.0. New best score: 0.252
Metric val_MAE improved by 0.045 >= min_delta = 0.0. New best score: 0.207
Metric val_MAE improved by 0.004 >= min_delta = 0.0. New best score: 0.204
Metric val_MAE improved by 0.012 >= min_delta = 0.0. New best score: 0.192
Metric val_MAE improved by 0.011 >= min_delta = 0.0. New best score: 0.181
Metric val_MAE improved by 0.020 >= min_delta = 0.0. New best score: 0.161
Metric val_MAE improved by 0.011 >= min_delta = 0.0. New best score: 0.150
Metric val_MAE improved by 0.000 >= min_delta = 0.0. New best score: 0.150
Metric val_MAE improved by 0.009 >= min_delta = 0.0. New best score: 0.141
Metric val_MAE improved by 0.001 >= min_delta = 0.0. New best score: 0.139
Metric val_MAE improved by 0.005 >= min_delta = 0.0. New best score: 0.134
Metric val_MAE improved by 0.002 >= min_delta = 0.0. New best score: 0.132
Metric val_MAE improved by 0.003 >= min_delta = 0.0. New best score: 0.129
Metric val_MAE improved by 0.004 >= min_delta = 0.0. New best score: 0.125
Metric val_MAE improved by 0.002 >= min_delta = 0.0. New best score: 0.123
Metric val_MAE improved by 0.003 >= min_delta = 0.0. New best score: 0.120
Metric val_MAE improved by 0.002 >= min_delta = 0.0. New best score: 0.119
Metric val_MAE improved by 0.000 >= min_delta = 0.0. New best score: 0.118
Metric val_MAE improved by 0.000 >= min_delta = 0.0. New best score: 0.118
Metric val_MAE improved by 0.000 >= min_delta = 0.0. New best score: 0.118
Metric val_MAE improved by 0.001 >= min_delta = 0.0. New best score: 0.117
Metric val_MAE improved by 0.000 >= min_delta = 0.0. New best score: 0.117
Metric val_MAE improved by 0.000 >= min_delta = 0.0. New best score: 0.117
Metric val_MAE improved by 0.000 >= min_delta = 0.0. New best score: 0.117
Metric val_MAE improved by 0.001 >= min_delta = 0.0. New best score: 0.116
Metric val_MAE improved by 0.000 >= min_delta = 0.0. New best score: 0.116
Metric val_MAE improved by 0.000 >= min_delta = 0.0. New best score: 0.116
Metric val_MAE improved by 0.000 >= min_delta = 0.0. New best score: 0.115
Metric val_MAE improved by 0.000 >= min_delta = 0.0. New best score: 0.115
Metric val_MAE improved by 0.000 >= min_delta = 0.0. New best score: 0.115
Metric val_MAE improved by 0.000 >= min_delta = 0.0. New best score: 0.115
Metric val_MAE improved by 0.000 >= min_delta = 0.0. New best score: 0.114
Metric val_MAE improved by 0.000 >= min_delta = 0.0. New best score: 0.114
Metric val_MAE improved by 0.000 >= min_delta = 0.0. New best score: 0.114
Metric val_MAE improved by 0.001 >= min_delta = 0.0. New best score: 0.113
Metric val_MAE improved by 0.000 >= min_delta = 0.0. New best score: 0.113
Metric val_MAE improved by 0.001 >= min_delta = 0.0. New best score: 0.112
Metric val_MAE improved by 0.000 >= min_delta = 0.0. New best score: 0.112
Metric val_MAE improved by 0.000 >= min_delta = 0.0. New best score: 0.112
Metric val_MAE improved by 0.000 >= min_delta = 0.0. New best score: 0.111
Metric val_MAE improved by 0.000 >= min_delta = 0.0. New best score: 0.111
Metric val_MAE improved by 0.000 >= min_delta = 0.0. New best score: 0.111
Metric val_MAE improved by 0.001 >= min_delta = 0.0. New best score: 0.111
Metric val_MAE improved by 0.000 >= min_delta = 0.0. New best score: 0.111
Metric val_MAE improved by 0.000 >= min_delta = 0.0. New best score: 0.110
Metric val_MAE improved by 0.000 >= min_delta = 0.0. New best score: 0.110
Metric val_MAE improved by 0.000 >= min_delta = 0.0. New best score: 0.110
Metric val_MAE improved by 0.001 >= min_delta = 0.0. New best score: 0.109
Metric val_MAE improved by 0.000 >= min_delta = 0.0. New best score: 0.109
Metric val_MAE improved by 0.000 >= min_delta = 0.0. New best score: 0.108
Metric val_MAE improved by 0.001 >= min_delta = 0.0. New best score: 0.108
Monitored metric val_MAE did not improve in the last 500 records. Best score: 0.108. Signaling Trainer to stop.
LOCAL_RANK: 0 - CUDA_VISIBLE_DEVICES: [0]
/home/ubuntu/anaconda3/envs/pl/lib/python3.10/site-packages/lightning/pytorch/trainer/connectors/data_connector.py:441: The 'test_dataloader' does not have many workers which may be a bottleneck. Consider increasing the value of the `num_workers` argument` to `num_workers=47` in the `DataLoader` to improve performance.
┏━━━━━━━━━━━━━━━━━━━━━━━━━━━┳━━━━━━━━━━━━━━━━━━━━━━━━━━━┓
┃        Test metric        ┃       DataLoader 0        ┃
┡━━━━━━━━━━━━━━━━━━━━━━━━━━━╇━━━━━━━━━━━━━━━━━━━━━━━━━━━┩
│         test_MAE          │     68.36688232421875     │
└───────────────────────────┴───────────────────────────┘
GPU available: True (cuda), used: True
TPU available: False, using: 0 TPU cores
IPU available: False, using: 0 IPUs
HPU available: False, using: 0 HPUs
LOCAL_RANK: 0 - CUDA_VISIBLE_DEVICES: [0]

  | Name                | Type                | Params
------------------------------------------------------------
0 | crystalGraphConvNet | CrystalGraphConvNet | 5.8 K 
------------------------------------------------------------
5.8 K     Trainable params
0         Non-trainable params
5.8 K     Total params
0.023     Total estimated model params size (MB)
/home/ubuntu/anaconda3/envs/pl/lib/python3.10/site-packages/lightning/pytorch/loops/fit_loop.py:298: The number of training batches (6) is smaller than the logging interval Trainer(log_every_n_steps=1000). Set a lower value for log_every_n_steps if you want to see logs for the training epoch.
Metric val_MAE improved. New best score: 0.608
Metric val_MAE improved by 0.200 >= min_delta = 0.0. New best score: 0.408
Metric val_MAE improved by 0.049 >= min_delta = 0.0. New best score: 0.359
Metric val_MAE improved by 0.043 >= min_delta = 0.0. New best score: 0.316
Metric val_MAE improved by 0.002 >= min_delta = 0.0. New best score: 0.314
Metric val_MAE improved by 0.048 >= min_delta = 0.0. New best score: 0.266
Metric val_MAE improved by 0.003 >= min_delta = 0.0. New best score: 0.263
Metric val_MAE improved by 0.011 >= min_delta = 0.0. New best score: 0.251
Metric val_MAE improved by 0.016 >= min_delta = 0.0. New best score: 0.235
Metric val_MAE improved by 0.022 >= min_delta = 0.0. New best score: 0.213
Metric val_MAE improved by 0.028 >= min_delta = 0.0. New best score: 0.185
Metric val_MAE improved by 0.031 >= min_delta = 0.0. New best score: 0.155
Metric val_MAE improved by 0.003 >= min_delta = 0.0. New best score: 0.152
Metric val_MAE improved by 0.011 >= min_delta = 0.0. New best score: 0.141
Metric val_MAE improved by 0.006 >= min_delta = 0.0. New best score: 0.135
Metric val_MAE improved by 0.002 >= min_delta = 0.0. New best score: 0.133
Metric val_MAE improved by 0.000 >= min_delta = 0.0. New best score: 0.132
Metric val_MAE improved by 0.002 >= min_delta = 0.0. New best score: 0.131
Metric val_MAE improved by 0.003 >= min_delta = 0.0. New best score: 0.128
Metric val_MAE improved by 0.003 >= min_delta = 0.0. New best score: 0.125
Metric val_MAE improved by 0.001 >= min_delta = 0.0. New best score: 0.124
Metric val_MAE improved by 0.000 >= min_delta = 0.0. New best score: 0.124
Metric val_MAE improved by 0.001 >= min_delta = 0.0. New best score: 0.123
Metric val_MAE improved by 0.000 >= min_delta = 0.0. New best score: 0.123
Metric val_MAE improved by 0.000 >= min_delta = 0.0. New best score: 0.123
Metric val_MAE improved by 0.001 >= min_delta = 0.0. New best score: 0.122
Metric val_MAE improved by 0.001 >= min_delta = 0.0. New best score: 0.121
Metric val_MAE improved by 0.001 >= min_delta = 0.0. New best score: 0.120
Metric val_MAE improved by 0.000 >= min_delta = 0.0. New best score: 0.120
Metric val_MAE improved by 0.001 >= min_delta = 0.0. New best score: 0.119
Metric val_MAE improved by 0.001 >= min_delta = 0.0. New best score: 0.118
Metric val_MAE improved by 0.000 >= min_delta = 0.0. New best score: 0.118
Metric val_MAE improved by 0.001 >= min_delta = 0.0. New best score: 0.117
Metric val_MAE improved by 0.000 >= min_delta = 0.0. New best score: 0.117
Metric val_MAE improved by 0.001 >= min_delta = 0.0. New best score: 0.116
Monitored metric val_MAE did not improve in the last 500 records. Best score: 0.116. Signaling Trainer to stop.
LOCAL_RANK: 0 - CUDA_VISIBLE_DEVICES: [0]
/home/ubuntu/anaconda3/envs/pl/lib/python3.10/site-packages/lightning/pytorch/trainer/connectors/data_connector.py:441: The 'test_dataloader' does not have many workers which may be a bottleneck. Consider increasing the value of the `num_workers` argument` to `num_workers=47` in the `DataLoader` to improve performance.
┏━━━━━━━━━━━━━━━━━━━━━━━━━━━┳━━━━━━━━━━━━━━━━━━━━━━━━━━━┓
┃        Test metric        ┃       DataLoader 0        ┃
┡━━━━━━━━━━━━━━━━━━━━━━━━━━━╇━━━━━━━━━━━━━━━━━━━━━━━━━━━┩
│         test_MAE          │    63.562252044677734     │
└───────────────────────────┴───────────────────────────┘
GPU available: True (cuda), used: True
TPU available: False, using: 0 TPU cores
IPU available: False, using: 0 IPUs
HPU available: False, using: 0 HPUs
/home/ubuntu/anaconda3/envs/pl/lib/python3.10/site-packages/lightning/pytorch/callbacks/model_checkpoint.py:653: Checkpoint directory /home/ubuntu/cht_article/129/train_model/Emb_Feature/CGCNN/Cgcnn_matbench_phonons_fold2_dim8 exists and is not empty.
LOCAL_RANK: 0 - CUDA_VISIBLE_DEVICES: [0]

  | Name                | Type                | Params
------------------------------------------------------------
0 | crystalGraphConvNet | CrystalGraphConvNet | 5.8 K 
------------------------------------------------------------
5.8 K     Trainable params
0         Non-trainable params
5.8 K     Total params
0.023     Total estimated model params size (MB)
/home/ubuntu/anaconda3/envs/pl/lib/python3.10/site-packages/lightning/pytorch/loops/fit_loop.py:298: The number of training batches (6) is smaller than the logging interval Trainer(log_every_n_steps=1000). Set a lower value for log_every_n_steps if you want to see logs for the training epoch.
Metric val_MAE improved. New best score: 0.546
Metric val_MAE improved by 0.053 >= min_delta = 0.0. New best score: 0.493
Metric val_MAE improved by 0.181 >= min_delta = 0.0. New best score: 0.312
Metric val_MAE improved by 0.064 >= min_delta = 0.0. New best score: 0.249
Metric val_MAE improved by 0.035 >= min_delta = 0.0. New best score: 0.214
Metric val_MAE improved by 0.014 >= min_delta = 0.0. New best score: 0.200
Metric val_MAE improved by 0.028 >= min_delta = 0.0. New best score: 0.173
Metric val_MAE improved by 0.023 >= min_delta = 0.0. New best score: 0.150
Metric val_MAE improved by 0.002 >= min_delta = 0.0. New best score: 0.148
Metric val_MAE improved by 0.005 >= min_delta = 0.0. New best score: 0.143
Metric val_MAE improved by 0.000 >= min_delta = 0.0. New best score: 0.143
Metric val_MAE improved by 0.000 >= min_delta = 0.0. New best score: 0.143
Metric val_MAE improved by 0.001 >= min_delta = 0.0. New best score: 0.142
Metric val_MAE improved by 0.001 >= min_delta = 0.0. New best score: 0.141
Metric val_MAE improved by 0.000 >= min_delta = 0.0. New best score: 0.141
Metric val_MAE improved by 0.000 >= min_delta = 0.0. New best score: 0.141
Metric val_MAE improved by 0.001 >= min_delta = 0.0. New best score: 0.140
Metric val_MAE improved by 0.000 >= min_delta = 0.0. New best score: 0.140
Metric val_MAE improved by 0.000 >= min_delta = 0.0. New best score: 0.139
Metric val_MAE improved by 0.000 >= min_delta = 0.0. New best score: 0.139
Metric val_MAE improved by 0.000 >= min_delta = 0.0. New best score: 0.139
Metric val_MAE improved by 0.000 >= min_delta = 0.0. New best score: 0.139
Metric val_MAE improved by 0.000 >= min_delta = 0.0. New best score: 0.138
Metric val_MAE improved by 0.001 >= min_delta = 0.0. New best score: 0.137
Metric val_MAE improved by 0.001 >= min_delta = 0.0. New best score: 0.137
Metric val_MAE improved by 0.000 >= min_delta = 0.0. New best score: 0.137
Metric val_MAE improved by 0.000 >= min_delta = 0.0. New best score: 0.136
Metric val_MAE improved by 0.001 >= min_delta = 0.0. New best score: 0.135
Metric val_MAE improved by 0.001 >= min_delta = 0.0. New best score: 0.135
Metric val_MAE improved by 0.001 >= min_delta = 0.0. New best score: 0.134
Metric val_MAE improved by 0.001 >= min_delta = 0.0. New best score: 0.133
Metric val_MAE improved by 0.000 >= min_delta = 0.0. New best score: 0.133
Metric val_MAE improved by 0.000 >= min_delta = 0.0. New best score: 0.132
Metric val_MAE improved by 0.001 >= min_delta = 0.0. New best score: 0.132
Metric val_MAE improved by 0.001 >= min_delta = 0.0. New best score: 0.131
Metric val_MAE improved by 0.001 >= min_delta = 0.0. New best score: 0.130
Metric val_MAE improved by 0.000 >= min_delta = 0.0. New best score: 0.130
Metric val_MAE improved by 0.000 >= min_delta = 0.0. New best score: 0.130
Metric val_MAE improved by 0.001 >= min_delta = 0.0. New best score: 0.129
Metric val_MAE improved by 0.000 >= min_delta = 0.0. New best score: 0.129
Metric val_MAE improved by 0.000 >= min_delta = 0.0. New best score: 0.129
Metric val_MAE improved by 0.001 >= min_delta = 0.0. New best score: 0.128
Metric val_MAE improved by 0.001 >= min_delta = 0.0. New best score: 0.126
Metric val_MAE improved by 0.001 >= min_delta = 0.0. New best score: 0.125
Metric val_MAE improved by 0.000 >= min_delta = 0.0. New best score: 0.125
Metric val_MAE improved by 0.001 >= min_delta = 0.0. New best score: 0.124
Metric val_MAE improved by 0.000 >= min_delta = 0.0. New best score: 0.124
Monitored metric val_MAE did not improve in the last 500 records. Best score: 0.124. Signaling Trainer to stop.
LOCAL_RANK: 0 - CUDA_VISIBLE_DEVICES: [0]
/home/ubuntu/anaconda3/envs/pl/lib/python3.10/site-packages/lightning/pytorch/trainer/connectors/data_connector.py:441: The 'test_dataloader' does not have many workers which may be a bottleneck. Consider increasing the value of the `num_workers` argument` to `num_workers=47` in the `DataLoader` to improve performance.
┏━━━━━━━━━━━━━━━━━━━━━━━━━━━┳━━━━━━━━━━━━━━━━━━━━━━━━━━━┓
┃        Test metric        ┃       DataLoader 0        ┃
┡━━━━━━━━━━━━━━━━━━━━━━━━━━━╇━━━━━━━━━━━━━━━━━━━━━━━━━━━┩
│         test_MAE          │     62.27436065673828     │
└───────────────────────────┴───────────────────────────┘
GPU available: True (cuda), used: True
TPU available: False, using: 0 TPU cores
IPU available: False, using: 0 IPUs
HPU available: False, using: 0 HPUs
LOCAL_RANK: 0 - CUDA_VISIBLE_DEVICES: [0]

  | Name                | Type                | Params
------------------------------------------------------------
0 | crystalGraphConvNet | CrystalGraphConvNet | 5.8 K 
------------------------------------------------------------
5.8 K     Trainable params
0         Non-trainable params
5.8 K     Total params
0.023     Total estimated model params size (MB)
/home/ubuntu/anaconda3/envs/pl/lib/python3.10/site-packages/lightning/pytorch/loops/fit_loop.py:298: The number of training batches (6) is smaller than the logging interval Trainer(log_every_n_steps=1000). Set a lower value for log_every_n_steps if you want to see logs for the training epoch.
Metric val_MAE improved. New best score: 2.294
Metric val_MAE improved by 0.746 >= min_delta = 0.0. New best score: 1.548
Metric val_MAE improved by 0.354 >= min_delta = 0.0. New best score: 1.193
Metric val_MAE improved by 0.309 >= min_delta = 0.0. New best score: 0.885
Metric val_MAE improved by 0.358 >= min_delta = 0.0. New best score: 0.527
Metric val_MAE improved by 0.255 >= min_delta = 0.0. New best score: 0.272
Metric val_MAE improved by 0.014 >= min_delta = 0.0. New best score: 0.258
Metric val_MAE improved by 0.008 >= min_delta = 0.0. New best score: 0.251
Metric val_MAE improved by 0.042 >= min_delta = 0.0. New best score: 0.208
Metric val_MAE improved by 0.018 >= min_delta = 0.0. New best score: 0.191
Metric val_MAE improved by 0.005 >= min_delta = 0.0. New best score: 0.185
Metric val_MAE improved by 0.017 >= min_delta = 0.0. New best score: 0.168
Metric val_MAE improved by 0.006 >= min_delta = 0.0. New best score: 0.162
Metric val_MAE improved by 0.007 >= min_delta = 0.0. New best score: 0.155
Metric val_MAE improved by 0.002 >= min_delta = 0.0. New best score: 0.153
Metric val_MAE improved by 0.002 >= min_delta = 0.0. New best score: 0.151
Metric val_MAE improved by 0.009 >= min_delta = 0.0. New best score: 0.141
Metric val_MAE improved by 0.002 >= min_delta = 0.0. New best score: 0.139
Metric val_MAE improved by 0.002 >= min_delta = 0.0. New best score: 0.137
Metric val_MAE improved by 0.000 >= min_delta = 0.0. New best score: 0.137
Metric val_MAE improved by 0.000 >= min_delta = 0.0. New best score: 0.137
Metric val_MAE improved by 0.000 >= min_delta = 0.0. New best score: 0.137
Metric val_MAE improved by 0.001 >= min_delta = 0.0. New best score: 0.136
Metric val_MAE improved by 0.000 >= min_delta = 0.0. New best score: 0.136
Metric val_MAE improved by 0.001 >= min_delta = 0.0. New best score: 0.135
Metric val_MAE improved by 0.001 >= min_delta = 0.0. New best score: 0.134
Metric val_MAE improved by 0.000 >= min_delta = 0.0. New best score: 0.134
Metric val_MAE improved by 0.000 >= min_delta = 0.0. New best score: 0.134
Metric val_MAE improved by 0.001 >= min_delta = 0.0. New best score: 0.133
Metric val_MAE improved by 0.001 >= min_delta = 0.0. New best score: 0.131
Metric val_MAE improved by 0.000 >= min_delta = 0.0. New best score: 0.131
Metric val_MAE improved by 0.000 >= min_delta = 0.0. New best score: 0.131
Metric val_MAE improved by 0.001 >= min_delta = 0.0. New best score: 0.130
Metric val_MAE improved by 0.000 >= min_delta = 0.0. New best score: 0.130
Metric val_MAE improved by 0.001 >= min_delta = 0.0. New best score: 0.129
Metric val_MAE improved by 0.000 >= min_delta = 0.0. New best score: 0.129
Metric val_MAE improved by 0.000 >= min_delta = 0.0. New best score: 0.129
Metric val_MAE improved by 0.000 >= min_delta = 0.0. New best score: 0.129
Metric val_MAE improved by 0.000 >= min_delta = 0.0. New best score: 0.129
Metric val_MAE improved by 0.000 >= min_delta = 0.0. New best score: 0.129
Metric val_MAE improved by 0.000 >= min_delta = 0.0. New best score: 0.129
Metric val_MAE improved by 0.001 >= min_delta = 0.0. New best score: 0.128
Metric val_MAE improved by 0.000 >= min_delta = 0.0. New best score: 0.128
Metric val_MAE improved by 0.000 >= min_delta = 0.0. New best score: 0.127
Metric val_MAE improved by 0.000 >= min_delta = 0.0. New best score: 0.127
Metric val_MAE improved by 0.001 >= min_delta = 0.0. New best score: 0.127
Metric val_MAE improved by 0.000 >= min_delta = 0.0. New best score: 0.127
Metric val_MAE improved by 0.000 >= min_delta = 0.0. New best score: 0.127
Metric val_MAE improved by 0.000 >= min_delta = 0.0. New best score: 0.126
Metric val_MAE improved by 0.000 >= min_delta = 0.0. New best score: 0.126
Metric val_MAE improved by 0.000 >= min_delta = 0.0. New best score: 0.126
Metric val_MAE improved by 0.001 >= min_delta = 0.0. New best score: 0.125
Metric val_MAE improved by 0.000 >= min_delta = 0.0. New best score: 0.125
Metric val_MAE improved by 0.000 >= min_delta = 0.0. New best score: 0.125
Metric val_MAE improved by 0.000 >= min_delta = 0.0. New best score: 0.125
Metric val_MAE improved by 0.001 >= min_delta = 0.0. New best score: 0.124
Metric val_MAE improved by 0.000 >= min_delta = 0.0. New best score: 0.124
Metric val_MAE improved by 0.000 >= min_delta = 0.0. New best score: 0.124
Metric val_MAE improved by 0.000 >= min_delta = 0.0. New best score: 0.123
Metric val_MAE improved by 0.000 >= min_delta = 0.0. New best score: 0.123
Metric val_MAE improved by 0.000 >= min_delta = 0.0. New best score: 0.123
Metric val_MAE improved by 0.000 >= min_delta = 0.0. New best score: 0.123
Monitored metric val_MAE did not improve in the last 500 records. Best score: 0.123. Signaling Trainer to stop.
LOCAL_RANK: 0 - CUDA_VISIBLE_DEVICES: [0]
/home/ubuntu/anaconda3/envs/pl/lib/python3.10/site-packages/lightning/pytorch/trainer/connectors/data_connector.py:441: The 'test_dataloader' does not have many workers which may be a bottleneck. Consider increasing the value of the `num_workers` argument` to `num_workers=47` in the `DataLoader` to improve performance.
┏━━━━━━━━━━━━━━━━━━━━━━━━━━━┳━━━━━━━━━━━━━━━━━━━━━━━━━━━┓
┃        Test metric        ┃       DataLoader 0        ┃
┡━━━━━━━━━━━━━━━━━━━━━━━━━━━╇━━━━━━━━━━━━━━━━━━━━━━━━━━━┩
│         test_MAE          │     71.26129150390625     │
└───────────────────────────┴───────────────────────────┘
GPU available: True (cuda), used: True
TPU available: False, using: 0 TPU cores
IPU available: False, using: 0 IPUs
HPU available: False, using: 0 HPUs
LOCAL_RANK: 0 - CUDA_VISIBLE_DEVICES: [0]

  | Name                | Type                | Params
------------------------------------------------------------
0 | crystalGraphConvNet | CrystalGraphConvNet | 5.8 K 
------------------------------------------------------------
5.8 K     Trainable params
0         Non-trainable params
5.8 K     Total params
0.023     Total estimated model params size (MB)
/home/ubuntu/anaconda3/envs/pl/lib/python3.10/site-packages/lightning/pytorch/loops/fit_loop.py:298: The number of training batches (6) is smaller than the logging interval Trainer(log_every_n_steps=1000). Set a lower value for log_every_n_steps if you want to see logs for the training epoch.
Metric val_MAE improved. New best score: 1.241
Metric val_MAE improved by 0.589 >= min_delta = 0.0. New best score: 0.652
Metric val_MAE improved by 0.303 >= min_delta = 0.0. New best score: 0.349
Metric val_MAE improved by 0.018 >= min_delta = 0.0. New best score: 0.331
Metric val_MAE improved by 0.118 >= min_delta = 0.0. New best score: 0.212
Metric val_MAE improved by 0.007 >= min_delta = 0.0. New best score: 0.205
Metric val_MAE improved by 0.039 >= min_delta = 0.0. New best score: 0.166
Metric val_MAE improved by 0.015 >= min_delta = 0.0. New best score: 0.150
Metric val_MAE improved by 0.001 >= min_delta = 0.0. New best score: 0.149
Metric val_MAE improved by 0.003 >= min_delta = 0.0. New best score: 0.147
Metric val_MAE improved by 0.009 >= min_delta = 0.0. New best score: 0.138
Metric val_MAE improved by 0.000 >= min_delta = 0.0. New best score: 0.138
Metric val_MAE improved by 0.000 >= min_delta = 0.0. New best score: 0.138
Metric val_MAE improved by 0.000 >= min_delta = 0.0. New best score: 0.138
Metric val_MAE improved by 0.000 >= min_delta = 0.0. New best score: 0.138
Metric val_MAE improved by 0.000 >= min_delta = 0.0. New best score: 0.137
Metric val_MAE improved by 0.000 >= min_delta = 0.0. New best score: 0.137
Metric val_MAE improved by 0.000 >= min_delta = 0.0. New best score: 0.137
Metric val_MAE improved by 0.000 >= min_delta = 0.0. New best score: 0.137
Metric val_MAE improved by 0.000 >= min_delta = 0.0. New best score: 0.136
Metric val_MAE improved by 0.000 >= min_delta = 0.0. New best score: 0.136
Metric val_MAE improved by 0.000 >= min_delta = 0.0. New best score: 0.136
Metric val_MAE improved by 0.001 >= min_delta = 0.0. New best score: 0.135
Metric val_MAE improved by 0.000 >= min_delta = 0.0. New best score: 0.135
Metric val_MAE improved by 0.000 >= min_delta = 0.0. New best score: 0.134
Metric val_MAE improved by 0.001 >= min_delta = 0.0. New best score: 0.134
Metric val_MAE improved by 0.000 >= min_delta = 0.0. New best score: 0.133
Metric val_MAE improved by 0.000 >= min_delta = 0.0. New best score: 0.133
Metric val_MAE improved by 0.000 >= min_delta = 0.0. New best score: 0.133
Metric val_MAE improved by 0.000 >= min_delta = 0.0. New best score: 0.133
Metric val_MAE improved by 0.001 >= min_delta = 0.0. New best score: 0.132
Metric val_MAE improved by 0.000 >= min_delta = 0.0. New best score: 0.132
Metric val_MAE improved by 0.000 >= min_delta = 0.0. New best score: 0.132
Metric val_MAE improved by 0.000 >= min_delta = 0.0. New best score: 0.131
Metric val_MAE improved by 0.000 >= min_delta = 0.0. New best score: 0.131
Metric val_MAE improved by 0.000 >= min_delta = 0.0. New best score: 0.131
Metric val_MAE improved by 0.000 >= min_delta = 0.0. New best score: 0.131
Metric val_MAE improved by 0.000 >= min_delta = 0.0. New best score: 0.130
Metric val_MAE improved by 0.000 >= min_delta = 0.0. New best score: 0.130
Metric val_MAE improved by 0.000 >= min_delta = 0.0. New best score: 0.130
Metric val_MAE improved by 0.000 >= min_delta = 0.0. New best score: 0.130
Metric val_MAE improved by 0.000 >= min_delta = 0.0. New best score: 0.129
Metric val_MAE improved by 0.001 >= min_delta = 0.0. New best score: 0.128
Metric val_MAE improved by 0.000 >= min_delta = 0.0. New best score: 0.128
Metric val_MAE improved by 0.000 >= min_delta = 0.0. New best score: 0.128
Metric val_MAE improved by 0.000 >= min_delta = 0.0. New best score: 0.128
Metric val_MAE improved by 0.000 >= min_delta = 0.0. New best score: 0.127
Metric val_MAE improved by 0.000 >= min_delta = 0.0. New best score: 0.127
Metric val_MAE improved by 0.000 >= min_delta = 0.0. New best score: 0.127
Metric val_MAE improved by 0.000 >= min_delta = 0.0. New best score: 0.127
Metric val_MAE improved by 0.000 >= min_delta = 0.0. New best score: 0.127
Metric val_MAE improved by 0.000 >= min_delta = 0.0. New best score: 0.126
Metric val_MAE improved by 0.000 >= min_delta = 0.0. New best score: 0.126
Metric val_MAE improved by 0.001 >= min_delta = 0.0. New best score: 0.126
Metric val_MAE improved by 0.000 >= min_delta = 0.0. New best score: 0.126
Metric val_MAE improved by 0.000 >= min_delta = 0.0. New best score: 0.125
Metric val_MAE improved by 0.000 >= min_delta = 0.0. New best score: 0.125
Metric val_MAE improved by 0.000 >= min_delta = 0.0. New best score: 0.125
Metric val_MAE improved by 0.000 >= min_delta = 0.0. New best score: 0.125
Metric val_MAE improved by 0.000 >= min_delta = 0.0. New best score: 0.124
Metric val_MAE improved by 0.000 >= min_delta = 0.0. New best score: 0.124
Metric val_MAE improved by 0.000 >= min_delta = 0.0. New best score: 0.124
Metric val_MAE improved by 0.000 >= min_delta = 0.0. New best score: 0.124
Metric val_MAE improved by 0.000 >= min_delta = 0.0. New best score: 0.124
Metric val_MAE improved by 0.000 >= min_delta = 0.0. New best score: 0.123
Metric val_MAE improved by 0.000 >= min_delta = 0.0. New best score: 0.123
Metric val_MAE improved by 0.000 >= min_delta = 0.0. New best score: 0.123
Metric val_MAE improved by 0.000 >= min_delta = 0.0. New best score: 0.123
Metric val_MAE improved by 0.000 >= min_delta = 0.0. New best score: 0.122
Metric val_MAE improved by 0.000 >= min_delta = 0.0. New best score: 0.122
Metric val_MAE improved by 0.000 >= min_delta = 0.0. New best score: 0.122
Metric val_MAE improved by 0.000 >= min_delta = 0.0. New best score: 0.122
Metric val_MAE improved by 0.000 >= min_delta = 0.0. New best score: 0.122
Metric val_MAE improved by 0.000 >= min_delta = 0.0. New best score: 0.122
Metric val_MAE improved by 0.000 >= min_delta = 0.0. New best score: 0.121
Metric val_MAE improved by 0.000 >= min_delta = 0.0. New best score: 0.121
Metric val_MAE improved by 0.000 >= min_delta = 0.0. New best score: 0.121
Metric val_MAE improved by 0.000 >= min_delta = 0.0. New best score: 0.121
Metric val_MAE improved by 0.000 >= min_delta = 0.0. New best score: 0.121
Metric val_MAE improved by 0.001 >= min_delta = 0.0. New best score: 0.120
Metric val_MAE improved by 0.000 >= min_delta = 0.0. New best score: 0.120
Metric val_MAE improved by 0.000 >= min_delta = 0.0. New best score: 0.120
Metric val_MAE improved by 0.001 >= min_delta = 0.0. New best score: 0.119
Metric val_MAE improved by 0.000 >= min_delta = 0.0. New best score: 0.119
Metric val_MAE improved by 0.000 >= min_delta = 0.0. New best score: 0.119
Metric val_MAE improved by 0.000 >= min_delta = 0.0. New best score: 0.119
Metric val_MAE improved by 0.000 >= min_delta = 0.0. New best score: 0.119
Metric val_MAE improved by 0.000 >= min_delta = 0.0. New best score: 0.118
Metric val_MAE improved by 0.001 >= min_delta = 0.0. New best score: 0.118
Metric val_MAE improved by 0.000 >= min_delta = 0.0. New best score: 0.117
Metric val_MAE improved by 0.000 >= min_delta = 0.0. New best score: 0.117
Metric val_MAE improved by 0.000 >= min_delta = 0.0. New best score: 0.117
Metric val_MAE improved by 0.000 >= min_delta = 0.0. New best score: 0.117
Metric val_MAE improved by 0.000 >= min_delta = 0.0. New best score: 0.117
Metric val_MAE improved by 0.000 >= min_delta = 0.0. New best score: 0.117
Metric val_MAE improved by 0.000 >= min_delta = 0.0. New best score: 0.116
Metric val_MAE improved by 0.000 >= min_delta = 0.0. New best score: 0.116
Metric val_MAE improved by 0.001 >= min_delta = 0.0. New best score: 0.116
Monitored metric val_MAE did not improve in the last 500 records. Best score: 0.116. Signaling Trainer to stop.
LOCAL_RANK: 0 - CUDA_VISIBLE_DEVICES: [0]
/home/ubuntu/anaconda3/envs/pl/lib/python3.10/site-packages/lightning/pytorch/trainer/connectors/data_connector.py:441: The 'test_dataloader' does not have many workers which may be a bottleneck. Consider increasing the value of the `num_workers` argument` to `num_workers=47` in the `DataLoader` to improve performance.
┏━━━━━━━━━━━━━━━━━━━━━━━━━━━┳━━━━━━━━━━━━━━━━━━━━━━━━━━━┓
┃        Test metric        ┃       DataLoader 0        ┃
┡━━━━━━━━━━━━━━━━━━━━━━━━━━━╇━━━━━━━━━━━━━━━━━━━━━━━━━━━┩
│         test_MAE          │     68.67642211914062     │
└───────────────────────────┴───────────────────────────┘
