Seed set to 42
2025-12-11 21:06:38 INFO     Initialized benchmark 'matbench_v0.1' with 1 tasks: 
['matbench_phonons']
2025-12-11 21:06:38 INFO     Loading dataset 'matbench_phonons'...
2025-12-11 21:06:39 INFO     Dataset 'matbench_phonons loaded.
GPU available: True (cuda), used: True
TPU available: False, using: 0 TPU cores
IPU available: False, using: 0 IPUs
HPU available: False, using: 0 HPUs
You are using a CUDA device ('NVIDIA GeForce RTX 3080') that has Tensor Cores. To properly utilize them, you should set `torch.set_float32_matmul_precision('medium' | 'high')` which will trade-off precision for performance. For more details, read https://pytorch.org/docs/stable/generated/torch.set_float32_matmul_precision.html#torch.set_float32_matmul_precision
2025-12-11 21:06:41.338108: I external/local_tsl/tsl/cuda/cudart_stub.cc:32] Could not find cuda drivers on your machine, GPU will not be used.
2025-12-11 21:06:41.373682: I tensorflow/core/platform/cpu_feature_guard.cc:210] This TensorFlow binary is optimized to use available CPU instructions in performance-critical operations.
To enable the following instructions: AVX2 FMA, in other operations, rebuild TensorFlow with the appropriate compiler flags.
2025-12-11 21:06:42.052196: W tensorflow/compiler/tf2tensorrt/utils/py_utils.cc:38] TF-TRT Warning: Could not find TensorRT
LOCAL_RANK: 0 - CUDA_VISIBLE_DEVICES: [0]

  | Name                | Type                | Params
------------------------------------------------------------
0 | crystalGraphConvNet | CrystalGraphConvNet | 87.2 K
------------------------------------------------------------
87.2 K    Trainable params
0         Non-trainable params
87.2 K    Total params
0.349     Total estimated model params size (MB)
/home/ubuntu/anaconda3/envs/pl/lib/python3.10/site-packages/lightning/pytorch/loops/fit_loop.py:298: The number of training batches (6) is smaller than the logging interval Trainer(log_every_n_steps=1000). Set a lower value for log_every_n_steps if you want to see logs for the training epoch.
Metric val_MAE improved. New best score: 1.538
Metric val_MAE improved by 1.158 >= min_delta = 0.0. New best score: 0.380
Metric val_MAE improved by 0.039 >= min_delta = 0.0. New best score: 0.340
Metric val_MAE improved by 0.024 >= min_delta = 0.0. New best score: 0.317
Metric val_MAE improved by 0.033 >= min_delta = 0.0. New best score: 0.284
Metric val_MAE improved by 0.012 >= min_delta = 0.0. New best score: 0.272
Metric val_MAE improved by 0.013 >= min_delta = 0.0. New best score: 0.259
Metric val_MAE improved by 0.005 >= min_delta = 0.0. New best score: 0.254
Metric val_MAE improved by 0.029 >= min_delta = 0.0. New best score: 0.225
Metric val_MAE improved by 0.013 >= min_delta = 0.0. New best score: 0.212
Metric val_MAE improved by 0.018 >= min_delta = 0.0. New best score: 0.194
Metric val_MAE improved by 0.000 >= min_delta = 0.0. New best score: 0.194
Metric val_MAE improved by 0.005 >= min_delta = 0.0. New best score: 0.189
Metric val_MAE improved by 0.009 >= min_delta = 0.0. New best score: 0.181
Metric val_MAE improved by 0.005 >= min_delta = 0.0. New best score: 0.175
Monitored metric val_MAE did not improve in the last 500 records. Best score: 0.175. Signaling Trainer to stop.
LOCAL_RANK: 0 - CUDA_VISIBLE_DEVICES: [0]
/home/ubuntu/anaconda3/envs/pl/lib/python3.10/site-packages/lightning/pytorch/trainer/connectors/data_connector.py:441: The 'test_dataloader' does not have many workers which may be a bottleneck. Consider increasing the value of the `num_workers` argument` to `num_workers=47` in the `DataLoader` to improve performance.
┏━━━━━━━━━━━━━━━━━━━━━━━━━━━┳━━━━━━━━━━━━━━━━━━━━━━━━━━━┓
┃        Test metric        ┃       DataLoader 0        ┃
┡━━━━━━━━━━━━━━━━━━━━━━━━━━━╇━━━━━━━━━━━━━━━━━━━━━━━━━━━┩
│         test_MAE          │    129.52413940429688     │
└───────────────────────────┴───────────────────────────┘
GPU available: True (cuda), used: True
TPU available: False, using: 0 TPU cores
IPU available: False, using: 0 IPUs
HPU available: False, using: 0 HPUs
LOCAL_RANK: 0 - CUDA_VISIBLE_DEVICES: [0]

  | Name                | Type                | Params
------------------------------------------------------------
0 | crystalGraphConvNet | CrystalGraphConvNet | 87.2 K
------------------------------------------------------------
87.2 K    Trainable params
0         Non-trainable params
87.2 K    Total params
0.349     Total estimated model params size (MB)
/home/ubuntu/anaconda3/envs/pl/lib/python3.10/site-packages/lightning/pytorch/loops/fit_loop.py:298: The number of training batches (6) is smaller than the logging interval Trainer(log_every_n_steps=1000). Set a lower value for log_every_n_steps if you want to see logs for the training epoch.
Metric val_MAE improved. New best score: 0.595
Metric val_MAE improved by 0.032 >= min_delta = 0.0. New best score: 0.563
Metric val_MAE improved by 0.103 >= min_delta = 0.0. New best score: 0.460
Metric val_MAE improved by 0.159 >= min_delta = 0.0. New best score: 0.301
Metric val_MAE improved by 0.025 >= min_delta = 0.0. New best score: 0.276
Metric val_MAE improved by 0.042 >= min_delta = 0.0. New best score: 0.233
Metric val_MAE improved by 0.018 >= min_delta = 0.0. New best score: 0.215
Metric val_MAE improved by 0.009 >= min_delta = 0.0. New best score: 0.207
Metric val_MAE improved by 0.005 >= min_delta = 0.0. New best score: 0.201
Metric val_MAE improved by 0.003 >= min_delta = 0.0. New best score: 0.199
Metric val_MAE improved by 0.001 >= min_delta = 0.0. New best score: 0.198
Metric val_MAE improved by 0.009 >= min_delta = 0.0. New best score: 0.189
Metric val_MAE improved by 0.004 >= min_delta = 0.0. New best score: 0.185
Metric val_MAE improved by 0.003 >= min_delta = 0.0. New best score: 0.182
Monitored metric val_MAE did not improve in the last 500 records. Best score: 0.182. Signaling Trainer to stop.
LOCAL_RANK: 0 - CUDA_VISIBLE_DEVICES: [0]
/home/ubuntu/anaconda3/envs/pl/lib/python3.10/site-packages/lightning/pytorch/trainer/connectors/data_connector.py:441: The 'test_dataloader' does not have many workers which may be a bottleneck. Consider increasing the value of the `num_workers` argument` to `num_workers=47` in the `DataLoader` to improve performance.
┏━━━━━━━━━━━━━━━━━━━━━━━━━━━┳━━━━━━━━━━━━━━━━━━━━━━━━━━━┓
┃        Test metric        ┃       DataLoader 0        ┃
┡━━━━━━━━━━━━━━━━━━━━━━━━━━━╇━━━━━━━━━━━━━━━━━━━━━━━━━━━┩
│         test_MAE          │      81.493408203125      │
└───────────────────────────┴───────────────────────────┘
GPU available: True (cuda), used: True
TPU available: False, using: 0 TPU cores
IPU available: False, using: 0 IPUs
HPU available: False, using: 0 HPUs
LOCAL_RANK: 0 - CUDA_VISIBLE_DEVICES: [0]

  | Name                | Type                | Params
------------------------------------------------------------
0 | crystalGraphConvNet | CrystalGraphConvNet | 87.2 K
------------------------------------------------------------
87.2 K    Trainable params
0         Non-trainable params
87.2 K    Total params
0.349     Total estimated model params size (MB)
/home/ubuntu/anaconda3/envs/pl/lib/python3.10/site-packages/lightning/pytorch/loops/fit_loop.py:298: The number of training batches (6) is smaller than the logging interval Trainer(log_every_n_steps=1000). Set a lower value for log_every_n_steps if you want to see logs for the training epoch.
Metric val_MAE improved. New best score: 0.505
Metric val_MAE improved by 0.102 >= min_delta = 0.0. New best score: 0.403
Metric val_MAE improved by 0.095 >= min_delta = 0.0. New best score: 0.309
Metric val_MAE improved by 0.014 >= min_delta = 0.0. New best score: 0.295
Metric val_MAE improved by 0.023 >= min_delta = 0.0. New best score: 0.272
Metric val_MAE improved by 0.004 >= min_delta = 0.0. New best score: 0.268
Metric val_MAE improved by 0.013 >= min_delta = 0.0. New best score: 0.254
Metric val_MAE improved by 0.035 >= min_delta = 0.0. New best score: 0.220
Metric val_MAE improved by 0.002 >= min_delta = 0.0. New best score: 0.217
Metric val_MAE improved by 0.000 >= min_delta = 0.0. New best score: 0.217
Metric val_MAE improved by 0.007 >= min_delta = 0.0. New best score: 0.210
Metric val_MAE improved by 0.009 >= min_delta = 0.0. New best score: 0.202
Metric val_MAE improved by 0.001 >= min_delta = 0.0. New best score: 0.200
Metric val_MAE improved by 0.004 >= min_delta = 0.0. New best score: 0.196
Monitored metric val_MAE did not improve in the last 500 records. Best score: 0.196. Signaling Trainer to stop.
LOCAL_RANK: 0 - CUDA_VISIBLE_DEVICES: [0]
/home/ubuntu/anaconda3/envs/pl/lib/python3.10/site-packages/lightning/pytorch/trainer/connectors/data_connector.py:441: The 'test_dataloader' does not have many workers which may be a bottleneck. Consider increasing the value of the `num_workers` argument` to `num_workers=47` in the `DataLoader` to improve performance.
┏━━━━━━━━━━━━━━━━━━━━━━━━━━━┳━━━━━━━━━━━━━━━━━━━━━━━━━━━┓
┃        Test metric        ┃       DataLoader 0        ┃
┡━━━━━━━━━━━━━━━━━━━━━━━━━━━╇━━━━━━━━━━━━━━━━━━━━━━━━━━━┩
│         test_MAE          │     98.13066101074219     │
└───────────────────────────┴───────────────────────────┘
GPU available: True (cuda), used: True
TPU available: False, using: 0 TPU cores
IPU available: False, using: 0 IPUs
HPU available: False, using: 0 HPUs
LOCAL_RANK: 0 - CUDA_VISIBLE_DEVICES: [0]

  | Name                | Type                | Params
------------------------------------------------------------
0 | crystalGraphConvNet | CrystalGraphConvNet | 87.2 K
------------------------------------------------------------
87.2 K    Trainable params
0         Non-trainable params
87.2 K    Total params
0.349     Total estimated model params size (MB)
/home/ubuntu/anaconda3/envs/pl/lib/python3.10/site-packages/lightning/pytorch/loops/fit_loop.py:298: The number of training batches (6) is smaller than the logging interval Trainer(log_every_n_steps=1000). Set a lower value for log_every_n_steps if you want to see logs for the training epoch.
Metric val_MAE improved. New best score: 0.812
Metric val_MAE improved by 0.184 >= min_delta = 0.0. New best score: 0.629
Metric val_MAE improved by 0.261 >= min_delta = 0.0. New best score: 0.368
Metric val_MAE improved by 0.016 >= min_delta = 0.0. New best score: 0.351
Metric val_MAE improved by 0.112 >= min_delta = 0.0. New best score: 0.239
Metric val_MAE improved by 0.037 >= min_delta = 0.0. New best score: 0.202
Metric val_MAE improved by 0.005 >= min_delta = 0.0. New best score: 0.198
Metric val_MAE improved by 0.001 >= min_delta = 0.0. New best score: 0.196
Metric val_MAE improved by 0.009 >= min_delta = 0.0. New best score: 0.187
Metric val_MAE improved by 0.003 >= min_delta = 0.0. New best score: 0.184
Metric val_MAE improved by 0.000 >= min_delta = 0.0. New best score: 0.184
Metric val_MAE improved by 0.006 >= min_delta = 0.0. New best score: 0.178
Metric val_MAE improved by 0.009 >= min_delta = 0.0. New best score: 0.169
Metric val_MAE improved by 0.001 >= min_delta = 0.0. New best score: 0.168
Metric val_MAE improved by 0.000 >= min_delta = 0.0. New best score: 0.168
Metric val_MAE improved by 0.000 >= min_delta = 0.0. New best score: 0.168
Metric val_MAE improved by 0.000 >= min_delta = 0.0. New best score: 0.168
Metric val_MAE improved by 0.001 >= min_delta = 0.0. New best score: 0.167
Metric val_MAE improved by 0.001 >= min_delta = 0.0. New best score: 0.166
Metric val_MAE improved by 0.001 >= min_delta = 0.0. New best score: 0.166
Monitored metric val_MAE did not improve in the last 500 records. Best score: 0.166. Signaling Trainer to stop.
LOCAL_RANK: 0 - CUDA_VISIBLE_DEVICES: [0]
/home/ubuntu/anaconda3/envs/pl/lib/python3.10/site-packages/lightning/pytorch/trainer/connectors/data_connector.py:441: The 'test_dataloader' does not have many workers which may be a bottleneck. Consider increasing the value of the `num_workers` argument` to `num_workers=47` in the `DataLoader` to improve performance.
┏━━━━━━━━━━━━━━━━━━━━━━━━━━━┳━━━━━━━━━━━━━━━━━━━━━━━━━━━┓
┃        Test metric        ┃       DataLoader 0        ┃
┡━━━━━━━━━━━━━━━━━━━━━━━━━━━╇━━━━━━━━━━━━━━━━━━━━━━━━━━━┩
│         test_MAE          │     87.86865997314453     │
└───────────────────────────┴───────────────────────────┘
GPU available: True (cuda), used: True
TPU available: False, using: 0 TPU cores
IPU available: False, using: 0 IPUs
HPU available: False, using: 0 HPUs
/home/ubuntu/anaconda3/envs/pl/lib/python3.10/site-packages/lightning/pytorch/callbacks/model_checkpoint.py:653: Checkpoint directory /home/ubuntu/cht_article/129/train_model/Emb_Feature/CGCNN/Cgcnn_matbench_phonons_fold4_dim64 exists and is not empty.
LOCAL_RANK: 0 - CUDA_VISIBLE_DEVICES: [0]

  | Name                | Type                | Params
------------------------------------------------------------
0 | crystalGraphConvNet | CrystalGraphConvNet | 87.2 K
------------------------------------------------------------
87.2 K    Trainable params
0         Non-trainable params
87.2 K    Total params
0.349     Total estimated model params size (MB)
/home/ubuntu/anaconda3/envs/pl/lib/python3.10/site-packages/lightning/pytorch/loops/fit_loop.py:298: The number of training batches (6) is smaller than the logging interval Trainer(log_every_n_steps=1000). Set a lower value for log_every_n_steps if you want to see logs for the training epoch.
Metric val_MAE improved. New best score: 0.432
Metric val_MAE improved by 0.155 >= min_delta = 0.0. New best score: 0.278
Metric val_MAE improved by 0.007 >= min_delta = 0.0. New best score: 0.270
Metric val_MAE improved by 0.008 >= min_delta = 0.0. New best score: 0.263
Metric val_MAE improved by 0.024 >= min_delta = 0.0. New best score: 0.239
Metric val_MAE improved by 0.015 >= min_delta = 0.0. New best score: 0.224
Metric val_MAE improved by 0.015 >= min_delta = 0.0. New best score: 0.209
Metric val_MAE improved by 0.018 >= min_delta = 0.0. New best score: 0.191
Metric val_MAE improved by 0.003 >= min_delta = 0.0. New best score: 0.188
Metric val_MAE improved by 0.007 >= min_delta = 0.0. New best score: 0.181
Metric val_MAE improved by 0.007 >= min_delta = 0.0. New best score: 0.174
Metric val_MAE improved by 0.011 >= min_delta = 0.0. New best score: 0.163
Metric val_MAE improved by 0.001 >= min_delta = 0.0. New best score: 0.161
Metric val_MAE improved by 0.003 >= min_delta = 0.0. New best score: 0.159
Metric val_MAE improved by 0.002 >= min_delta = 0.0. New best score: 0.157
Metric val_MAE improved by 0.004 >= min_delta = 0.0. New best score: 0.153
Metric val_MAE improved by 0.004 >= min_delta = 0.0. New best score: 0.149
Metric val_MAE improved by 0.004 >= min_delta = 0.0. New best score: 0.146
Monitored metric val_MAE did not improve in the last 500 records. Best score: 0.146. Signaling Trainer to stop.
LOCAL_RANK: 0 - CUDA_VISIBLE_DEVICES: [0]
/home/ubuntu/anaconda3/envs/pl/lib/python3.10/site-packages/lightning/pytorch/trainer/connectors/data_connector.py:441: The 'test_dataloader' does not have many workers which may be a bottleneck. Consider increasing the value of the `num_workers` argument` to `num_workers=47` in the `DataLoader` to improve performance.
┏━━━━━━━━━━━━━━━━━━━━━━━━━━━┳━━━━━━━━━━━━━━━━━━━━━━━━━━━┓
┃        Test metric        ┃       DataLoader 0        ┃
┡━━━━━━━━━━━━━━━━━━━━━━━━━━━╇━━━━━━━━━━━━━━━━━━━━━━━━━━━┩
│         test_MAE          │     90.17884826660156     │
└───────────────────────────┴───────────────────────────┘
