Seed set to 42
2025-12-11 21:06:38 INFO     Initialized benchmark 'matbench_v0.1' with 1 tasks: 
['matbench_phonons']
2025-12-11 21:06:38 INFO     Loading dataset 'matbench_phonons'...
2025-12-11 21:06:39 INFO     Dataset 'matbench_phonons loaded.
GPU available: True (cuda), used: True
TPU available: False, using: 0 TPU cores
IPU available: False, using: 0 IPUs
HPU available: False, using: 0 HPUs
You are using a CUDA device ('NVIDIA GeForce RTX 3080') that has Tensor Cores. To properly utilize them, you should set `torch.set_float32_matmul_precision('medium' | 'high')` which will trade-off precision for performance. For more details, read https://pytorch.org/docs/stable/generated/torch.set_float32_matmul_precision.html#torch.set_float32_matmul_precision
2025-12-11 21:06:41.375151: I external/local_tsl/tsl/cuda/cudart_stub.cc:32] Could not find cuda drivers on your machine, GPU will not be used.
2025-12-11 21:06:41.410617: I tensorflow/core/platform/cpu_feature_guard.cc:210] This TensorFlow binary is optimized to use available CPU instructions in performance-critical operations.
To enable the following instructions: AVX2 FMA, in other operations, rebuild TensorFlow with the appropriate compiler flags.
2025-12-11 21:06:42.100140: W tensorflow/compiler/tf2tensorrt/utils/py_utils.cc:38] TF-TRT Warning: Could not find TensorRT
LOCAL_RANK: 0 - CUDA_VISIBLE_DEVICES: [0]

  | Name                | Type                | Params
------------------------------------------------------------
0 | crystalGraphConvNet | CrystalGraphConvNet | 31.5 K
------------------------------------------------------------
31.5 K    Trainable params
0         Non-trainable params
31.5 K    Total params
0.126     Total estimated model params size (MB)
/home/ubuntu/anaconda3/envs/pl/lib/python3.10/site-packages/lightning/pytorch/loops/fit_loop.py:298: The number of training batches (6) is smaller than the logging interval Trainer(log_every_n_steps=1000). Set a lower value for log_every_n_steps if you want to see logs for the training epoch.
Metric val_MAE improved. New best score: 0.608
Metric val_MAE improved by 0.011 >= min_delta = 0.0. New best score: 0.597
Metric val_MAE improved by 0.287 >= min_delta = 0.0. New best score: 0.310
Metric val_MAE improved by 0.019 >= min_delta = 0.0. New best score: 0.291
Metric val_MAE improved by 0.043 >= min_delta = 0.0. New best score: 0.248
Metric val_MAE improved by 0.015 >= min_delta = 0.0. New best score: 0.233
Metric val_MAE improved by 0.015 >= min_delta = 0.0. New best score: 0.218
Metric val_MAE improved by 0.011 >= min_delta = 0.0. New best score: 0.207
Metric val_MAE improved by 0.007 >= min_delta = 0.0. New best score: 0.200
Metric val_MAE improved by 0.007 >= min_delta = 0.0. New best score: 0.193
Metric val_MAE improved by 0.002 >= min_delta = 0.0. New best score: 0.191
Metric val_MAE improved by 0.005 >= min_delta = 0.0. New best score: 0.186
Metric val_MAE improved by 0.004 >= min_delta = 0.0. New best score: 0.182
Metric val_MAE improved by 0.001 >= min_delta = 0.0. New best score: 0.182
Metric val_MAE improved by 0.004 >= min_delta = 0.0. New best score: 0.177
Metric val_MAE improved by 0.002 >= min_delta = 0.0. New best score: 0.176
Metric val_MAE improved by 0.004 >= min_delta = 0.0. New best score: 0.172
Metric val_MAE improved by 0.000 >= min_delta = 0.0. New best score: 0.172
Metric val_MAE improved by 0.001 >= min_delta = 0.0. New best score: 0.171
Metric val_MAE improved by 0.000 >= min_delta = 0.0. New best score: 0.171
Metric val_MAE improved by 0.000 >= min_delta = 0.0. New best score: 0.170
Metric val_MAE improved by 0.001 >= min_delta = 0.0. New best score: 0.169
Metric val_MAE improved by 0.000 >= min_delta = 0.0. New best score: 0.169
Metric val_MAE improved by 0.000 >= min_delta = 0.0. New best score: 0.169
Metric val_MAE improved by 0.001 >= min_delta = 0.0. New best score: 0.168
Metric val_MAE improved by 0.000 >= min_delta = 0.0. New best score: 0.168
Monitored metric val_MAE did not improve in the last 500 records. Best score: 0.168. Signaling Trainer to stop.
LOCAL_RANK: 0 - CUDA_VISIBLE_DEVICES: [0]
/home/ubuntu/anaconda3/envs/pl/lib/python3.10/site-packages/lightning/pytorch/trainer/connectors/data_connector.py:441: The 'test_dataloader' does not have many workers which may be a bottleneck. Consider increasing the value of the `num_workers` argument` to `num_workers=47` in the `DataLoader` to improve performance.
┏━━━━━━━━━━━━━━━━━━━━━━━━━━━┳━━━━━━━━━━━━━━━━━━━━━━━━━━━┓
┃        Test metric        ┃       DataLoader 0        ┃
┡━━━━━━━━━━━━━━━━━━━━━━━━━━━╇━━━━━━━━━━━━━━━━━━━━━━━━━━━┩
│         test_MAE          │    118.75291442871094     │
└───────────────────────────┴───────────────────────────┘
GPU available: True (cuda), used: True
TPU available: False, using: 0 TPU cores
IPU available: False, using: 0 IPUs
HPU available: False, using: 0 HPUs
/home/ubuntu/anaconda3/envs/pl/lib/python3.10/site-packages/lightning/pytorch/callbacks/model_checkpoint.py:653: Checkpoint directory /home/ubuntu/cht_article/129/train_model/Emb_Feature/CGCNN/Cgcnn_matbench_phonons_fold1_dim32 exists and is not empty.
LOCAL_RANK: 0 - CUDA_VISIBLE_DEVICES: [0]

  | Name                | Type                | Params
------------------------------------------------------------
0 | crystalGraphConvNet | CrystalGraphConvNet | 31.5 K
------------------------------------------------------------
31.5 K    Trainable params
0         Non-trainable params
31.5 K    Total params
0.126     Total estimated model params size (MB)
/home/ubuntu/anaconda3/envs/pl/lib/python3.10/site-packages/lightning/pytorch/loops/fit_loop.py:298: The number of training batches (6) is smaller than the logging interval Trainer(log_every_n_steps=1000). Set a lower value for log_every_n_steps if you want to see logs for the training epoch.
Metric val_MAE improved. New best score: 1.561
Metric val_MAE improved by 0.976 >= min_delta = 0.0. New best score: 0.584
Metric val_MAE improved by 0.134 >= min_delta = 0.0. New best score: 0.451
Metric val_MAE improved by 0.085 >= min_delta = 0.0. New best score: 0.366
Metric val_MAE improved by 0.076 >= min_delta = 0.0. New best score: 0.290
Metric val_MAE improved by 0.044 >= min_delta = 0.0. New best score: 0.246
Metric val_MAE improved by 0.022 >= min_delta = 0.0. New best score: 0.224
Metric val_MAE improved by 0.013 >= min_delta = 0.0. New best score: 0.211
Metric val_MAE improved by 0.003 >= min_delta = 0.0. New best score: 0.208
Metric val_MAE improved by 0.009 >= min_delta = 0.0. New best score: 0.199
Metric val_MAE improved by 0.006 >= min_delta = 0.0. New best score: 0.193
Metric val_MAE improved by 0.011 >= min_delta = 0.0. New best score: 0.183
Metric val_MAE improved by 0.001 >= min_delta = 0.0. New best score: 0.182
Metric val_MAE improved by 0.006 >= min_delta = 0.0. New best score: 0.176
Metric val_MAE improved by 0.007 >= min_delta = 0.0. New best score: 0.169
Metric val_MAE improved by 0.004 >= min_delta = 0.0. New best score: 0.165
Metric val_MAE improved by 0.001 >= min_delta = 0.0. New best score: 0.165
Metric val_MAE improved by 0.000 >= min_delta = 0.0. New best score: 0.165
Metric val_MAE improved by 0.000 >= min_delta = 0.0. New best score: 0.164
Metric val_MAE improved by 0.000 >= min_delta = 0.0. New best score: 0.164
Metric val_MAE improved by 0.000 >= min_delta = 0.0. New best score: 0.163
Metric val_MAE improved by 0.000 >= min_delta = 0.0. New best score: 0.163
Metric val_MAE improved by 0.000 >= min_delta = 0.0. New best score: 0.163
Metric val_MAE improved by 0.001 >= min_delta = 0.0. New best score: 0.162
Metric val_MAE improved by 0.000 >= min_delta = 0.0. New best score: 0.162
Metric val_MAE improved by 0.001 >= min_delta = 0.0. New best score: 0.161
Metric val_MAE improved by 0.000 >= min_delta = 0.0. New best score: 0.160
Metric val_MAE improved by 0.000 >= min_delta = 0.0. New best score: 0.160
Metric val_MAE improved by 0.000 >= min_delta = 0.0. New best score: 0.160
Metric val_MAE improved by 0.000 >= min_delta = 0.0. New best score: 0.160
Metric val_MAE improved by 0.001 >= min_delta = 0.0. New best score: 0.158
Metric val_MAE improved by 0.000 >= min_delta = 0.0. New best score: 0.158
Metric val_MAE improved by 0.000 >= min_delta = 0.0. New best score: 0.158
Monitored metric val_MAE did not improve in the last 500 records. Best score: 0.158. Signaling Trainer to stop.
LOCAL_RANK: 0 - CUDA_VISIBLE_DEVICES: [0]
/home/ubuntu/anaconda3/envs/pl/lib/python3.10/site-packages/lightning/pytorch/trainer/connectors/data_connector.py:441: The 'test_dataloader' does not have many workers which may be a bottleneck. Consider increasing the value of the `num_workers` argument` to `num_workers=47` in the `DataLoader` to improve performance.
┏━━━━━━━━━━━━━━━━━━━━━━━━━━━┳━━━━━━━━━━━━━━━━━━━━━━━━━━━┓
┃        Test metric        ┃       DataLoader 0        ┃
┡━━━━━━━━━━━━━━━━━━━━━━━━━━━╇━━━━━━━━━━━━━━━━━━━━━━━━━━━┩
│         test_MAE          │     73.70304870605469     │
└───────────────────────────┴───────────────────────────┘
GPU available: True (cuda), used: True
TPU available: False, using: 0 TPU cores
IPU available: False, using: 0 IPUs
HPU available: False, using: 0 HPUs
/home/ubuntu/anaconda3/envs/pl/lib/python3.10/site-packages/lightning/pytorch/callbacks/model_checkpoint.py:653: Checkpoint directory /home/ubuntu/cht_article/129/train_model/Emb_Feature/CGCNN/Cgcnn_matbench_phonons_fold2_dim32 exists and is not empty.
LOCAL_RANK: 0 - CUDA_VISIBLE_DEVICES: [0]

  | Name                | Type                | Params
------------------------------------------------------------
0 | crystalGraphConvNet | CrystalGraphConvNet | 31.5 K
------------------------------------------------------------
31.5 K    Trainable params
0         Non-trainable params
31.5 K    Total params
0.126     Total estimated model params size (MB)
/home/ubuntu/anaconda3/envs/pl/lib/python3.10/site-packages/lightning/pytorch/loops/fit_loop.py:298: The number of training batches (6) is smaller than the logging interval Trainer(log_every_n_steps=1000). Set a lower value for log_every_n_steps if you want to see logs for the training epoch.
Metric val_MAE improved. New best score: 0.853
Metric val_MAE improved by 0.155 >= min_delta = 0.0. New best score: 0.697
Metric val_MAE improved by 0.307 >= min_delta = 0.0. New best score: 0.391
Metric val_MAE improved by 0.114 >= min_delta = 0.0. New best score: 0.276
Metric val_MAE improved by 0.035 >= min_delta = 0.0. New best score: 0.242
Metric val_MAE improved by 0.026 >= min_delta = 0.0. New best score: 0.215
Metric val_MAE improved by 0.007 >= min_delta = 0.0. New best score: 0.209
Metric val_MAE improved by 0.009 >= min_delta = 0.0. New best score: 0.200
Metric val_MAE improved by 0.007 >= min_delta = 0.0. New best score: 0.193
Metric val_MAE improved by 0.004 >= min_delta = 0.0. New best score: 0.189
Metric val_MAE improved by 0.001 >= min_delta = 0.0. New best score: 0.188
Metric val_MAE improved by 0.001 >= min_delta = 0.0. New best score: 0.186
Metric val_MAE improved by 0.000 >= min_delta = 0.0. New best score: 0.186
Metric val_MAE improved by 0.000 >= min_delta = 0.0. New best score: 0.186
Monitored metric val_MAE did not improve in the last 500 records. Best score: 0.186. Signaling Trainer to stop.
LOCAL_RANK: 0 - CUDA_VISIBLE_DEVICES: [0]
/home/ubuntu/anaconda3/envs/pl/lib/python3.10/site-packages/lightning/pytorch/trainer/connectors/data_connector.py:441: The 'test_dataloader' does not have many workers which may be a bottleneck. Consider increasing the value of the `num_workers` argument` to `num_workers=47` in the `DataLoader` to improve performance.
┏━━━━━━━━━━━━━━━━━━━━━━━━━━━┳━━━━━━━━━━━━━━━━━━━━━━━━━━━┓
┃        Test metric        ┃       DataLoader 0        ┃
┡━━━━━━━━━━━━━━━━━━━━━━━━━━━╇━━━━━━━━━━━━━━━━━━━━━━━━━━━┩
│         test_MAE          │    101.98075866699219     │
└───────────────────────────┴───────────────────────────┘
GPU available: True (cuda), used: True
TPU available: False, using: 0 TPU cores
IPU available: False, using: 0 IPUs
HPU available: False, using: 0 HPUs
/home/ubuntu/anaconda3/envs/pl/lib/python3.10/site-packages/lightning/pytorch/callbacks/model_checkpoint.py:653: Checkpoint directory /home/ubuntu/cht_article/129/train_model/Emb_Feature/CGCNN/Cgcnn_matbench_phonons_fold3_dim32 exists and is not empty.
LOCAL_RANK: 0 - CUDA_VISIBLE_DEVICES: [0]

  | Name                | Type                | Params
------------------------------------------------------------
0 | crystalGraphConvNet | CrystalGraphConvNet | 31.5 K
------------------------------------------------------------
31.5 K    Trainable params
0         Non-trainable params
31.5 K    Total params
0.126     Total estimated model params size (MB)
/home/ubuntu/anaconda3/envs/pl/lib/python3.10/site-packages/lightning/pytorch/loops/fit_loop.py:298: The number of training batches (6) is smaller than the logging interval Trainer(log_every_n_steps=1000). Set a lower value for log_every_n_steps if you want to see logs for the training epoch.
Metric val_MAE improved. New best score: 1.286
Metric val_MAE improved by 0.897 >= min_delta = 0.0. New best score: 0.389
Metric val_MAE improved by 0.105 >= min_delta = 0.0. New best score: 0.284
Metric val_MAE improved by 0.029 >= min_delta = 0.0. New best score: 0.255
Metric val_MAE improved by 0.023 >= min_delta = 0.0. New best score: 0.232
Metric val_MAE improved by 0.027 >= min_delta = 0.0. New best score: 0.205
Metric val_MAE improved by 0.008 >= min_delta = 0.0. New best score: 0.197
Metric val_MAE improved by 0.016 >= min_delta = 0.0. New best score: 0.181
Metric val_MAE improved by 0.012 >= min_delta = 0.0. New best score: 0.168
Metric val_MAE improved by 0.005 >= min_delta = 0.0. New best score: 0.163
Metric val_MAE improved by 0.003 >= min_delta = 0.0. New best score: 0.159
Metric val_MAE improved by 0.004 >= min_delta = 0.0. New best score: 0.156
Metric val_MAE improved by 0.004 >= min_delta = 0.0. New best score: 0.152
Metric val_MAE improved by 0.000 >= min_delta = 0.0. New best score: 0.151
Metric val_MAE improved by 0.002 >= min_delta = 0.0. New best score: 0.149
Metric val_MAE improved by 0.003 >= min_delta = 0.0. New best score: 0.146
Metric val_MAE improved by 0.000 >= min_delta = 0.0. New best score: 0.145
Metric val_MAE improved by 0.000 >= min_delta = 0.0. New best score: 0.145
Metric val_MAE improved by 0.000 >= min_delta = 0.0. New best score: 0.145
Monitored metric val_MAE did not improve in the last 500 records. Best score: 0.145. Signaling Trainer to stop.
LOCAL_RANK: 0 - CUDA_VISIBLE_DEVICES: [0]
/home/ubuntu/anaconda3/envs/pl/lib/python3.10/site-packages/lightning/pytorch/trainer/connectors/data_connector.py:441: The 'test_dataloader' does not have many workers which may be a bottleneck. Consider increasing the value of the `num_workers` argument` to `num_workers=47` in the `DataLoader` to improve performance.
┏━━━━━━━━━━━━━━━━━━━━━━━━━━━┳━━━━━━━━━━━━━━━━━━━━━━━━━━━┓
┃        Test metric        ┃       DataLoader 0        ┃
┡━━━━━━━━━━━━━━━━━━━━━━━━━━━╇━━━━━━━━━━━━━━━━━━━━━━━━━━━┩
│         test_MAE          │     84.44139099121094     │
└───────────────────────────┴───────────────────────────┘
GPU available: True (cuda), used: True
TPU available: False, using: 0 TPU cores
IPU available: False, using: 0 IPUs
HPU available: False, using: 0 HPUs
/home/ubuntu/anaconda3/envs/pl/lib/python3.10/site-packages/lightning/pytorch/callbacks/model_checkpoint.py:653: Checkpoint directory /home/ubuntu/cht_article/129/train_model/Emb_Feature/CGCNN/Cgcnn_matbench_phonons_fold4_dim32 exists and is not empty.
LOCAL_RANK: 0 - CUDA_VISIBLE_DEVICES: [0]

  | Name                | Type                | Params
------------------------------------------------------------
0 | crystalGraphConvNet | CrystalGraphConvNet | 31.5 K
------------------------------------------------------------
31.5 K    Trainable params
0         Non-trainable params
31.5 K    Total params
0.126     Total estimated model params size (MB)
/home/ubuntu/anaconda3/envs/pl/lib/python3.10/site-packages/lightning/pytorch/loops/fit_loop.py:298: The number of training batches (6) is smaller than the logging interval Trainer(log_every_n_steps=1000). Set a lower value for log_every_n_steps if you want to see logs for the training epoch.
Metric val_MAE improved. New best score: 0.842
Metric val_MAE improved by 0.437 >= min_delta = 0.0. New best score: 0.405
Metric val_MAE improved by 0.119 >= min_delta = 0.0. New best score: 0.286
Metric val_MAE improved by 0.020 >= min_delta = 0.0. New best score: 0.266
Metric val_MAE improved by 0.000 >= min_delta = 0.0. New best score: 0.265
Metric val_MAE improved by 0.051 >= min_delta = 0.0. New best score: 0.214
Metric val_MAE improved by 0.017 >= min_delta = 0.0. New best score: 0.197
Metric val_MAE improved by 0.010 >= min_delta = 0.0. New best score: 0.187
Metric val_MAE improved by 0.005 >= min_delta = 0.0. New best score: 0.182
Metric val_MAE improved by 0.008 >= min_delta = 0.0. New best score: 0.173
Metric val_MAE improved by 0.011 >= min_delta = 0.0. New best score: 0.162
Metric val_MAE improved by 0.004 >= min_delta = 0.0. New best score: 0.158
Metric val_MAE improved by 0.005 >= min_delta = 0.0. New best score: 0.153
Metric val_MAE improved by 0.002 >= min_delta = 0.0. New best score: 0.151
Metric val_MAE improved by 0.002 >= min_delta = 0.0. New best score: 0.148
Metric val_MAE improved by 0.000 >= min_delta = 0.0. New best score: 0.148
Metric val_MAE improved by 0.006 >= min_delta = 0.0. New best score: 0.142
Metric val_MAE improved by 0.004 >= min_delta = 0.0. New best score: 0.138
Monitored metric val_MAE did not improve in the last 500 records. Best score: 0.138. Signaling Trainer to stop.
LOCAL_RANK: 0 - CUDA_VISIBLE_DEVICES: [0]
/home/ubuntu/anaconda3/envs/pl/lib/python3.10/site-packages/lightning/pytorch/trainer/connectors/data_connector.py:441: The 'test_dataloader' does not have many workers which may be a bottleneck. Consider increasing the value of the `num_workers` argument` to `num_workers=47` in the `DataLoader` to improve performance.
┏━━━━━━━━━━━━━━━━━━━━━━━━━━━┳━━━━━━━━━━━━━━━━━━━━━━━━━━━┓
┃        Test metric        ┃       DataLoader 0        ┃
┡━━━━━━━━━━━━━━━━━━━━━━━━━━━╇━━━━━━━━━━━━━━━━━━━━━━━━━━━┩
│         test_MAE          │    102.13967895507812     │
└───────────────────────────┴───────────────────────────┘
