Seed set to 42
2025-12-11 21:06:38 INFO     Initialized benchmark 'matbench_v0.1' with 1 tasks: 
['matbench_phonons']
2025-12-11 21:06:38 INFO     Loading dataset 'matbench_phonons'...
2025-12-11 21:06:38 INFO     Dataset 'matbench_phonons loaded.
GPU available: True (cuda), used: True
TPU available: False, using: 0 TPU cores
IPU available: False, using: 0 IPUs
HPU available: False, using: 0 HPUs
You are using a CUDA device ('NVIDIA GeForce RTX 3080') that has Tensor Cores. To properly utilize them, you should set `torch.set_float32_matmul_precision('medium' | 'high')` which will trade-off precision for performance. For more details, read https://pytorch.org/docs/stable/generated/torch.set_float32_matmul_precision.html#torch.set_float32_matmul_precision
2025-12-11 21:06:41.081725: I external/local_tsl/tsl/cuda/cudart_stub.cc:32] Could not find cuda drivers on your machine, GPU will not be used.
2025-12-11 21:06:41.116128: I tensorflow/core/platform/cpu_feature_guard.cc:210] This TensorFlow binary is optimized to use available CPU instructions in performance-critical operations.
To enable the following instructions: AVX2 FMA, in other operations, rebuild TensorFlow with the appropriate compiler flags.
2025-12-11 21:06:41.802878: W tensorflow/compiler/tf2tensorrt/utils/py_utils.cc:38] TF-TRT Warning: Could not find TensorRT
LOCAL_RANK: 0 - CUDA_VISIBLE_DEVICES: [0]

  | Name                | Type                | Params
------------------------------------------------------------
0 | crystalGraphConvNet | CrystalGraphConvNet | 5.8 K 
------------------------------------------------------------
5.8 K     Trainable params
0         Non-trainable params
5.8 K     Total params
0.023     Total estimated model params size (MB)
/home/ubuntu/anaconda3/envs/pl/lib/python3.10/site-packages/lightning/pytorch/loops/fit_loop.py:298: The number of training batches (6) is smaller than the logging interval Trainer(log_every_n_steps=1000). Set a lower value for log_every_n_steps if you want to see logs for the training epoch.
Metric val_MAE improved. New best score: 2.321
Metric val_MAE improved by 1.367 >= min_delta = 0.0. New best score: 0.954
Metric val_MAE improved by 0.464 >= min_delta = 0.0. New best score: 0.490
Metric val_MAE improved by 0.043 >= min_delta = 0.0. New best score: 0.447
Metric val_MAE improved by 0.102 >= min_delta = 0.0. New best score: 0.346
Metric val_MAE improved by 0.032 >= min_delta = 0.0. New best score: 0.313
Metric val_MAE improved by 0.005 >= min_delta = 0.0. New best score: 0.308
Metric val_MAE improved by 0.024 >= min_delta = 0.0. New best score: 0.284
Metric val_MAE improved by 0.081 >= min_delta = 0.0. New best score: 0.203
Metric val_MAE improved by 0.001 >= min_delta = 0.0. New best score: 0.202
Metric val_MAE improved by 0.010 >= min_delta = 0.0. New best score: 0.192
Metric val_MAE improved by 0.015 >= min_delta = 0.0. New best score: 0.177
Metric val_MAE improved by 0.007 >= min_delta = 0.0. New best score: 0.170
Metric val_MAE improved by 0.001 >= min_delta = 0.0. New best score: 0.169
Metric val_MAE improved by 0.016 >= min_delta = 0.0. New best score: 0.153
Metric val_MAE improved by 0.002 >= min_delta = 0.0. New best score: 0.150
Metric val_MAE improved by 0.002 >= min_delta = 0.0. New best score: 0.148
Metric val_MAE improved by 0.007 >= min_delta = 0.0. New best score: 0.141
Metric val_MAE improved by 0.001 >= min_delta = 0.0. New best score: 0.140
Metric val_MAE improved by 0.005 >= min_delta = 0.0. New best score: 0.134
Metric val_MAE improved by 0.001 >= min_delta = 0.0. New best score: 0.133
Metric val_MAE improved by 0.000 >= min_delta = 0.0. New best score: 0.132
Metric val_MAE improved by 0.000 >= min_delta = 0.0. New best score: 0.132
Metric val_MAE improved by 0.002 >= min_delta = 0.0. New best score: 0.130
Metric val_MAE improved by 0.003 >= min_delta = 0.0. New best score: 0.126
Metric val_MAE improved by 0.001 >= min_delta = 0.0. New best score: 0.125
Metric val_MAE improved by 0.001 >= min_delta = 0.0. New best score: 0.124
Metric val_MAE improved by 0.001 >= min_delta = 0.0. New best score: 0.123
Metric val_MAE improved by 0.001 >= min_delta = 0.0. New best score: 0.122
Metric val_MAE improved by 0.000 >= min_delta = 0.0. New best score: 0.122
Metric val_MAE improved by 0.001 >= min_delta = 0.0. New best score: 0.121
Metric val_MAE improved by 0.001 >= min_delta = 0.0. New best score: 0.120
Metric val_MAE improved by 0.000 >= min_delta = 0.0. New best score: 0.120
Metric val_MAE improved by 0.000 >= min_delta = 0.0. New best score: 0.120
Metric val_MAE improved by 0.000 >= min_delta = 0.0. New best score: 0.120
Metric val_MAE improved by 0.001 >= min_delta = 0.0. New best score: 0.119
Metric val_MAE improved by 0.000 >= min_delta = 0.0. New best score: 0.119
Metric val_MAE improved by 0.001 >= min_delta = 0.0. New best score: 0.118
Metric val_MAE improved by 0.000 >= min_delta = 0.0. New best score: 0.118
Metric val_MAE improved by 0.000 >= min_delta = 0.0. New best score: 0.118
Metric val_MAE improved by 0.000 >= min_delta = 0.0. New best score: 0.118
Metric val_MAE improved by 0.000 >= min_delta = 0.0. New best score: 0.117
Metric val_MAE improved by 0.000 >= min_delta = 0.0. New best score: 0.117
Metric val_MAE improved by 0.000 >= min_delta = 0.0. New best score: 0.117
Metric val_MAE improved by 0.000 >= min_delta = 0.0. New best score: 0.116
Metric val_MAE improved by 0.000 >= min_delta = 0.0. New best score: 0.116
Metric val_MAE improved by 0.000 >= min_delta = 0.0. New best score: 0.116
Metric val_MAE improved by 0.000 >= min_delta = 0.0. New best score: 0.116
Metric val_MAE improved by 0.000 >= min_delta = 0.0. New best score: 0.116
Metric val_MAE improved by 0.000 >= min_delta = 0.0. New best score: 0.115
Metric val_MAE improved by 0.000 >= min_delta = 0.0. New best score: 0.115
Metric val_MAE improved by 0.000 >= min_delta = 0.0. New best score: 0.115
Metric val_MAE improved by 0.000 >= min_delta = 0.0. New best score: 0.115
Metric val_MAE improved by 0.001 >= min_delta = 0.0. New best score: 0.114
Metric val_MAE improved by 0.000 >= min_delta = 0.0. New best score: 0.114
Metric val_MAE improved by 0.000 >= min_delta = 0.0. New best score: 0.114
Metric val_MAE improved by 0.000 >= min_delta = 0.0. New best score: 0.114
Metric val_MAE improved by 0.001 >= min_delta = 0.0. New best score: 0.113
Metric val_MAE improved by 0.000 >= min_delta = 0.0. New best score: 0.113
Metric val_MAE improved by 0.000 >= min_delta = 0.0. New best score: 0.112
Metric val_MAE improved by 0.000 >= min_delta = 0.0. New best score: 0.112
Metric val_MAE improved by 0.000 >= min_delta = 0.0. New best score: 0.112
Metric val_MAE improved by 0.000 >= min_delta = 0.0. New best score: 0.111
Metric val_MAE improved by 0.000 >= min_delta = 0.0. New best score: 0.111
Metric val_MAE improved by 0.000 >= min_delta = 0.0. New best score: 0.111
Metric val_MAE improved by 0.001 >= min_delta = 0.0. New best score: 0.110
Metric val_MAE improved by 0.000 >= min_delta = 0.0. New best score: 0.110
Metric val_MAE improved by 0.000 >= min_delta = 0.0. New best score: 0.110
Metric val_MAE improved by 0.001 >= min_delta = 0.0. New best score: 0.110
Metric val_MAE improved by 0.001 >= min_delta = 0.0. New best score: 0.109
Metric val_MAE improved by 0.000 >= min_delta = 0.0. New best score: 0.109
Metric val_MAE improved by 0.000 >= min_delta = 0.0. New best score: 0.108
Metric val_MAE improved by 0.000 >= min_delta = 0.0. New best score: 0.108
Metric val_MAE improved by 0.000 >= min_delta = 0.0. New best score: 0.108
Metric val_MAE improved by 0.000 >= min_delta = 0.0. New best score: 0.108
Metric val_MAE improved by 0.000 >= min_delta = 0.0. New best score: 0.108
Metric val_MAE improved by 0.000 >= min_delta = 0.0. New best score: 0.108
Metric val_MAE improved by 0.000 >= min_delta = 0.0. New best score: 0.108
Metric val_MAE improved by 0.000 >= min_delta = 0.0. New best score: 0.107
Metric val_MAE improved by 0.000 >= min_delta = 0.0. New best score: 0.107
Monitored metric val_MAE did not improve in the last 500 records. Best score: 0.107. Signaling Trainer to stop.
LOCAL_RANK: 0 - CUDA_VISIBLE_DEVICES: [0]
/home/ubuntu/anaconda3/envs/pl/lib/python3.10/site-packages/lightning/pytorch/trainer/connectors/data_connector.py:441: The 'test_dataloader' does not have many workers which may be a bottleneck. Consider increasing the value of the `num_workers` argument` to `num_workers=47` in the `DataLoader` to improve performance.
┏━━━━━━━━━━━━━━━━━━━━━━━━━━━┳━━━━━━━━━━━━━━━━━━━━━━━━━━━┓
┃        Test metric        ┃       DataLoader 0        ┃
┡━━━━━━━━━━━━━━━━━━━━━━━━━━━╇━━━━━━━━━━━━━━━━━━━━━━━━━━━┩
│         test_MAE          │     72.20186614990234     │
└───────────────────────────┴───────────────────────────┘
GPU available: True (cuda), used: True
TPU available: False, using: 0 TPU cores
IPU available: False, using: 0 IPUs
HPU available: False, using: 0 HPUs
/home/ubuntu/anaconda3/envs/pl/lib/python3.10/site-packages/lightning/pytorch/callbacks/model_checkpoint.py:653: Checkpoint directory /home/ubuntu/cht_article/129/train_model/Emb_Feature/CGCNN/Cgcnn_matbench_phonons_fold1_dim8 exists and is not empty.
LOCAL_RANK: 0 - CUDA_VISIBLE_DEVICES: [0]

  | Name                | Type                | Params
------------------------------------------------------------
0 | crystalGraphConvNet | CrystalGraphConvNet | 5.8 K 
------------------------------------------------------------
5.8 K     Trainable params
0         Non-trainable params
5.8 K     Total params
0.023     Total estimated model params size (MB)
/home/ubuntu/anaconda3/envs/pl/lib/python3.10/site-packages/lightning/pytorch/loops/fit_loop.py:298: The number of training batches (6) is smaller than the logging interval Trainer(log_every_n_steps=1000). Set a lower value for log_every_n_steps if you want to see logs for the training epoch.
Metric val_MAE improved. New best score: 0.739
Metric val_MAE improved by 0.237 >= min_delta = 0.0. New best score: 0.502
Metric val_MAE improved by 0.029 >= min_delta = 0.0. New best score: 0.474
Metric val_MAE improved by 0.075 >= min_delta = 0.0. New best score: 0.398
Metric val_MAE improved by 0.092 >= min_delta = 0.0. New best score: 0.306
Metric val_MAE improved by 0.049 >= min_delta = 0.0. New best score: 0.258
Metric val_MAE improved by 0.032 >= min_delta = 0.0. New best score: 0.226
Metric val_MAE improved by 0.013 >= min_delta = 0.0. New best score: 0.212
Metric val_MAE improved by 0.012 >= min_delta = 0.0. New best score: 0.200
Metric val_MAE improved by 0.042 >= min_delta = 0.0. New best score: 0.158
Metric val_MAE improved by 0.004 >= min_delta = 0.0. New best score: 0.155
Metric val_MAE improved by 0.011 >= min_delta = 0.0. New best score: 0.144
Metric val_MAE improved by 0.006 >= min_delta = 0.0. New best score: 0.138
Metric val_MAE improved by 0.002 >= min_delta = 0.0. New best score: 0.136
Metric val_MAE improved by 0.007 >= min_delta = 0.0. New best score: 0.129
Metric val_MAE improved by 0.002 >= min_delta = 0.0. New best score: 0.127
Metric val_MAE improved by 0.001 >= min_delta = 0.0. New best score: 0.126
Metric val_MAE improved by 0.000 >= min_delta = 0.0. New best score: 0.125
Metric val_MAE improved by 0.002 >= min_delta = 0.0. New best score: 0.124
Metric val_MAE improved by 0.001 >= min_delta = 0.0. New best score: 0.123
Metric val_MAE improved by 0.000 >= min_delta = 0.0. New best score: 0.123
Metric val_MAE improved by 0.000 >= min_delta = 0.0. New best score: 0.123
Metric val_MAE improved by 0.000 >= min_delta = 0.0. New best score: 0.123
Metric val_MAE improved by 0.001 >= min_delta = 0.0. New best score: 0.122
Metric val_MAE improved by 0.000 >= min_delta = 0.0. New best score: 0.122
Metric val_MAE improved by 0.000 >= min_delta = 0.0. New best score: 0.122
Metric val_MAE improved by 0.000 >= min_delta = 0.0. New best score: 0.122
Metric val_MAE improved by 0.001 >= min_delta = 0.0. New best score: 0.121
Metric val_MAE improved by 0.001 >= min_delta = 0.0. New best score: 0.120
Metric val_MAE improved by 0.001 >= min_delta = 0.0. New best score: 0.120
Metric val_MAE improved by 0.001 >= min_delta = 0.0. New best score: 0.119
Metric val_MAE improved by 0.000 >= min_delta = 0.0. New best score: 0.119
Metric val_MAE improved by 0.000 >= min_delta = 0.0. New best score: 0.119
Metric val_MAE improved by 0.000 >= min_delta = 0.0. New best score: 0.119
Metric val_MAE improved by 0.000 >= min_delta = 0.0. New best score: 0.119
Metric val_MAE improved by 0.001 >= min_delta = 0.0. New best score: 0.118
Metric val_MAE improved by 0.000 >= min_delta = 0.0. New best score: 0.118
Metric val_MAE improved by 0.000 >= min_delta = 0.0. New best score: 0.118
Metric val_MAE improved by 0.000 >= min_delta = 0.0. New best score: 0.118
Metric val_MAE improved by 0.001 >= min_delta = 0.0. New best score: 0.117
Metric val_MAE improved by 0.000 >= min_delta = 0.0. New best score: 0.117
Monitored metric val_MAE did not improve in the last 500 records. Best score: 0.117. Signaling Trainer to stop.
LOCAL_RANK: 0 - CUDA_VISIBLE_DEVICES: [0]
/home/ubuntu/anaconda3/envs/pl/lib/python3.10/site-packages/lightning/pytorch/trainer/connectors/data_connector.py:441: The 'test_dataloader' does not have many workers which may be a bottleneck. Consider increasing the value of the `num_workers` argument` to `num_workers=47` in the `DataLoader` to improve performance.
┏━━━━━━━━━━━━━━━━━━━━━━━━━━━┳━━━━━━━━━━━━━━━━━━━━━━━━━━━┓
┃        Test metric        ┃       DataLoader 0        ┃
┡━━━━━━━━━━━━━━━━━━━━━━━━━━━╇━━━━━━━━━━━━━━━━━━━━━━━━━━━┩
│         test_MAE          │     60.21180725097656     │
└───────────────────────────┴───────────────────────────┘
GPU available: True (cuda), used: True
TPU available: False, using: 0 TPU cores
IPU available: False, using: 0 IPUs
HPU available: False, using: 0 HPUs
LOCAL_RANK: 0 - CUDA_VISIBLE_DEVICES: [0]

  | Name                | Type                | Params
------------------------------------------------------------
0 | crystalGraphConvNet | CrystalGraphConvNet | 5.8 K 
------------------------------------------------------------
5.8 K     Trainable params
0         Non-trainable params
5.8 K     Total params
0.023     Total estimated model params size (MB)
/home/ubuntu/anaconda3/envs/pl/lib/python3.10/site-packages/lightning/pytorch/loops/fit_loop.py:298: The number of training batches (6) is smaller than the logging interval Trainer(log_every_n_steps=1000). Set a lower value for log_every_n_steps if you want to see logs for the training epoch.
Metric val_MAE improved. New best score: 0.843
Metric val_MAE improved by 0.049 >= min_delta = 0.0. New best score: 0.794
Metric val_MAE improved by 0.318 >= min_delta = 0.0. New best score: 0.476
Metric val_MAE improved by 0.097 >= min_delta = 0.0. New best score: 0.379
Metric val_MAE improved by 0.031 >= min_delta = 0.0. New best score: 0.349
Metric val_MAE improved by 0.080 >= min_delta = 0.0. New best score: 0.268
Metric val_MAE improved by 0.040 >= min_delta = 0.0. New best score: 0.228
Metric val_MAE improved by 0.016 >= min_delta = 0.0. New best score: 0.212
Metric val_MAE improved by 0.003 >= min_delta = 0.0. New best score: 0.209
Metric val_MAE improved by 0.005 >= min_delta = 0.0. New best score: 0.204
Metric val_MAE improved by 0.029 >= min_delta = 0.0. New best score: 0.175
Metric val_MAE improved by 0.003 >= min_delta = 0.0. New best score: 0.173
Metric val_MAE improved by 0.004 >= min_delta = 0.0. New best score: 0.168
Metric val_MAE improved by 0.001 >= min_delta = 0.0. New best score: 0.167
Metric val_MAE improved by 0.008 >= min_delta = 0.0. New best score: 0.159
Metric val_MAE improved by 0.001 >= min_delta = 0.0. New best score: 0.158
Metric val_MAE improved by 0.014 >= min_delta = 0.0. New best score: 0.143
Metric val_MAE improved by 0.002 >= min_delta = 0.0. New best score: 0.141
Metric val_MAE improved by 0.001 >= min_delta = 0.0. New best score: 0.140
Metric val_MAE improved by 0.007 >= min_delta = 0.0. New best score: 0.133
Metric val_MAE improved by 0.002 >= min_delta = 0.0. New best score: 0.131
Metric val_MAE improved by 0.001 >= min_delta = 0.0. New best score: 0.130
Metric val_MAE improved by 0.000 >= min_delta = 0.0. New best score: 0.130
Metric val_MAE improved by 0.001 >= min_delta = 0.0. New best score: 0.129
Metric val_MAE improved by 0.000 >= min_delta = 0.0. New best score: 0.129
Metric val_MAE improved by 0.000 >= min_delta = 0.0. New best score: 0.129
Metric val_MAE improved by 0.001 >= min_delta = 0.0. New best score: 0.128
Metric val_MAE improved by 0.000 >= min_delta = 0.0. New best score: 0.128
Metric val_MAE improved by 0.001 >= min_delta = 0.0. New best score: 0.127
Metric val_MAE improved by 0.000 >= min_delta = 0.0. New best score: 0.127
Metric val_MAE improved by 0.001 >= min_delta = 0.0. New best score: 0.126
Metric val_MAE improved by 0.001 >= min_delta = 0.0. New best score: 0.125
Metric val_MAE improved by 0.001 >= min_delta = 0.0. New best score: 0.125
Metric val_MAE improved by 0.001 >= min_delta = 0.0. New best score: 0.124
Metric val_MAE improved by 0.001 >= min_delta = 0.0. New best score: 0.123
Metric val_MAE improved by 0.000 >= min_delta = 0.0. New best score: 0.123
Metric val_MAE improved by 0.001 >= min_delta = 0.0. New best score: 0.122
Metric val_MAE improved by 0.000 >= min_delta = 0.0. New best score: 0.122
Metric val_MAE improved by 0.000 >= min_delta = 0.0. New best score: 0.122
Metric val_MAE improved by 0.000 >= min_delta = 0.0. New best score: 0.121
Metric val_MAE improved by 0.001 >= min_delta = 0.0. New best score: 0.120
Metric val_MAE improved by 0.000 >= min_delta = 0.0. New best score: 0.120
Metric val_MAE improved by 0.000 >= min_delta = 0.0. New best score: 0.120
Metric val_MAE improved by 0.000 >= min_delta = 0.0. New best score: 0.120
Metric val_MAE improved by 0.000 >= min_delta = 0.0. New best score: 0.119
Metric val_MAE improved by 0.000 >= min_delta = 0.0. New best score: 0.119
Metric val_MAE improved by 0.000 >= min_delta = 0.0. New best score: 0.119
Metric val_MAE improved by 0.000 >= min_delta = 0.0. New best score: 0.119
Metric val_MAE improved by 0.000 >= min_delta = 0.0. New best score: 0.119
Metric val_MAE improved by 0.000 >= min_delta = 0.0. New best score: 0.118
Metric val_MAE improved by 0.001 >= min_delta = 0.0. New best score: 0.117
Metric val_MAE improved by 0.000 >= min_delta = 0.0. New best score: 0.117
Metric val_MAE improved by 0.000 >= min_delta = 0.0. New best score: 0.117
Metric val_MAE improved by 0.000 >= min_delta = 0.0. New best score: 0.116
Metric val_MAE improved by 0.000 >= min_delta = 0.0. New best score: 0.116
Metric val_MAE improved by 0.001 >= min_delta = 0.0. New best score: 0.116
Metric val_MAE improved by 0.001 >= min_delta = 0.0. New best score: 0.115
Metric val_MAE improved by 0.000 >= min_delta = 0.0. New best score: 0.115
Metric val_MAE improved by 0.000 >= min_delta = 0.0. New best score: 0.114
Metric val_MAE improved by 0.002 >= min_delta = 0.0. New best score: 0.113
Metric val_MAE improved by 0.000 >= min_delta = 0.0. New best score: 0.113
Metric val_MAE improved by 0.001 >= min_delta = 0.0. New best score: 0.112
Metric val_MAE improved by 0.001 >= min_delta = 0.0. New best score: 0.111
Metric val_MAE improved by 0.000 >= min_delta = 0.0. New best score: 0.111
Metric val_MAE improved by 0.000 >= min_delta = 0.0. New best score: 0.111
Metric val_MAE improved by 0.000 >= min_delta = 0.0. New best score: 0.111
Metric val_MAE improved by 0.000 >= min_delta = 0.0. New best score: 0.110
Metric val_MAE improved by 0.000 >= min_delta = 0.0. New best score: 0.110
Metric val_MAE improved by 0.000 >= min_delta = 0.0. New best score: 0.110
Metric val_MAE improved by 0.000 >= min_delta = 0.0. New best score: 0.109
Metric val_MAE improved by 0.000 >= min_delta = 0.0. New best score: 0.109
Metric val_MAE improved by 0.000 >= min_delta = 0.0. New best score: 0.109
Metric val_MAE improved by 0.000 >= min_delta = 0.0. New best score: 0.109
Metric val_MAE improved by 0.000 >= min_delta = 0.0. New best score: 0.108
Metric val_MAE improved by 0.000 >= min_delta = 0.0. New best score: 0.108
Metric val_MAE improved by 0.000 >= min_delta = 0.0. New best score: 0.108
Metric val_MAE improved by 0.000 >= min_delta = 0.0. New best score: 0.108
Metric val_MAE improved by 0.000 >= min_delta = 0.0. New best score: 0.108
Metric val_MAE improved by 0.000 >= min_delta = 0.0. New best score: 0.108
Metric val_MAE improved by 0.000 >= min_delta = 0.0. New best score: 0.108
Metric val_MAE improved by 0.000 >= min_delta = 0.0. New best score: 0.107
Metric val_MAE improved by 0.000 >= min_delta = 0.0. New best score: 0.107
Monitored metric val_MAE did not improve in the last 500 records. Best score: 0.107. Signaling Trainer to stop.
LOCAL_RANK: 0 - CUDA_VISIBLE_DEVICES: [0]
/home/ubuntu/anaconda3/envs/pl/lib/python3.10/site-packages/lightning/pytorch/trainer/connectors/data_connector.py:441: The 'test_dataloader' does not have many workers which may be a bottleneck. Consider increasing the value of the `num_workers` argument` to `num_workers=47` in the `DataLoader` to improve performance.
┏━━━━━━━━━━━━━━━━━━━━━━━━━━━┳━━━━━━━━━━━━━━━━━━━━━━━━━━━┓
┃        Test metric        ┃       DataLoader 0        ┃
┡━━━━━━━━━━━━━━━━━━━━━━━━━━━╇━━━━━━━━━━━━━━━━━━━━━━━━━━━┩
│         test_MAE          │    58.314002990722656     │
└───────────────────────────┴───────────────────────────┘
GPU available: True (cuda), used: True
TPU available: False, using: 0 TPU cores
IPU available: False, using: 0 IPUs
HPU available: False, using: 0 HPUs
/home/ubuntu/anaconda3/envs/pl/lib/python3.10/site-packages/lightning/pytorch/callbacks/model_checkpoint.py:653: Checkpoint directory /home/ubuntu/cht_article/129/train_model/Emb_Feature/CGCNN/Cgcnn_matbench_phonons_fold3_dim8 exists and is not empty.
LOCAL_RANK: 0 - CUDA_VISIBLE_DEVICES: [0]

  | Name                | Type                | Params
------------------------------------------------------------
0 | crystalGraphConvNet | CrystalGraphConvNet | 5.8 K 
------------------------------------------------------------
5.8 K     Trainable params
0         Non-trainable params
5.8 K     Total params
0.023     Total estimated model params size (MB)
/home/ubuntu/anaconda3/envs/pl/lib/python3.10/site-packages/lightning/pytorch/loops/fit_loop.py:298: The number of training batches (6) is smaller than the logging interval Trainer(log_every_n_steps=1000). Set a lower value for log_every_n_steps if you want to see logs for the training epoch.
Metric val_MAE improved. New best score: 1.401
Metric val_MAE improved by 0.933 >= min_delta = 0.0. New best score: 0.468
Metric val_MAE improved by 0.076 >= min_delta = 0.0. New best score: 0.392
Metric val_MAE improved by 0.033 >= min_delta = 0.0. New best score: 0.359
Metric val_MAE improved by 0.074 >= min_delta = 0.0. New best score: 0.284
Metric val_MAE improved by 0.011 >= min_delta = 0.0. New best score: 0.274
Metric val_MAE improved by 0.005 >= min_delta = 0.0. New best score: 0.268
Metric val_MAE improved by 0.048 >= min_delta = 0.0. New best score: 0.221
Metric val_MAE improved by 0.006 >= min_delta = 0.0. New best score: 0.214
Metric val_MAE improved by 0.018 >= min_delta = 0.0. New best score: 0.197
Metric val_MAE improved by 0.005 >= min_delta = 0.0. New best score: 0.191
Metric val_MAE improved by 0.017 >= min_delta = 0.0. New best score: 0.175
Metric val_MAE improved by 0.019 >= min_delta = 0.0. New best score: 0.156
Metric val_MAE improved by 0.003 >= min_delta = 0.0. New best score: 0.153
Metric val_MAE improved by 0.008 >= min_delta = 0.0. New best score: 0.146
Metric val_MAE improved by 0.001 >= min_delta = 0.0. New best score: 0.145
Metric val_MAE improved by 0.000 >= min_delta = 0.0. New best score: 0.144
Metric val_MAE improved by 0.000 >= min_delta = 0.0. New best score: 0.144
Monitored metric val_MAE did not improve in the last 500 records. Best score: 0.144. Signaling Trainer to stop.
LOCAL_RANK: 0 - CUDA_VISIBLE_DEVICES: [0]
/home/ubuntu/anaconda3/envs/pl/lib/python3.10/site-packages/lightning/pytorch/trainer/connectors/data_connector.py:441: The 'test_dataloader' does not have many workers which may be a bottleneck. Consider increasing the value of the `num_workers` argument` to `num_workers=47` in the `DataLoader` to improve performance.
┏━━━━━━━━━━━━━━━━━━━━━━━━━━━┳━━━━━━━━━━━━━━━━━━━━━━━━━━━┓
┃        Test metric        ┃       DataLoader 0        ┃
┡━━━━━━━━━━━━━━━━━━━━━━━━━━━╇━━━━━━━━━━━━━━━━━━━━━━━━━━━┩
│         test_MAE          │      67.219970703125      │
└───────────────────────────┴───────────────────────────┘
GPU available: True (cuda), used: True
TPU available: False, using: 0 TPU cores
IPU available: False, using: 0 IPUs
HPU available: False, using: 0 HPUs
/home/ubuntu/anaconda3/envs/pl/lib/python3.10/site-packages/lightning/pytorch/callbacks/model_checkpoint.py:653: Checkpoint directory /home/ubuntu/cht_article/129/train_model/Emb_Feature/CGCNN/Cgcnn_matbench_phonons_fold4_dim8 exists and is not empty.
LOCAL_RANK: 0 - CUDA_VISIBLE_DEVICES: [0]

  | Name                | Type                | Params
------------------------------------------------------------
0 | crystalGraphConvNet | CrystalGraphConvNet | 5.8 K 
------------------------------------------------------------
5.8 K     Trainable params
0         Non-trainable params
5.8 K     Total params
0.023     Total estimated model params size (MB)
/home/ubuntu/anaconda3/envs/pl/lib/python3.10/site-packages/lightning/pytorch/loops/fit_loop.py:298: The number of training batches (6) is smaller than the logging interval Trainer(log_every_n_steps=1000). Set a lower value for log_every_n_steps if you want to see logs for the training epoch.
Metric val_MAE improved. New best score: 0.569
Metric val_MAE improved by 0.184 >= min_delta = 0.0. New best score: 0.385
Metric val_MAE improved by 0.062 >= min_delta = 0.0. New best score: 0.323
Metric val_MAE improved by 0.097 >= min_delta = 0.0. New best score: 0.226
Metric val_MAE improved by 0.006 >= min_delta = 0.0. New best score: 0.221
Metric val_MAE improved by 0.043 >= min_delta = 0.0. New best score: 0.178
Metric val_MAE improved by 0.016 >= min_delta = 0.0. New best score: 0.161
Metric val_MAE improved by 0.006 >= min_delta = 0.0. New best score: 0.155
Metric val_MAE improved by 0.001 >= min_delta = 0.0. New best score: 0.154
Metric val_MAE improved by 0.004 >= min_delta = 0.0. New best score: 0.150
Metric val_MAE improved by 0.017 >= min_delta = 0.0. New best score: 0.133
Metric val_MAE improved by 0.012 >= min_delta = 0.0. New best score: 0.121
Metric val_MAE improved by 0.002 >= min_delta = 0.0. New best score: 0.119
Metric val_MAE improved by 0.001 >= min_delta = 0.0. New best score: 0.118
Metric val_MAE improved by 0.001 >= min_delta = 0.0. New best score: 0.117
Metric val_MAE improved by 0.000 >= min_delta = 0.0. New best score: 0.117
Metric val_MAE improved by 0.000 >= min_delta = 0.0. New best score: 0.116
Metric val_MAE improved by 0.001 >= min_delta = 0.0. New best score: 0.116
Metric val_MAE improved by 0.000 >= min_delta = 0.0. New best score: 0.115
Metric val_MAE improved by 0.000 >= min_delta = 0.0. New best score: 0.115
Metric val_MAE improved by 0.001 >= min_delta = 0.0. New best score: 0.115
Metric val_MAE improved by 0.000 >= min_delta = 0.0. New best score: 0.114
Metric val_MAE improved by 0.000 >= min_delta = 0.0. New best score: 0.114
Metric val_MAE improved by 0.002 >= min_delta = 0.0. New best score: 0.112
Metric val_MAE improved by 0.000 >= min_delta = 0.0. New best score: 0.112
Metric val_MAE improved by 0.000 >= min_delta = 0.0. New best score: 0.112
Metric val_MAE improved by 0.001 >= min_delta = 0.0. New best score: 0.111
Metric val_MAE improved by 0.000 >= min_delta = 0.0. New best score: 0.111
Metric val_MAE improved by 0.000 >= min_delta = 0.0. New best score: 0.111
Metric val_MAE improved by 0.000 >= min_delta = 0.0. New best score: 0.111
Metric val_MAE improved by 0.000 >= min_delta = 0.0. New best score: 0.110
Metric val_MAE improved by 0.000 >= min_delta = 0.0. New best score: 0.110
Metric val_MAE improved by 0.000 >= min_delta = 0.0. New best score: 0.110
Metric val_MAE improved by 0.000 >= min_delta = 0.0. New best score: 0.109
Metric val_MAE improved by 0.000 >= min_delta = 0.0. New best score: 0.109
Metric val_MAE improved by 0.000 >= min_delta = 0.0. New best score: 0.109
Metric val_MAE improved by 0.000 >= min_delta = 0.0. New best score: 0.109
Metric val_MAE improved by 0.000 >= min_delta = 0.0. New best score: 0.109
Metric val_MAE improved by 0.000 >= min_delta = 0.0. New best score: 0.109
Metric val_MAE improved by 0.000 >= min_delta = 0.0. New best score: 0.109
Metric val_MAE improved by 0.001 >= min_delta = 0.0. New best score: 0.108
Metric val_MAE improved by 0.000 >= min_delta = 0.0. New best score: 0.108
Metric val_MAE improved by 0.000 >= min_delta = 0.0. New best score: 0.107
Metric val_MAE improved by 0.001 >= min_delta = 0.0. New best score: 0.106
Metric val_MAE improved by 0.000 >= min_delta = 0.0. New best score: 0.106
Metric val_MAE improved by 0.000 >= min_delta = 0.0. New best score: 0.106
Metric val_MAE improved by 0.000 >= min_delta = 0.0. New best score: 0.106
Metric val_MAE improved by 0.001 >= min_delta = 0.0. New best score: 0.104
Metric val_MAE improved by 0.000 >= min_delta = 0.0. New best score: 0.104
Metric val_MAE improved by 0.000 >= min_delta = 0.0. New best score: 0.104
Metric val_MAE improved by 0.000 >= min_delta = 0.0. New best score: 0.104
Metric val_MAE improved by 0.001 >= min_delta = 0.0. New best score: 0.103
Metric val_MAE improved by 0.000 >= min_delta = 0.0. New best score: 0.103
Metric val_MAE improved by 0.000 >= min_delta = 0.0. New best score: 0.103
Metric val_MAE improved by 0.000 >= min_delta = 0.0. New best score: 0.103
Metric val_MAE improved by 0.001 >= min_delta = 0.0. New best score: 0.102
Metric val_MAE improved by 0.000 >= min_delta = 0.0. New best score: 0.102
Metric val_MAE improved by 0.000 >= min_delta = 0.0. New best score: 0.102
Metric val_MAE improved by 0.001 >= min_delta = 0.0. New best score: 0.102
Metric val_MAE improved by 0.000 >= min_delta = 0.0. New best score: 0.101
Metric val_MAE improved by 0.000 >= min_delta = 0.0. New best score: 0.101
Metric val_MAE improved by 0.000 >= min_delta = 0.0. New best score: 0.101
Metric val_MAE improved by 0.000 >= min_delta = 0.0. New best score: 0.101
Metric val_MAE improved by 0.001 >= min_delta = 0.0. New best score: 0.100
Metric val_MAE improved by 0.000 >= min_delta = 0.0. New best score: 0.100
Metric val_MAE improved by 0.002 >= min_delta = 0.0. New best score: 0.098
Monitored metric val_MAE did not improve in the last 500 records. Best score: 0.098. Signaling Trainer to stop.
LOCAL_RANK: 0 - CUDA_VISIBLE_DEVICES: [0]
/home/ubuntu/anaconda3/envs/pl/lib/python3.10/site-packages/lightning/pytorch/trainer/connectors/data_connector.py:441: The 'test_dataloader' does not have many workers which may be a bottleneck. Consider increasing the value of the `num_workers` argument` to `num_workers=47` in the `DataLoader` to improve performance.
┏━━━━━━━━━━━━━━━━━━━━━━━━━━━┳━━━━━━━━━━━━━━━━━━━━━━━━━━━┓
┃        Test metric        ┃       DataLoader 0        ┃
┡━━━━━━━━━━━━━━━━━━━━━━━━━━━╇━━━━━━━━━━━━━━━━━━━━━━━━━━━┩
│         test_MAE          │     65.55630493164062     │
└───────────────────────────┴───────────────────────────┘
