Seed set to 42
2025-12-11 21:06:38 INFO     Initialized benchmark 'matbench_v0.1' with 1 tasks: 
['matbench_phonons']
2025-12-11 21:06:38 INFO     Loading dataset 'matbench_phonons'...
2025-12-11 21:06:38 INFO     Dataset 'matbench_phonons loaded.
GPU available: True (cuda), used: True
TPU available: False, using: 0 TPU cores
IPU available: False, using: 0 IPUs
HPU available: False, using: 0 HPUs
You are using a CUDA device ('NVIDIA GeForce RTX 3080') that has Tensor Cores. To properly utilize them, you should set `torch.set_float32_matmul_precision('medium' | 'high')` which will trade-off precision for performance. For more details, read https://pytorch.org/docs/stable/generated/torch.set_float32_matmul_precision.html#torch.set_float32_matmul_precision
2025-12-11 21:06:40.988983: I external/local_tsl/tsl/cuda/cudart_stub.cc:32] Could not find cuda drivers on your machine, GPU will not be used.
2025-12-11 21:06:41.022831: I tensorflow/core/platform/cpu_feature_guard.cc:210] This TensorFlow binary is optimized to use available CPU instructions in performance-critical operations.
To enable the following instructions: AVX2 FMA, in other operations, rebuild TensorFlow with the appropriate compiler flags.
2025-12-11 21:06:41.682619: W tensorflow/compiler/tf2tensorrt/utils/py_utils.cc:38] TF-TRT Warning: Could not find TensorRT
LOCAL_RANK: 0 - CUDA_VISIBLE_DEVICES: [0]

  | Name                | Type                | Params
------------------------------------------------------------
0 | crystalGraphConvNet | CrystalGraphConvNet | 5.8 K 
------------------------------------------------------------
5.8 K     Trainable params
0         Non-trainable params
5.8 K     Total params
0.023     Total estimated model params size (MB)
/home/ubuntu/anaconda3/envs/pl/lib/python3.10/site-packages/lightning/pytorch/loops/fit_loop.py:298: The number of training batches (6) is smaller than the logging interval Trainer(log_every_n_steps=1000). Set a lower value for log_every_n_steps if you want to see logs for the training epoch.
Metric val_MAE improved. New best score: 2.350
Metric val_MAE improved by 1.827 >= min_delta = 0.0. New best score: 0.523
Metric val_MAE improved by 0.060 >= min_delta = 0.0. New best score: 0.463
Metric val_MAE improved by 0.023 >= min_delta = 0.0. New best score: 0.440
Metric val_MAE improved by 0.059 >= min_delta = 0.0. New best score: 0.381
Metric val_MAE improved by 0.032 >= min_delta = 0.0. New best score: 0.350
Metric val_MAE improved by 0.020 >= min_delta = 0.0. New best score: 0.329
Metric val_MAE improved by 0.042 >= min_delta = 0.0. New best score: 0.287
Metric val_MAE improved by 0.024 >= min_delta = 0.0. New best score: 0.263
Metric val_MAE improved by 0.016 >= min_delta = 0.0. New best score: 0.247
Metric val_MAE improved by 0.016 >= min_delta = 0.0. New best score: 0.231
Metric val_MAE improved by 0.014 >= min_delta = 0.0. New best score: 0.217
Metric val_MAE improved by 0.006 >= min_delta = 0.0. New best score: 0.210
Metric val_MAE improved by 0.004 >= min_delta = 0.0. New best score: 0.207
Metric val_MAE improved by 0.009 >= min_delta = 0.0. New best score: 0.198
Metric val_MAE improved by 0.005 >= min_delta = 0.0. New best score: 0.193
Metric val_MAE improved by 0.002 >= min_delta = 0.0. New best score: 0.191
Metric val_MAE improved by 0.002 >= min_delta = 0.0. New best score: 0.189
Metric val_MAE improved by 0.004 >= min_delta = 0.0. New best score: 0.185
Metric val_MAE improved by 0.001 >= min_delta = 0.0. New best score: 0.183
Metric val_MAE improved by 0.012 >= min_delta = 0.0. New best score: 0.171
Metric val_MAE improved by 0.000 >= min_delta = 0.0. New best score: 0.171
Metric val_MAE improved by 0.001 >= min_delta = 0.0. New best score: 0.170
Metric val_MAE improved by 0.000 >= min_delta = 0.0. New best score: 0.170
Metric val_MAE improved by 0.001 >= min_delta = 0.0. New best score: 0.169
Metric val_MAE improved by 0.000 >= min_delta = 0.0. New best score: 0.169
Metric val_MAE improved by 0.000 >= min_delta = 0.0. New best score: 0.168
Metric val_MAE improved by 0.000 >= min_delta = 0.0. New best score: 0.168
Metric val_MAE improved by 0.001 >= min_delta = 0.0. New best score: 0.168
Metric val_MAE improved by 0.000 >= min_delta = 0.0. New best score: 0.167
Metric val_MAE improved by 0.000 >= min_delta = 0.0. New best score: 0.167
Metric val_MAE improved by 0.001 >= min_delta = 0.0. New best score: 0.167
Metric val_MAE improved by 0.000 >= min_delta = 0.0. New best score: 0.167
Metric val_MAE improved by 0.000 >= min_delta = 0.0. New best score: 0.166
Metric val_MAE improved by 0.001 >= min_delta = 0.0. New best score: 0.165
Metric val_MAE improved by 0.000 >= min_delta = 0.0. New best score: 0.165
Metric val_MAE improved by 0.000 >= min_delta = 0.0. New best score: 0.165
Metric val_MAE improved by 0.001 >= min_delta = 0.0. New best score: 0.165
Metric val_MAE improved by 0.000 >= min_delta = 0.0. New best score: 0.164
Metric val_MAE improved by 0.000 >= min_delta = 0.0. New best score: 0.164
Metric val_MAE improved by 0.001 >= min_delta = 0.0. New best score: 0.164
Metric val_MAE improved by 0.000 >= min_delta = 0.0. New best score: 0.163
Metric val_MAE improved by 0.000 >= min_delta = 0.0. New best score: 0.163
Metric val_MAE improved by 0.000 >= min_delta = 0.0. New best score: 0.163
Metric val_MAE improved by 0.000 >= min_delta = 0.0. New best score: 0.163
Metric val_MAE improved by 0.000 >= min_delta = 0.0. New best score: 0.163
Metric val_MAE improved by 0.000 >= min_delta = 0.0. New best score: 0.163
Metric val_MAE improved by 0.000 >= min_delta = 0.0. New best score: 0.162
Metric val_MAE improved by 0.000 >= min_delta = 0.0. New best score: 0.162
Metric val_MAE improved by 0.000 >= min_delta = 0.0. New best score: 0.162
Metric val_MAE improved by 0.000 >= min_delta = 0.0. New best score: 0.161
Metric val_MAE improved by 0.000 >= min_delta = 0.0. New best score: 0.161
Metric val_MAE improved by 0.000 >= min_delta = 0.0. New best score: 0.161
Metric val_MAE improved by 0.000 >= min_delta = 0.0. New best score: 0.161
Metric val_MAE improved by 0.000 >= min_delta = 0.0. New best score: 0.161
Metric val_MAE improved by 0.000 >= min_delta = 0.0. New best score: 0.161
Metric val_MAE improved by 0.000 >= min_delta = 0.0. New best score: 0.161
Metric val_MAE improved by 0.000 >= min_delta = 0.0. New best score: 0.160
Metric val_MAE improved by 0.000 >= min_delta = 0.0. New best score: 0.160
Metric val_MAE improved by 0.000 >= min_delta = 0.0. New best score: 0.160
Metric val_MAE improved by 0.001 >= min_delta = 0.0. New best score: 0.160
Metric val_MAE improved by 0.000 >= min_delta = 0.0. New best score: 0.160
Metric val_MAE improved by 0.000 >= min_delta = 0.0. New best score: 0.159
Metric val_MAE improved by 0.000 >= min_delta = 0.0. New best score: 0.159
Metric val_MAE improved by 0.000 >= min_delta = 0.0. New best score: 0.159
Metric val_MAE improved by 0.000 >= min_delta = 0.0. New best score: 0.159
Metric val_MAE improved by 0.000 >= min_delta = 0.0. New best score: 0.159
Metric val_MAE improved by 0.001 >= min_delta = 0.0. New best score: 0.158
Metric val_MAE improved by 0.000 >= min_delta = 0.0. New best score: 0.158
Metric val_MAE improved by 0.000 >= min_delta = 0.0. New best score: 0.158
Metric val_MAE improved by 0.000 >= min_delta = 0.0. New best score: 0.158
Metric val_MAE improved by 0.001 >= min_delta = 0.0. New best score: 0.157
Metric val_MAE improved by 0.000 >= min_delta = 0.0. New best score: 0.157
Metric val_MAE improved by 0.001 >= min_delta = 0.0. New best score: 0.156
Metric val_MAE improved by 0.000 >= min_delta = 0.0. New best score: 0.156
Metric val_MAE improved by 0.000 >= min_delta = 0.0. New best score: 0.156
Metric val_MAE improved by 0.001 >= min_delta = 0.0. New best score: 0.155
Metric val_MAE improved by 0.000 >= min_delta = 0.0. New best score: 0.155
Metric val_MAE improved by 0.000 >= min_delta = 0.0. New best score: 0.155
Metric val_MAE improved by 0.000 >= min_delta = 0.0. New best score: 0.154
Metric val_MAE improved by 0.000 >= min_delta = 0.0. New best score: 0.154
Metric val_MAE improved by 0.001 >= min_delta = 0.0. New best score: 0.153
Metric val_MAE improved by 0.001 >= min_delta = 0.0. New best score: 0.152
Metric val_MAE improved by 0.000 >= min_delta = 0.0. New best score: 0.152
Metric val_MAE improved by 0.001 >= min_delta = 0.0. New best score: 0.152
Metric val_MAE improved by 0.000 >= min_delta = 0.0. New best score: 0.151
Metric val_MAE improved by 0.000 >= min_delta = 0.0. New best score: 0.151
Metric val_MAE improved by 0.001 >= min_delta = 0.0. New best score: 0.151
Metric val_MAE improved by 0.000 >= min_delta = 0.0. New best score: 0.150
Metric val_MAE improved by 0.001 >= min_delta = 0.0. New best score: 0.149
Metric val_MAE improved by 0.000 >= min_delta = 0.0. New best score: 0.149
Metric val_MAE improved by 0.001 >= min_delta = 0.0. New best score: 0.148
Metric val_MAE improved by 0.000 >= min_delta = 0.0. New best score: 0.148
Metric val_MAE improved by 0.000 >= min_delta = 0.0. New best score: 0.148
Metric val_MAE improved by 0.000 >= min_delta = 0.0. New best score: 0.148
Metric val_MAE improved by 0.001 >= min_delta = 0.0. New best score: 0.147
Metric val_MAE improved by 0.000 >= min_delta = 0.0. New best score: 0.147
Metric val_MAE improved by 0.000 >= min_delta = 0.0. New best score: 0.147
Metric val_MAE improved by 0.001 >= min_delta = 0.0. New best score: 0.146
Metric val_MAE improved by 0.001 >= min_delta = 0.0. New best score: 0.146
Metric val_MAE improved by 0.000 >= min_delta = 0.0. New best score: 0.146
Metric val_MAE improved by 0.000 >= min_delta = 0.0. New best score: 0.145
Metric val_MAE improved by 0.000 >= min_delta = 0.0. New best score: 0.145
Metric val_MAE improved by 0.000 >= min_delta = 0.0. New best score: 0.145
Metric val_MAE improved by 0.001 >= min_delta = 0.0. New best score: 0.144
Metric val_MAE improved by 0.000 >= min_delta = 0.0. New best score: 0.144
Metric val_MAE improved by 0.001 >= min_delta = 0.0. New best score: 0.143
Metric val_MAE improved by 0.000 >= min_delta = 0.0. New best score: 0.143
Metric val_MAE improved by 0.000 >= min_delta = 0.0. New best score: 0.143
Metric val_MAE improved by 0.000 >= min_delta = 0.0. New best score: 0.142
Metric val_MAE improved by 0.000 >= min_delta = 0.0. New best score: 0.142
Metric val_MAE improved by 0.001 >= min_delta = 0.0. New best score: 0.141
Metric val_MAE improved by 0.000 >= min_delta = 0.0. New best score: 0.141
Monitored metric val_MAE did not improve in the last 500 records. Best score: 0.141. Signaling Trainer to stop.
LOCAL_RANK: 0 - CUDA_VISIBLE_DEVICES: [0]
/home/ubuntu/anaconda3/envs/pl/lib/python3.10/site-packages/lightning/pytorch/trainer/connectors/data_connector.py:441: The 'test_dataloader' does not have many workers which may be a bottleneck. Consider increasing the value of the `num_workers` argument` to `num_workers=47` in the `DataLoader` to improve performance.
┏━━━━━━━━━━━━━━━━━━━━━━━━━━━┳━━━━━━━━━━━━━━━━━━━━━━━━━━━┓
┃        Test metric        ┃       DataLoader 0        ┃
┡━━━━━━━━━━━━━━━━━━━━━━━━━━━╇━━━━━━━━━━━━━━━━━━━━━━━━━━━┩
│         test_MAE          │     94.26058959960938     │
└───────────────────────────┴───────────────────────────┘
GPU available: True (cuda), used: True
TPU available: False, using: 0 TPU cores
IPU available: False, using: 0 IPUs
HPU available: False, using: 0 HPUs
/home/ubuntu/anaconda3/envs/pl/lib/python3.10/site-packages/lightning/pytorch/callbacks/model_checkpoint.py:653: Checkpoint directory /home/ubuntu/cht_article/129/train_model/Emb_Feature/CGCNN/Cgcnn_matbench_phonons_fold1_dim8 exists and is not empty.
LOCAL_RANK: 0 - CUDA_VISIBLE_DEVICES: [0]

  | Name                | Type                | Params
------------------------------------------------------------
0 | crystalGraphConvNet | CrystalGraphConvNet | 5.8 K 
------------------------------------------------------------
5.8 K     Trainable params
0         Non-trainable params
5.8 K     Total params
0.023     Total estimated model params size (MB)
/home/ubuntu/anaconda3/envs/pl/lib/python3.10/site-packages/lightning/pytorch/loops/fit_loop.py:298: The number of training batches (6) is smaller than the logging interval Trainer(log_every_n_steps=1000). Set a lower value for log_every_n_steps if you want to see logs for the training epoch.
Metric val_MAE improved. New best score: 0.631
Metric val_MAE improved by 0.203 >= min_delta = 0.0. New best score: 0.427
Metric val_MAE improved by 0.087 >= min_delta = 0.0. New best score: 0.340
Metric val_MAE improved by 0.023 >= min_delta = 0.0. New best score: 0.317
Metric val_MAE improved by 0.036 >= min_delta = 0.0. New best score: 0.282
Metric val_MAE improved by 0.014 >= min_delta = 0.0. New best score: 0.268
Metric val_MAE improved by 0.009 >= min_delta = 0.0. New best score: 0.259
Metric val_MAE improved by 0.032 >= min_delta = 0.0. New best score: 0.227
Metric val_MAE improved by 0.008 >= min_delta = 0.0. New best score: 0.219
Metric val_MAE improved by 0.028 >= min_delta = 0.0. New best score: 0.191
Metric val_MAE improved by 0.002 >= min_delta = 0.0. New best score: 0.190
Metric val_MAE improved by 0.010 >= min_delta = 0.0. New best score: 0.180
Metric val_MAE improved by 0.001 >= min_delta = 0.0. New best score: 0.179
Metric val_MAE improved by 0.001 >= min_delta = 0.0. New best score: 0.178
Metric val_MAE improved by 0.001 >= min_delta = 0.0. New best score: 0.177
Metric val_MAE improved by 0.000 >= min_delta = 0.0. New best score: 0.177
Metric val_MAE improved by 0.000 >= min_delta = 0.0. New best score: 0.177
Metric val_MAE improved by 0.001 >= min_delta = 0.0. New best score: 0.175
Metric val_MAE improved by 0.001 >= min_delta = 0.0. New best score: 0.175
Metric val_MAE improved by 0.002 >= min_delta = 0.0. New best score: 0.173
Metric val_MAE improved by 0.001 >= min_delta = 0.0. New best score: 0.172
Metric val_MAE improved by 0.001 >= min_delta = 0.0. New best score: 0.171
Metric val_MAE improved by 0.000 >= min_delta = 0.0. New best score: 0.171
Metric val_MAE improved by 0.000 >= min_delta = 0.0. New best score: 0.171
Metric val_MAE improved by 0.000 >= min_delta = 0.0. New best score: 0.171
Metric val_MAE improved by 0.001 >= min_delta = 0.0. New best score: 0.170
Metric val_MAE improved by 0.000 >= min_delta = 0.0. New best score: 0.170
Metric val_MAE improved by 0.000 >= min_delta = 0.0. New best score: 0.170
Metric val_MAE improved by 0.000 >= min_delta = 0.0. New best score: 0.170
Metric val_MAE improved by 0.001 >= min_delta = 0.0. New best score: 0.169
Metric val_MAE improved by 0.001 >= min_delta = 0.0. New best score: 0.168
Metric val_MAE improved by 0.000 >= min_delta = 0.0. New best score: 0.168
Metric val_MAE improved by 0.001 >= min_delta = 0.0. New best score: 0.167
Metric val_MAE improved by 0.000 >= min_delta = 0.0. New best score: 0.167
Metric val_MAE improved by 0.000 >= min_delta = 0.0. New best score: 0.166
Metric val_MAE improved by 0.002 >= min_delta = 0.0. New best score: 0.164
Monitored metric val_MAE did not improve in the last 500 records. Best score: 0.164. Signaling Trainer to stop.
LOCAL_RANK: 0 - CUDA_VISIBLE_DEVICES: [0]
/home/ubuntu/anaconda3/envs/pl/lib/python3.10/site-packages/lightning/pytorch/trainer/connectors/data_connector.py:441: The 'test_dataloader' does not have many workers which may be a bottleneck. Consider increasing the value of the `num_workers` argument` to `num_workers=47` in the `DataLoader` to improve performance.
┏━━━━━━━━━━━━━━━━━━━━━━━━━━━┳━━━━━━━━━━━━━━━━━━━━━━━━━━━┓
┃        Test metric        ┃       DataLoader 0        ┃
┡━━━━━━━━━━━━━━━━━━━━━━━━━━━╇━━━━━━━━━━━━━━━━━━━━━━━━━━━┩
│         test_MAE          │     79.39303588867188     │
└───────────────────────────┴───────────────────────────┘
GPU available: True (cuda), used: True
TPU available: False, using: 0 TPU cores
IPU available: False, using: 0 IPUs
HPU available: False, using: 0 HPUs
/home/ubuntu/anaconda3/envs/pl/lib/python3.10/site-packages/lightning/pytorch/callbacks/model_checkpoint.py:653: Checkpoint directory /home/ubuntu/cht_article/129/train_model/Emb_Feature/CGCNN/Cgcnn_matbench_phonons_fold2_dim8 exists and is not empty.
LOCAL_RANK: 0 - CUDA_VISIBLE_DEVICES: [0]

  | Name                | Type                | Params
------------------------------------------------------------
0 | crystalGraphConvNet | CrystalGraphConvNet | 5.8 K 
------------------------------------------------------------
5.8 K     Trainable params
0         Non-trainable params
5.8 K     Total params
0.023     Total estimated model params size (MB)
/home/ubuntu/anaconda3/envs/pl/lib/python3.10/site-packages/lightning/pytorch/loops/fit_loop.py:298: The number of training batches (6) is smaller than the logging interval Trainer(log_every_n_steps=1000). Set a lower value for log_every_n_steps if you want to see logs for the training epoch.
Metric val_MAE improved. New best score: 1.141
Metric val_MAE improved by 0.521 >= min_delta = 0.0. New best score: 0.620
Metric val_MAE improved by 0.120 >= min_delta = 0.0. New best score: 0.501
Metric val_MAE improved by 0.035 >= min_delta = 0.0. New best score: 0.465
Metric val_MAE improved by 0.089 >= min_delta = 0.0. New best score: 0.376
Metric val_MAE improved by 0.033 >= min_delta = 0.0. New best score: 0.343
Metric val_MAE improved by 0.007 >= min_delta = 0.0. New best score: 0.336
Metric val_MAE improved by 0.073 >= min_delta = 0.0. New best score: 0.262
Metric val_MAE improved by 0.006 >= min_delta = 0.0. New best score: 0.256
Metric val_MAE improved by 0.003 >= min_delta = 0.0. New best score: 0.253
Metric val_MAE improved by 0.026 >= min_delta = 0.0. New best score: 0.228
Metric val_MAE improved by 0.008 >= min_delta = 0.0. New best score: 0.220
Metric val_MAE improved by 0.006 >= min_delta = 0.0. New best score: 0.214
Metric val_MAE improved by 0.011 >= min_delta = 0.0. New best score: 0.203
Metric val_MAE improved by 0.000 >= min_delta = 0.0. New best score: 0.203
Metric val_MAE improved by 0.000 >= min_delta = 0.0. New best score: 0.203
Metric val_MAE improved by 0.010 >= min_delta = 0.0. New best score: 0.193
Metric val_MAE improved by 0.000 >= min_delta = 0.0. New best score: 0.193
Metric val_MAE improved by 0.001 >= min_delta = 0.0. New best score: 0.192
Metric val_MAE improved by 0.000 >= min_delta = 0.0. New best score: 0.192
Metric val_MAE improved by 0.002 >= min_delta = 0.0. New best score: 0.189
Metric val_MAE improved by 0.000 >= min_delta = 0.0. New best score: 0.189
Metric val_MAE improved by 0.001 >= min_delta = 0.0. New best score: 0.188
Metric val_MAE improved by 0.000 >= min_delta = 0.0. New best score: 0.188
Metric val_MAE improved by 0.000 >= min_delta = 0.0. New best score: 0.188
Metric val_MAE improved by 0.001 >= min_delta = 0.0. New best score: 0.188
Metric val_MAE improved by 0.002 >= min_delta = 0.0. New best score: 0.186
Metric val_MAE improved by 0.000 >= min_delta = 0.0. New best score: 0.186
Metric val_MAE improved by 0.000 >= min_delta = 0.0. New best score: 0.185
Metric val_MAE improved by 0.000 >= min_delta = 0.0. New best score: 0.185
Metric val_MAE improved by 0.000 >= min_delta = 0.0. New best score: 0.185
Metric val_MAE improved by 0.001 >= min_delta = 0.0. New best score: 0.184
Metric val_MAE improved by 0.001 >= min_delta = 0.0. New best score: 0.184
Metric val_MAE improved by 0.001 >= min_delta = 0.0. New best score: 0.183
Metric val_MAE improved by 0.000 >= min_delta = 0.0. New best score: 0.183
Metric val_MAE improved by 0.000 >= min_delta = 0.0. New best score: 0.183
Metric val_MAE improved by 0.000 >= min_delta = 0.0. New best score: 0.182
Metric val_MAE improved by 0.000 >= min_delta = 0.0. New best score: 0.182
Metric val_MAE improved by 0.001 >= min_delta = 0.0. New best score: 0.181
Metric val_MAE improved by 0.001 >= min_delta = 0.0. New best score: 0.180
Metric val_MAE improved by 0.001 >= min_delta = 0.0. New best score: 0.179
Metric val_MAE improved by 0.000 >= min_delta = 0.0. New best score: 0.179
Metric val_MAE improved by 0.000 >= min_delta = 0.0. New best score: 0.179
Metric val_MAE improved by 0.000 >= min_delta = 0.0. New best score: 0.179
Metric val_MAE improved by 0.001 >= min_delta = 0.0. New best score: 0.178
Metric val_MAE improved by 0.000 >= min_delta = 0.0. New best score: 0.178
Metric val_MAE improved by 0.000 >= min_delta = 0.0. New best score: 0.177
Metric val_MAE improved by 0.001 >= min_delta = 0.0. New best score: 0.177
Metric val_MAE improved by 0.000 >= min_delta = 0.0. New best score: 0.176
Metric val_MAE improved by 0.000 >= min_delta = 0.0. New best score: 0.176
Metric val_MAE improved by 0.000 >= min_delta = 0.0. New best score: 0.176
Metric val_MAE improved by 0.000 >= min_delta = 0.0. New best score: 0.176
Metric val_MAE improved by 0.000 >= min_delta = 0.0. New best score: 0.176
Metric val_MAE improved by 0.001 >= min_delta = 0.0. New best score: 0.175
Metric val_MAE improved by 0.000 >= min_delta = 0.0. New best score: 0.175
Metric val_MAE improved by 0.000 >= min_delta = 0.0. New best score: 0.175
Metric val_MAE improved by 0.000 >= min_delta = 0.0. New best score: 0.174
Metric val_MAE improved by 0.000 >= min_delta = 0.0. New best score: 0.174
Metric val_MAE improved by 0.000 >= min_delta = 0.0. New best score: 0.174
Metric val_MAE improved by 0.000 >= min_delta = 0.0. New best score: 0.174
Metric val_MAE improved by 0.000 >= min_delta = 0.0. New best score: 0.173
Metric val_MAE improved by 0.001 >= min_delta = 0.0. New best score: 0.172
Metric val_MAE improved by 0.000 >= min_delta = 0.0. New best score: 0.172
Metric val_MAE improved by 0.000 >= min_delta = 0.0. New best score: 0.172
Metric val_MAE improved by 0.001 >= min_delta = 0.0. New best score: 0.170
Metric val_MAE improved by 0.001 >= min_delta = 0.0. New best score: 0.169
Metric val_MAE improved by 0.000 >= min_delta = 0.0. New best score: 0.169
Metric val_MAE improved by 0.002 >= min_delta = 0.0. New best score: 0.167
Metric val_MAE improved by 0.001 >= min_delta = 0.0. New best score: 0.166
Metric val_MAE improved by 0.000 >= min_delta = 0.0. New best score: 0.166
Metric val_MAE improved by 0.001 >= min_delta = 0.0. New best score: 0.165
Metric val_MAE improved by 0.000 >= min_delta = 0.0. New best score: 0.165
Metric val_MAE improved by 0.000 >= min_delta = 0.0. New best score: 0.164
Metric val_MAE improved by 0.002 >= min_delta = 0.0. New best score: 0.162
Metric val_MAE improved by 0.000 >= min_delta = 0.0. New best score: 0.162
Metric val_MAE improved by 0.000 >= min_delta = 0.0. New best score: 0.162
Metric val_MAE improved by 0.000 >= min_delta = 0.0. New best score: 0.161
Metric val_MAE improved by 0.000 >= min_delta = 0.0. New best score: 0.161
Metric val_MAE improved by 0.000 >= min_delta = 0.0. New best score: 0.161
Metric val_MAE improved by 0.000 >= min_delta = 0.0. New best score: 0.161
Metric val_MAE improved by 0.001 >= min_delta = 0.0. New best score: 0.160
Metric val_MAE improved by 0.000 >= min_delta = 0.0. New best score: 0.160
Metric val_MAE improved by 0.000 >= min_delta = 0.0. New best score: 0.160
Metric val_MAE improved by 0.000 >= min_delta = 0.0. New best score: 0.160
Metric val_MAE improved by 0.000 >= min_delta = 0.0. New best score: 0.160
Metric val_MAE improved by 0.000 >= min_delta = 0.0. New best score: 0.159
Metric val_MAE improved by 0.001 >= min_delta = 0.0. New best score: 0.158
Metric val_MAE improved by 0.001 >= min_delta = 0.0. New best score: 0.158
Metric val_MAE improved by 0.000 >= min_delta = 0.0. New best score: 0.158
Metric val_MAE improved by 0.000 >= min_delta = 0.0. New best score: 0.157
Metric val_MAE improved by 0.001 >= min_delta = 0.0. New best score: 0.156
Metric val_MAE improved by 0.000 >= min_delta = 0.0. New best score: 0.156
Metric val_MAE improved by 0.000 >= min_delta = 0.0. New best score: 0.156
Metric val_MAE improved by 0.001 >= min_delta = 0.0. New best score: 0.155
Metric val_MAE improved by 0.000 >= min_delta = 0.0. New best score: 0.155
Metric val_MAE improved by 0.000 >= min_delta = 0.0. New best score: 0.155
Metric val_MAE improved by 0.000 >= min_delta = 0.0. New best score: 0.155
Metric val_MAE improved by 0.001 >= min_delta = 0.0. New best score: 0.154
Metric val_MAE improved by 0.000 >= min_delta = 0.0. New best score: 0.154
Metric val_MAE improved by 0.000 >= min_delta = 0.0. New best score: 0.154
Metric val_MAE improved by 0.000 >= min_delta = 0.0. New best score: 0.153
Metric val_MAE improved by 0.001 >= min_delta = 0.0. New best score: 0.153
Metric val_MAE improved by 0.000 >= min_delta = 0.0. New best score: 0.153
Metric val_MAE improved by 0.000 >= min_delta = 0.0. New best score: 0.152
Metric val_MAE improved by 0.000 >= min_delta = 0.0. New best score: 0.152
Metric val_MAE improved by 0.000 >= min_delta = 0.0. New best score: 0.152
Metric val_MAE improved by 0.000 >= min_delta = 0.0. New best score: 0.152
Metric val_MAE improved by 0.000 >= min_delta = 0.0. New best score: 0.152
Metric val_MAE improved by 0.001 >= min_delta = 0.0. New best score: 0.150
Metric val_MAE improved by 0.000 >= min_delta = 0.0. New best score: 0.150
Metric val_MAE improved by 0.000 >= min_delta = 0.0. New best score: 0.150
Metric val_MAE improved by 0.000 >= min_delta = 0.0. New best score: 0.150
Metric val_MAE improved by 0.000 >= min_delta = 0.0. New best score: 0.150
Metric val_MAE improved by 0.000 >= min_delta = 0.0. New best score: 0.150
Metric val_MAE improved by 0.001 >= min_delta = 0.0. New best score: 0.149
Monitored metric val_MAE did not improve in the last 500 records. Best score: 0.149. Signaling Trainer to stop.
LOCAL_RANK: 0 - CUDA_VISIBLE_DEVICES: [0]
/home/ubuntu/anaconda3/envs/pl/lib/python3.10/site-packages/lightning/pytorch/trainer/connectors/data_connector.py:441: The 'test_dataloader' does not have many workers which may be a bottleneck. Consider increasing the value of the `num_workers` argument` to `num_workers=47` in the `DataLoader` to improve performance.
┏━━━━━━━━━━━━━━━━━━━━━━━━━━━┳━━━━━━━━━━━━━━━━━━━━━━━━━━━┓
┃        Test metric        ┃       DataLoader 0        ┃
┡━━━━━━━━━━━━━━━━━━━━━━━━━━━╇━━━━━━━━━━━━━━━━━━━━━━━━━━━┩
│         test_MAE          │     84.51410675048828     │
└───────────────────────────┴───────────────────────────┘
GPU available: True (cuda), used: True
TPU available: False, using: 0 TPU cores
IPU available: False, using: 0 IPUs
HPU available: False, using: 0 HPUs
/home/ubuntu/anaconda3/envs/pl/lib/python3.10/site-packages/lightning/pytorch/callbacks/model_checkpoint.py:653: Checkpoint directory /home/ubuntu/cht_article/129/train_model/Emb_Feature/CGCNN/Cgcnn_matbench_phonons_fold3_dim8 exists and is not empty.
LOCAL_RANK: 0 - CUDA_VISIBLE_DEVICES: [0]

  | Name                | Type                | Params
------------------------------------------------------------
0 | crystalGraphConvNet | CrystalGraphConvNet | 5.8 K 
------------------------------------------------------------
5.8 K     Trainable params
0         Non-trainable params
5.8 K     Total params
0.023     Total estimated model params size (MB)
/home/ubuntu/anaconda3/envs/pl/lib/python3.10/site-packages/lightning/pytorch/loops/fit_loop.py:298: The number of training batches (6) is smaller than the logging interval Trainer(log_every_n_steps=1000). Set a lower value for log_every_n_steps if you want to see logs for the training epoch.
Metric val_MAE improved. New best score: 0.444
Metric val_MAE improved by 0.069 >= min_delta = 0.0. New best score: 0.376
Metric val_MAE improved by 0.098 >= min_delta = 0.0. New best score: 0.278
Metric val_MAE improved by 0.002 >= min_delta = 0.0. New best score: 0.275
Metric val_MAE improved by 0.002 >= min_delta = 0.0. New best score: 0.273
Metric val_MAE improved by 0.036 >= min_delta = 0.0. New best score: 0.238
Metric val_MAE improved by 0.002 >= min_delta = 0.0. New best score: 0.236
Metric val_MAE improved by 0.018 >= min_delta = 0.0. New best score: 0.218
Metric val_MAE improved by 0.013 >= min_delta = 0.0. New best score: 0.205
Metric val_MAE improved by 0.004 >= min_delta = 0.0. New best score: 0.201
Metric val_MAE improved by 0.001 >= min_delta = 0.0. New best score: 0.200
Metric val_MAE improved by 0.002 >= min_delta = 0.0. New best score: 0.198
Metric val_MAE improved by 0.004 >= min_delta = 0.0. New best score: 0.194
Metric val_MAE improved by 0.017 >= min_delta = 0.0. New best score: 0.177
Metric val_MAE improved by 0.000 >= min_delta = 0.0. New best score: 0.176
Metric val_MAE improved by 0.002 >= min_delta = 0.0. New best score: 0.174
Metric val_MAE improved by 0.004 >= min_delta = 0.0. New best score: 0.170
Metric val_MAE improved by 0.008 >= min_delta = 0.0. New best score: 0.162
Metric val_MAE improved by 0.001 >= min_delta = 0.0. New best score: 0.161
Metric val_MAE improved by 0.001 >= min_delta = 0.0. New best score: 0.160
Metric val_MAE improved by 0.001 >= min_delta = 0.0. New best score: 0.159
Metric val_MAE improved by 0.000 >= min_delta = 0.0. New best score: 0.159
Metric val_MAE improved by 0.000 >= min_delta = 0.0. New best score: 0.159
Metric val_MAE improved by 0.000 >= min_delta = 0.0. New best score: 0.159
Metric val_MAE improved by 0.000 >= min_delta = 0.0. New best score: 0.158
Metric val_MAE improved by 0.000 >= min_delta = 0.0. New best score: 0.158
Metric val_MAE improved by 0.001 >= min_delta = 0.0. New best score: 0.158
Metric val_MAE improved by 0.000 >= min_delta = 0.0. New best score: 0.157
Metric val_MAE improved by 0.001 >= min_delta = 0.0. New best score: 0.157
Metric val_MAE improved by 0.000 >= min_delta = 0.0. New best score: 0.157
Metric val_MAE improved by 0.000 >= min_delta = 0.0. New best score: 0.157
Metric val_MAE improved by 0.000 >= min_delta = 0.0. New best score: 0.156
Metric val_MAE improved by 0.000 >= min_delta = 0.0. New best score: 0.156
Metric val_MAE improved by 0.000 >= min_delta = 0.0. New best score: 0.156
Metric val_MAE improved by 0.000 >= min_delta = 0.0. New best score: 0.156
Metric val_MAE improved by 0.000 >= min_delta = 0.0. New best score: 0.155
Metric val_MAE improved by 0.000 >= min_delta = 0.0. New best score: 0.155
Metric val_MAE improved by 0.000 >= min_delta = 0.0. New best score: 0.155
Metric val_MAE improved by 0.001 >= min_delta = 0.0. New best score: 0.154
Metric val_MAE improved by 0.000 >= min_delta = 0.0. New best score: 0.154
Metric val_MAE improved by 0.000 >= min_delta = 0.0. New best score: 0.154
Metric val_MAE improved by 0.001 >= min_delta = 0.0. New best score: 0.153
Metric val_MAE improved by 0.000 >= min_delta = 0.0. New best score: 0.152
Metric val_MAE improved by 0.001 >= min_delta = 0.0. New best score: 0.152
Metric val_MAE improved by 0.000 >= min_delta = 0.0. New best score: 0.152
Metric val_MAE improved by 0.000 >= min_delta = 0.0. New best score: 0.152
Metric val_MAE improved by 0.000 >= min_delta = 0.0. New best score: 0.152
Metric val_MAE improved by 0.000 >= min_delta = 0.0. New best score: 0.151
Metric val_MAE improved by 0.000 >= min_delta = 0.0. New best score: 0.151
Metric val_MAE improved by 0.000 >= min_delta = 0.0. New best score: 0.151
Metric val_MAE improved by 0.000 >= min_delta = 0.0. New best score: 0.151
Metric val_MAE improved by 0.000 >= min_delta = 0.0. New best score: 0.151
Metric val_MAE improved by 0.000 >= min_delta = 0.0. New best score: 0.151
Metric val_MAE improved by 0.000 >= min_delta = 0.0. New best score: 0.150
Metric val_MAE improved by 0.000 >= min_delta = 0.0. New best score: 0.150
Metric val_MAE improved by 0.000 >= min_delta = 0.0. New best score: 0.150
Metric val_MAE improved by 0.000 >= min_delta = 0.0. New best score: 0.149
Metric val_MAE improved by 0.000 >= min_delta = 0.0. New best score: 0.149
Metric val_MAE improved by 0.000 >= min_delta = 0.0. New best score: 0.149
Metric val_MAE improved by 0.000 >= min_delta = 0.0. New best score: 0.149
Metric val_MAE improved by 0.000 >= min_delta = 0.0. New best score: 0.149
Metric val_MAE improved by 0.000 >= min_delta = 0.0. New best score: 0.148
Metric val_MAE improved by 0.001 >= min_delta = 0.0. New best score: 0.147
Metric val_MAE improved by 0.001 >= min_delta = 0.0. New best score: 0.147
Metric val_MAE improved by 0.000 >= min_delta = 0.0. New best score: 0.146
Metric val_MAE improved by 0.000 >= min_delta = 0.0. New best score: 0.146
Metric val_MAE improved by 0.000 >= min_delta = 0.0. New best score: 0.146
Metric val_MAE improved by 0.000 >= min_delta = 0.0. New best score: 0.146
Metric val_MAE improved by 0.000 >= min_delta = 0.0. New best score: 0.146
Metric val_MAE improved by 0.000 >= min_delta = 0.0. New best score: 0.145
Metric val_MAE improved by 0.000 >= min_delta = 0.0. New best score: 0.145
Metric val_MAE improved by 0.001 >= min_delta = 0.0. New best score: 0.145
Metric val_MAE improved by 0.000 >= min_delta = 0.0. New best score: 0.144
Metric val_MAE improved by 0.000 >= min_delta = 0.0. New best score: 0.144
Metric val_MAE improved by 0.000 >= min_delta = 0.0. New best score: 0.144
Metric val_MAE improved by 0.000 >= min_delta = 0.0. New best score: 0.144
Metric val_MAE improved by 0.000 >= min_delta = 0.0. New best score: 0.144
Metric val_MAE improved by 0.000 >= min_delta = 0.0. New best score: 0.144
Metric val_MAE improved by 0.000 >= min_delta = 0.0. New best score: 0.144
Metric val_MAE improved by 0.000 >= min_delta = 0.0. New best score: 0.144
Metric val_MAE improved by 0.000 >= min_delta = 0.0. New best score: 0.143
Metric val_MAE improved by 0.000 >= min_delta = 0.0. New best score: 0.143
Metric val_MAE improved by 0.000 >= min_delta = 0.0. New best score: 0.143
Metric val_MAE improved by 0.001 >= min_delta = 0.0. New best score: 0.142
Metric val_MAE improved by 0.000 >= min_delta = 0.0. New best score: 0.142
Metric val_MAE improved by 0.000 >= min_delta = 0.0. New best score: 0.142
Metric val_MAE improved by 0.000 >= min_delta = 0.0. New best score: 0.142
Metric val_MAE improved by 0.000 >= min_delta = 0.0. New best score: 0.141
Metric val_MAE improved by 0.000 >= min_delta = 0.0. New best score: 0.141
Metric val_MAE improved by 0.000 >= min_delta = 0.0. New best score: 0.141
Metric val_MAE improved by 0.000 >= min_delta = 0.0. New best score: 0.141
Metric val_MAE improved by 0.001 >= min_delta = 0.0. New best score: 0.140
Metric val_MAE improved by 0.000 >= min_delta = 0.0. New best score: 0.140
Metric val_MAE improved by 0.000 >= min_delta = 0.0. New best score: 0.140
Metric val_MAE improved by 0.000 >= min_delta = 0.0. New best score: 0.140
Metric val_MAE improved by 0.001 >= min_delta = 0.0. New best score: 0.139
Metric val_MAE improved by 0.000 >= min_delta = 0.0. New best score: 0.139
Metric val_MAE improved by 0.000 >= min_delta = 0.0. New best score: 0.139
Metric val_MAE improved by 0.001 >= min_delta = 0.0. New best score: 0.138
Metric val_MAE improved by 0.001 >= min_delta = 0.0. New best score: 0.137
Metric val_MAE improved by 0.000 >= min_delta = 0.0. New best score: 0.137
Metric val_MAE improved by 0.000 >= min_delta = 0.0. New best score: 0.137
Metric val_MAE improved by 0.000 >= min_delta = 0.0. New best score: 0.137
Monitored metric val_MAE did not improve in the last 500 records. Best score: 0.137. Signaling Trainer to stop.
LOCAL_RANK: 0 - CUDA_VISIBLE_DEVICES: [0]
/home/ubuntu/anaconda3/envs/pl/lib/python3.10/site-packages/lightning/pytorch/trainer/connectors/data_connector.py:441: The 'test_dataloader' does not have many workers which may be a bottleneck. Consider increasing the value of the `num_workers` argument` to `num_workers=47` in the `DataLoader` to improve performance.
┏━━━━━━━━━━━━━━━━━━━━━━━━━━━┳━━━━━━━━━━━━━━━━━━━━━━━━━━━┓
┃        Test metric        ┃       DataLoader 0        ┃
┡━━━━━━━━━━━━━━━━━━━━━━━━━━━╇━━━━━━━━━━━━━━━━━━━━━━━━━━━┩
│         test_MAE          │     87.94293212890625     │
└───────────────────────────┴───────────────────────────┘
GPU available: True (cuda), used: True
TPU available: False, using: 0 TPU cores
IPU available: False, using: 0 IPUs
HPU available: False, using: 0 HPUs
/home/ubuntu/anaconda3/envs/pl/lib/python3.10/site-packages/lightning/pytorch/callbacks/model_checkpoint.py:653: Checkpoint directory /home/ubuntu/cht_article/129/train_model/Emb_Feature/CGCNN/Cgcnn_matbench_phonons_fold4_dim8 exists and is not empty.
LOCAL_RANK: 0 - CUDA_VISIBLE_DEVICES: [0]

  | Name                | Type                | Params
------------------------------------------------------------
0 | crystalGraphConvNet | CrystalGraphConvNet | 5.8 K 
------------------------------------------------------------
5.8 K     Trainable params
0         Non-trainable params
5.8 K     Total params
0.023     Total estimated model params size (MB)
/home/ubuntu/anaconda3/envs/pl/lib/python3.10/site-packages/lightning/pytorch/loops/fit_loop.py:298: The number of training batches (6) is smaller than the logging interval Trainer(log_every_n_steps=1000). Set a lower value for log_every_n_steps if you want to see logs for the training epoch.
Metric val_MAE improved. New best score: 3.089
Metric val_MAE improved by 2.104 >= min_delta = 0.0. New best score: 0.985
Metric val_MAE improved by 0.401 >= min_delta = 0.0. New best score: 0.584
Metric val_MAE improved by 0.278 >= min_delta = 0.0. New best score: 0.305
Metric val_MAE improved by 0.017 >= min_delta = 0.0. New best score: 0.288
Metric val_MAE improved by 0.036 >= min_delta = 0.0. New best score: 0.252
Metric val_MAE improved by 0.020 >= min_delta = 0.0. New best score: 0.232
Metric val_MAE improved by 0.004 >= min_delta = 0.0. New best score: 0.228
Metric val_MAE improved by 0.030 >= min_delta = 0.0. New best score: 0.197
Metric val_MAE improved by 0.002 >= min_delta = 0.0. New best score: 0.196
Metric val_MAE improved by 0.003 >= min_delta = 0.0. New best score: 0.193
Metric val_MAE improved by 0.009 >= min_delta = 0.0. New best score: 0.183
Metric val_MAE improved by 0.001 >= min_delta = 0.0. New best score: 0.182
Metric val_MAE improved by 0.010 >= min_delta = 0.0. New best score: 0.172
Metric val_MAE improved by 0.000 >= min_delta = 0.0. New best score: 0.172
Metric val_MAE improved by 0.004 >= min_delta = 0.0. New best score: 0.167
Metric val_MAE improved by 0.001 >= min_delta = 0.0. New best score: 0.166
Metric val_MAE improved by 0.000 >= min_delta = 0.0. New best score: 0.166
Metric val_MAE improved by 0.004 >= min_delta = 0.0. New best score: 0.163
Metric val_MAE improved by 0.001 >= min_delta = 0.0. New best score: 0.162
Metric val_MAE improved by 0.001 >= min_delta = 0.0. New best score: 0.161
Metric val_MAE improved by 0.000 >= min_delta = 0.0. New best score: 0.161
Metric val_MAE improved by 0.000 >= min_delta = 0.0. New best score: 0.161
Metric val_MAE improved by 0.000 >= min_delta = 0.0. New best score: 0.161
Metric val_MAE improved by 0.000 >= min_delta = 0.0. New best score: 0.160
Metric val_MAE improved by 0.001 >= min_delta = 0.0. New best score: 0.159
Metric val_MAE improved by 0.000 >= min_delta = 0.0. New best score: 0.159
Metric val_MAE improved by 0.001 >= min_delta = 0.0. New best score: 0.159
Metric val_MAE improved by 0.000 >= min_delta = 0.0. New best score: 0.158
Metric val_MAE improved by 0.000 >= min_delta = 0.0. New best score: 0.158
Metric val_MAE improved by 0.001 >= min_delta = 0.0. New best score: 0.158
Metric val_MAE improved by 0.001 >= min_delta = 0.0. New best score: 0.157
Metric val_MAE improved by 0.001 >= min_delta = 0.0. New best score: 0.156
Metric val_MAE improved by 0.000 >= min_delta = 0.0. New best score: 0.156
Metric val_MAE improved by 0.001 >= min_delta = 0.0. New best score: 0.155
Metric val_MAE improved by 0.001 >= min_delta = 0.0. New best score: 0.154
Metric val_MAE improved by 0.000 >= min_delta = 0.0. New best score: 0.154
Metric val_MAE improved by 0.000 >= min_delta = 0.0. New best score: 0.154
Metric val_MAE improved by 0.001 >= min_delta = 0.0. New best score: 0.152
Metric val_MAE improved by 0.000 >= min_delta = 0.0. New best score: 0.152
Metric val_MAE improved by 0.001 >= min_delta = 0.0. New best score: 0.151
Metric val_MAE improved by 0.000 >= min_delta = 0.0. New best score: 0.151
Metric val_MAE improved by 0.000 >= min_delta = 0.0. New best score: 0.151
Metric val_MAE improved by 0.000 >= min_delta = 0.0. New best score: 0.151
Metric val_MAE improved by 0.001 >= min_delta = 0.0. New best score: 0.150
Metric val_MAE improved by 0.000 >= min_delta = 0.0. New best score: 0.149
Metric val_MAE improved by 0.001 >= min_delta = 0.0. New best score: 0.148
Metric val_MAE improved by 0.001 >= min_delta = 0.0. New best score: 0.147
Metric val_MAE improved by 0.001 >= min_delta = 0.0. New best score: 0.147
Metric val_MAE improved by 0.001 >= min_delta = 0.0. New best score: 0.146
Metric val_MAE improved by 0.001 >= min_delta = 0.0. New best score: 0.145
Metric val_MAE improved by 0.001 >= min_delta = 0.0. New best score: 0.144
Metric val_MAE improved by 0.000 >= min_delta = 0.0. New best score: 0.144
Metric val_MAE improved by 0.000 >= min_delta = 0.0. New best score: 0.144
Metric val_MAE improved by 0.000 >= min_delta = 0.0. New best score: 0.144
Metric val_MAE improved by 0.001 >= min_delta = 0.0. New best score: 0.143
Metric val_MAE improved by 0.001 >= min_delta = 0.0. New best score: 0.142
Metric val_MAE improved by 0.000 >= min_delta = 0.0. New best score: 0.142
Metric val_MAE improved by 0.000 >= min_delta = 0.0. New best score: 0.142
Metric val_MAE improved by 0.001 >= min_delta = 0.0. New best score: 0.140
Metric val_MAE improved by 0.001 >= min_delta = 0.0. New best score: 0.140
Metric val_MAE improved by 0.000 >= min_delta = 0.0. New best score: 0.139
Metric val_MAE improved by 0.000 >= min_delta = 0.0. New best score: 0.139
Metric val_MAE improved by 0.000 >= min_delta = 0.0. New best score: 0.139
Metric val_MAE improved by 0.000 >= min_delta = 0.0. New best score: 0.138
Metric val_MAE improved by 0.000 >= min_delta = 0.0. New best score: 0.138
Metric val_MAE improved by 0.000 >= min_delta = 0.0. New best score: 0.138
Metric val_MAE improved by 0.000 >= min_delta = 0.0. New best score: 0.138
Metric val_MAE improved by 0.001 >= min_delta = 0.0. New best score: 0.137
Monitored metric val_MAE did not improve in the last 500 records. Best score: 0.137. Signaling Trainer to stop.
LOCAL_RANK: 0 - CUDA_VISIBLE_DEVICES: [0]
/home/ubuntu/anaconda3/envs/pl/lib/python3.10/site-packages/lightning/pytorch/trainer/connectors/data_connector.py:441: The 'test_dataloader' does not have many workers which may be a bottleneck. Consider increasing the value of the `num_workers` argument` to `num_workers=47` in the `DataLoader` to improve performance.
┏━━━━━━━━━━━━━━━━━━━━━━━━━━━┳━━━━━━━━━━━━━━━━━━━━━━━━━━━┓
┃        Test metric        ┃       DataLoader 0        ┃
┡━━━━━━━━━━━━━━━━━━━━━━━━━━━╇━━━━━━━━━━━━━━━━━━━━━━━━━━━┩
│         test_MAE          │     84.89102172851562     │
└───────────────────────────┴───────────────────────────┘
