Seed set to 42
2025-12-11 21:06:38 INFO     Initialized benchmark 'matbench_v0.1' with 1 tasks: 
['matbench_phonons']
2025-12-11 21:06:38 INFO     Loading dataset 'matbench_phonons'...
2025-12-11 21:06:38 INFO     Dataset 'matbench_phonons loaded.
GPU available: True (cuda), used: True
TPU available: False, using: 0 TPU cores
IPU available: False, using: 0 IPUs
HPU available: False, using: 0 HPUs
You are using a CUDA device ('NVIDIA GeForce RTX 3080') that has Tensor Cores. To properly utilize them, you should set `torch.set_float32_matmul_precision('medium' | 'high')` which will trade-off precision for performance. For more details, read https://pytorch.org/docs/stable/generated/torch.set_float32_matmul_precision.html#torch.set_float32_matmul_precision
2025-12-11 21:06:41.042815: I external/local_tsl/tsl/cuda/cudart_stub.cc:32] Could not find cuda drivers on your machine, GPU will not be used.
2025-12-11 21:06:41.076740: I tensorflow/core/platform/cpu_feature_guard.cc:210] This TensorFlow binary is optimized to use available CPU instructions in performance-critical operations.
To enable the following instructions: AVX2 FMA, in other operations, rebuild TensorFlow with the appropriate compiler flags.
2025-12-11 21:06:41.766935: W tensorflow/compiler/tf2tensorrt/utils/py_utils.cc:38] TF-TRT Warning: Could not find TensorRT
LOCAL_RANK: 0 - CUDA_VISIBLE_DEVICES: [0]

  | Name                | Type                | Params
------------------------------------------------------------
0 | crystalGraphConvNet | CrystalGraphConvNet | 12.8 K
------------------------------------------------------------
12.8 K    Trainable params
0         Non-trainable params
12.8 K    Total params
0.051     Total estimated model params size (MB)
/home/ubuntu/anaconda3/envs/pl/lib/python3.10/site-packages/lightning/pytorch/loops/fit_loop.py:298: The number of training batches (6) is smaller than the logging interval Trainer(log_every_n_steps=1000). Set a lower value for log_every_n_steps if you want to see logs for the training epoch.
Metric val_MAE improved. New best score: 0.551
Metric val_MAE improved by 0.021 >= min_delta = 0.0. New best score: 0.531
Metric val_MAE improved by 0.215 >= min_delta = 0.0. New best score: 0.316
Metric val_MAE improved by 0.016 >= min_delta = 0.0. New best score: 0.300
Metric val_MAE improved by 0.014 >= min_delta = 0.0. New best score: 0.286
Metric val_MAE improved by 0.003 >= min_delta = 0.0. New best score: 0.282
Metric val_MAE improved by 0.006 >= min_delta = 0.0. New best score: 0.277
Metric val_MAE improved by 0.046 >= min_delta = 0.0. New best score: 0.230
Metric val_MAE improved by 0.002 >= min_delta = 0.0. New best score: 0.228
Metric val_MAE improved by 0.001 >= min_delta = 0.0. New best score: 0.228
Metric val_MAE improved by 0.007 >= min_delta = 0.0. New best score: 0.221
Metric val_MAE improved by 0.002 >= min_delta = 0.0. New best score: 0.218
Metric val_MAE improved by 0.002 >= min_delta = 0.0. New best score: 0.216
Metric val_MAE improved by 0.012 >= min_delta = 0.0. New best score: 0.204
Metric val_MAE improved by 0.014 >= min_delta = 0.0. New best score: 0.190
Metric val_MAE improved by 0.002 >= min_delta = 0.0. New best score: 0.188
Metric val_MAE improved by 0.003 >= min_delta = 0.0. New best score: 0.185
Metric val_MAE improved by 0.001 >= min_delta = 0.0. New best score: 0.183
Metric val_MAE improved by 0.002 >= min_delta = 0.0. New best score: 0.181
Metric val_MAE improved by 0.002 >= min_delta = 0.0. New best score: 0.180
Metric val_MAE improved by 0.001 >= min_delta = 0.0. New best score: 0.178
Metric val_MAE improved by 0.000 >= min_delta = 0.0. New best score: 0.178
Metric val_MAE improved by 0.000 >= min_delta = 0.0. New best score: 0.178
Metric val_MAE improved by 0.000 >= min_delta = 0.0. New best score: 0.178
Metric val_MAE improved by 0.001 >= min_delta = 0.0. New best score: 0.177
Metric val_MAE improved by 0.000 >= min_delta = 0.0. New best score: 0.176
Metric val_MAE improved by 0.000 >= min_delta = 0.0. New best score: 0.176
Metric val_MAE improved by 0.001 >= min_delta = 0.0. New best score: 0.175
Metric val_MAE improved by 0.000 >= min_delta = 0.0. New best score: 0.175
Metric val_MAE improved by 0.001 >= min_delta = 0.0. New best score: 0.174
Metric val_MAE improved by 0.000 >= min_delta = 0.0. New best score: 0.174
Metric val_MAE improved by 0.000 >= min_delta = 0.0. New best score: 0.174
Metric val_MAE improved by 0.000 >= min_delta = 0.0. New best score: 0.174
Metric val_MAE improved by 0.000 >= min_delta = 0.0. New best score: 0.174
Metric val_MAE improved by 0.000 >= min_delta = 0.0. New best score: 0.173
Metric val_MAE improved by 0.001 >= min_delta = 0.0. New best score: 0.172
Metric val_MAE improved by 0.000 >= min_delta = 0.0. New best score: 0.172
Metric val_MAE improved by 0.000 >= min_delta = 0.0. New best score: 0.172
Metric val_MAE improved by 0.001 >= min_delta = 0.0. New best score: 0.171
Metric val_MAE improved by 0.000 >= min_delta = 0.0. New best score: 0.171
Metric val_MAE improved by 0.001 >= min_delta = 0.0. New best score: 0.170
Metric val_MAE improved by 0.000 >= min_delta = 0.0. New best score: 0.170
Metric val_MAE improved by 0.000 >= min_delta = 0.0. New best score: 0.169
Metric val_MAE improved by 0.000 >= min_delta = 0.0. New best score: 0.169
Metric val_MAE improved by 0.001 >= min_delta = 0.0. New best score: 0.168
Metric val_MAE improved by 0.000 >= min_delta = 0.0. New best score: 0.168
Metric val_MAE improved by 0.000 >= min_delta = 0.0. New best score: 0.168
Metric val_MAE improved by 0.000 >= min_delta = 0.0. New best score: 0.167
Metric val_MAE improved by 0.000 >= min_delta = 0.0. New best score: 0.167
Metric val_MAE improved by 0.000 >= min_delta = 0.0. New best score: 0.167
Metric val_MAE improved by 0.000 >= min_delta = 0.0. New best score: 0.167
Metric val_MAE improved by 0.001 >= min_delta = 0.0. New best score: 0.166
Metric val_MAE improved by 0.000 >= min_delta = 0.0. New best score: 0.166
Metric val_MAE improved by 0.000 >= min_delta = 0.0. New best score: 0.166
Metric val_MAE improved by 0.001 >= min_delta = 0.0. New best score: 0.165
Metric val_MAE improved by 0.000 >= min_delta = 0.0. New best score: 0.165
Metric val_MAE improved by 0.000 >= min_delta = 0.0. New best score: 0.164
Metric val_MAE improved by 0.000 >= min_delta = 0.0. New best score: 0.164
Metric val_MAE improved by 0.000 >= min_delta = 0.0. New best score: 0.164
Metric val_MAE improved by 0.001 >= min_delta = 0.0. New best score: 0.164
Metric val_MAE improved by 0.000 >= min_delta = 0.0. New best score: 0.164
Metric val_MAE improved by 0.000 >= min_delta = 0.0. New best score: 0.164
Metric val_MAE improved by 0.000 >= min_delta = 0.0. New best score: 0.163
Metric val_MAE improved by 0.002 >= min_delta = 0.0. New best score: 0.162
Metric val_MAE improved by 0.002 >= min_delta = 0.0. New best score: 0.160
Metric val_MAE improved by 0.000 >= min_delta = 0.0. New best score: 0.160
Metric val_MAE improved by 0.000 >= min_delta = 0.0. New best score: 0.160
Metric val_MAE improved by 0.000 >= min_delta = 0.0. New best score: 0.160
Metric val_MAE improved by 0.001 >= min_delta = 0.0. New best score: 0.159
Metric val_MAE improved by 0.001 >= min_delta = 0.0. New best score: 0.158
Metric val_MAE improved by 0.000 >= min_delta = 0.0. New best score: 0.158
Metric val_MAE improved by 0.001 >= min_delta = 0.0. New best score: 0.157
Metric val_MAE improved by 0.000 >= min_delta = 0.0. New best score: 0.157
Metric val_MAE improved by 0.001 >= min_delta = 0.0. New best score: 0.156
Metric val_MAE improved by 0.000 >= min_delta = 0.0. New best score: 0.156
Metric val_MAE improved by 0.001 >= min_delta = 0.0. New best score: 0.154
Metric val_MAE improved by 0.000 >= min_delta = 0.0. New best score: 0.154
Metric val_MAE improved by 0.000 >= min_delta = 0.0. New best score: 0.154
Metric val_MAE improved by 0.000 >= min_delta = 0.0. New best score: 0.154
Metric val_MAE improved by 0.001 >= min_delta = 0.0. New best score: 0.153
Metric val_MAE improved by 0.000 >= min_delta = 0.0. New best score: 0.152
Metric val_MAE improved by 0.001 >= min_delta = 0.0. New best score: 0.151
Metric val_MAE improved by 0.001 >= min_delta = 0.0. New best score: 0.150
Metric val_MAE improved by 0.000 >= min_delta = 0.0. New best score: 0.150
Metric val_MAE improved by 0.000 >= min_delta = 0.0. New best score: 0.150
Metric val_MAE improved by 0.000 >= min_delta = 0.0. New best score: 0.149
Metric val_MAE improved by 0.001 >= min_delta = 0.0. New best score: 0.149
Metric val_MAE improved by 0.001 >= min_delta = 0.0. New best score: 0.148
Metric val_MAE improved by 0.000 >= min_delta = 0.0. New best score: 0.148
Metric val_MAE improved by 0.000 >= min_delta = 0.0. New best score: 0.148
Metric val_MAE improved by 0.000 >= min_delta = 0.0. New best score: 0.147
Metric val_MAE improved by 0.000 >= min_delta = 0.0. New best score: 0.147
Metric val_MAE improved by 0.000 >= min_delta = 0.0. New best score: 0.147
Metric val_MAE improved by 0.000 >= min_delta = 0.0. New best score: 0.147
Metric val_MAE improved by 0.001 >= min_delta = 0.0. New best score: 0.146
Monitored metric val_MAE did not improve in the last 500 records. Best score: 0.146. Signaling Trainer to stop.
LOCAL_RANK: 0 - CUDA_VISIBLE_DEVICES: [0]
/home/ubuntu/anaconda3/envs/pl/lib/python3.10/site-packages/lightning/pytorch/trainer/connectors/data_connector.py:441: The 'test_dataloader' does not have many workers which may be a bottleneck. Consider increasing the value of the `num_workers` argument` to `num_workers=47` in the `DataLoader` to improve performance.
┏━━━━━━━━━━━━━━━━━━━━━━━━━━━┳━━━━━━━━━━━━━━━━━━━━━━━━━━━┓
┃        Test metric        ┃       DataLoader 0        ┃
┡━━━━━━━━━━━━━━━━━━━━━━━━━━━╇━━━━━━━━━━━━━━━━━━━━━━━━━━━┩
│         test_MAE          │     118.474365234375      │
└───────────────────────────┴───────────────────────────┘
GPU available: True (cuda), used: True
TPU available: False, using: 0 TPU cores
IPU available: False, using: 0 IPUs
HPU available: False, using: 0 HPUs
/home/ubuntu/anaconda3/envs/pl/lib/python3.10/site-packages/lightning/pytorch/callbacks/model_checkpoint.py:653: Checkpoint directory /home/ubuntu/cht_article/129/train_model/Emb_Feature/CGCNN/Cgcnn_matbench_phonons_fold1_dim16 exists and is not empty.
LOCAL_RANK: 0 - CUDA_VISIBLE_DEVICES: [0]

  | Name                | Type                | Params
------------------------------------------------------------
0 | crystalGraphConvNet | CrystalGraphConvNet | 12.8 K
------------------------------------------------------------
12.8 K    Trainable params
0         Non-trainable params
12.8 K    Total params
0.051     Total estimated model params size (MB)
/home/ubuntu/anaconda3/envs/pl/lib/python3.10/site-packages/lightning/pytorch/loops/fit_loop.py:298: The number of training batches (6) is smaller than the logging interval Trainer(log_every_n_steps=1000). Set a lower value for log_every_n_steps if you want to see logs for the training epoch.
Metric val_MAE improved. New best score: 1.398
Metric val_MAE improved by 0.972 >= min_delta = 0.0. New best score: 0.426
Metric val_MAE improved by 0.126 >= min_delta = 0.0. New best score: 0.300
Metric val_MAE improved by 0.042 >= min_delta = 0.0. New best score: 0.257
Metric val_MAE improved by 0.012 >= min_delta = 0.0. New best score: 0.246
Metric val_MAE improved by 0.044 >= min_delta = 0.0. New best score: 0.201
Metric val_MAE improved by 0.002 >= min_delta = 0.0. New best score: 0.199
Metric val_MAE improved by 0.011 >= min_delta = 0.0. New best score: 0.188
Metric val_MAE improved by 0.002 >= min_delta = 0.0. New best score: 0.187
Metric val_MAE improved by 0.010 >= min_delta = 0.0. New best score: 0.177
Metric val_MAE improved by 0.000 >= min_delta = 0.0. New best score: 0.177
Metric val_MAE improved by 0.003 >= min_delta = 0.0. New best score: 0.174
Metric val_MAE improved by 0.002 >= min_delta = 0.0. New best score: 0.171
Metric val_MAE improved by 0.000 >= min_delta = 0.0. New best score: 0.171
Metric val_MAE improved by 0.000 >= min_delta = 0.0. New best score: 0.171
Metric val_MAE improved by 0.000 >= min_delta = 0.0. New best score: 0.171
Metric val_MAE improved by 0.001 >= min_delta = 0.0. New best score: 0.170
Metric val_MAE improved by 0.002 >= min_delta = 0.0. New best score: 0.168
Metric val_MAE improved by 0.001 >= min_delta = 0.0. New best score: 0.167
Metric val_MAE improved by 0.000 >= min_delta = 0.0. New best score: 0.167
Metric val_MAE improved by 0.001 >= min_delta = 0.0. New best score: 0.167
Metric val_MAE improved by 0.000 >= min_delta = 0.0. New best score: 0.166
Monitored metric val_MAE did not improve in the last 500 records. Best score: 0.166. Signaling Trainer to stop.
LOCAL_RANK: 0 - CUDA_VISIBLE_DEVICES: [0]
/home/ubuntu/anaconda3/envs/pl/lib/python3.10/site-packages/lightning/pytorch/trainer/connectors/data_connector.py:441: The 'test_dataloader' does not have many workers which may be a bottleneck. Consider increasing the value of the `num_workers` argument` to `num_workers=47` in the `DataLoader` to improve performance.
┏━━━━━━━━━━━━━━━━━━━━━━━━━━━┳━━━━━━━━━━━━━━━━━━━━━━━━━━━┓
┃        Test metric        ┃       DataLoader 0        ┃
┡━━━━━━━━━━━━━━━━━━━━━━━━━━━╇━━━━━━━━━━━━━━━━━━━━━━━━━━━┩
│         test_MAE          │     76.01844787597656     │
└───────────────────────────┴───────────────────────────┘
GPU available: True (cuda), used: True
TPU available: False, using: 0 TPU cores
IPU available: False, using: 0 IPUs
HPU available: False, using: 0 HPUs
/home/ubuntu/anaconda3/envs/pl/lib/python3.10/site-packages/lightning/pytorch/callbacks/model_checkpoint.py:653: Checkpoint directory /home/ubuntu/cht_article/129/train_model/Emb_Feature/CGCNN/Cgcnn_matbench_phonons_fold2_dim16 exists and is not empty.
LOCAL_RANK: 0 - CUDA_VISIBLE_DEVICES: [0]

  | Name                | Type                | Params
------------------------------------------------------------
0 | crystalGraphConvNet | CrystalGraphConvNet | 12.8 K
------------------------------------------------------------
12.8 K    Trainable params
0         Non-trainable params
12.8 K    Total params
0.051     Total estimated model params size (MB)
/home/ubuntu/anaconda3/envs/pl/lib/python3.10/site-packages/lightning/pytorch/loops/fit_loop.py:298: The number of training batches (6) is smaller than the logging interval Trainer(log_every_n_steps=1000). Set a lower value for log_every_n_steps if you want to see logs for the training epoch.
Metric val_MAE improved. New best score: 0.950
Metric val_MAE improved by 0.425 >= min_delta = 0.0. New best score: 0.525
Metric val_MAE improved by 0.062 >= min_delta = 0.0. New best score: 0.463
Metric val_MAE improved by 0.086 >= min_delta = 0.0. New best score: 0.378
Metric val_MAE improved by 0.107 >= min_delta = 0.0. New best score: 0.271
Metric val_MAE improved by 0.011 >= min_delta = 0.0. New best score: 0.260
Metric val_MAE improved by 0.022 >= min_delta = 0.0. New best score: 0.238
Metric val_MAE improved by 0.013 >= min_delta = 0.0. New best score: 0.226
Metric val_MAE improved by 0.000 >= min_delta = 0.0. New best score: 0.225
Metric val_MAE improved by 0.009 >= min_delta = 0.0. New best score: 0.216
Metric val_MAE improved by 0.005 >= min_delta = 0.0. New best score: 0.212
Metric val_MAE improved by 0.001 >= min_delta = 0.0. New best score: 0.211
Metric val_MAE improved by 0.000 >= min_delta = 0.0. New best score: 0.211
Metric val_MAE improved by 0.002 >= min_delta = 0.0. New best score: 0.210
Metric val_MAE improved by 0.009 >= min_delta = 0.0. New best score: 0.201
Metric val_MAE improved by 0.005 >= min_delta = 0.0. New best score: 0.196
Metric val_MAE improved by 0.002 >= min_delta = 0.0. New best score: 0.193
Metric val_MAE improved by 0.000 >= min_delta = 0.0. New best score: 0.193
Metric val_MAE improved by 0.000 >= min_delta = 0.0. New best score: 0.193
Metric val_MAE improved by 0.000 >= min_delta = 0.0. New best score: 0.192
Metric val_MAE improved by 0.000 >= min_delta = 0.0. New best score: 0.192
Metric val_MAE improved by 0.002 >= min_delta = 0.0. New best score: 0.190
Monitored metric val_MAE did not improve in the last 500 records. Best score: 0.190. Signaling Trainer to stop.
LOCAL_RANK: 0 - CUDA_VISIBLE_DEVICES: [0]
/home/ubuntu/anaconda3/envs/pl/lib/python3.10/site-packages/lightning/pytorch/trainer/connectors/data_connector.py:441: The 'test_dataloader' does not have many workers which may be a bottleneck. Consider increasing the value of the `num_workers` argument` to `num_workers=47` in the `DataLoader` to improve performance.
┏━━━━━━━━━━━━━━━━━━━━━━━━━━━┳━━━━━━━━━━━━━━━━━━━━━━━━━━━┓
┃        Test metric        ┃       DataLoader 0        ┃
┡━━━━━━━━━━━━━━━━━━━━━━━━━━━╇━━━━━━━━━━━━━━━━━━━━━━━━━━━┩
│         test_MAE          │    108.11044311523438     │
└───────────────────────────┴───────────────────────────┘
GPU available: True (cuda), used: True
TPU available: False, using: 0 TPU cores
IPU available: False, using: 0 IPUs
HPU available: False, using: 0 HPUs
/home/ubuntu/anaconda3/envs/pl/lib/python3.10/site-packages/lightning/pytorch/callbacks/model_checkpoint.py:653: Checkpoint directory /home/ubuntu/cht_article/129/train_model/Emb_Feature/CGCNN/Cgcnn_matbench_phonons_fold3_dim16 exists and is not empty.
LOCAL_RANK: 0 - CUDA_VISIBLE_DEVICES: [0]

  | Name                | Type                | Params
------------------------------------------------------------
0 | crystalGraphConvNet | CrystalGraphConvNet | 12.8 K
------------------------------------------------------------
12.8 K    Trainable params
0         Non-trainable params
12.8 K    Total params
0.051     Total estimated model params size (MB)
/home/ubuntu/anaconda3/envs/pl/lib/python3.10/site-packages/lightning/pytorch/loops/fit_loop.py:298: The number of training batches (6) is smaller than the logging interval Trainer(log_every_n_steps=1000). Set a lower value for log_every_n_steps if you want to see logs for the training epoch.
Metric val_MAE improved. New best score: 0.744
Metric val_MAE improved by 0.233 >= min_delta = 0.0. New best score: 0.511
Metric val_MAE improved by 0.028 >= min_delta = 0.0. New best score: 0.482
Metric val_MAE improved by 0.169 >= min_delta = 0.0. New best score: 0.313
Metric val_MAE improved by 0.007 >= min_delta = 0.0. New best score: 0.306
Metric val_MAE improved by 0.003 >= min_delta = 0.0. New best score: 0.303
Metric val_MAE improved by 0.041 >= min_delta = 0.0. New best score: 0.262
Metric val_MAE improved by 0.009 >= min_delta = 0.0. New best score: 0.253
Metric val_MAE improved by 0.003 >= min_delta = 0.0. New best score: 0.249
Metric val_MAE improved by 0.016 >= min_delta = 0.0. New best score: 0.233
Metric val_MAE improved by 0.011 >= min_delta = 0.0. New best score: 0.222
Metric val_MAE improved by 0.017 >= min_delta = 0.0. New best score: 0.204
Metric val_MAE improved by 0.005 >= min_delta = 0.0. New best score: 0.199
Metric val_MAE improved by 0.002 >= min_delta = 0.0. New best score: 0.197
Metric val_MAE improved by 0.010 >= min_delta = 0.0. New best score: 0.187
Metric val_MAE improved by 0.001 >= min_delta = 0.0. New best score: 0.186
Metric val_MAE improved by 0.007 >= min_delta = 0.0. New best score: 0.179
Metric val_MAE improved by 0.004 >= min_delta = 0.0. New best score: 0.175
Metric val_MAE improved by 0.007 >= min_delta = 0.0. New best score: 0.168
Metric val_MAE improved by 0.000 >= min_delta = 0.0. New best score: 0.168
Metric val_MAE improved by 0.001 >= min_delta = 0.0. New best score: 0.167
Metric val_MAE improved by 0.000 >= min_delta = 0.0. New best score: 0.166
Metric val_MAE improved by 0.001 >= min_delta = 0.0. New best score: 0.166
Metric val_MAE improved by 0.000 >= min_delta = 0.0. New best score: 0.165
Metric val_MAE improved by 0.000 >= min_delta = 0.0. New best score: 0.165
Metric val_MAE improved by 0.001 >= min_delta = 0.0. New best score: 0.164
Metric val_MAE improved by 0.000 >= min_delta = 0.0. New best score: 0.164
Metric val_MAE improved by 0.001 >= min_delta = 0.0. New best score: 0.163
Metric val_MAE improved by 0.000 >= min_delta = 0.0. New best score: 0.162
Monitored metric val_MAE did not improve in the last 500 records. Best score: 0.162. Signaling Trainer to stop.
LOCAL_RANK: 0 - CUDA_VISIBLE_DEVICES: [0]
/home/ubuntu/anaconda3/envs/pl/lib/python3.10/site-packages/lightning/pytorch/trainer/connectors/data_connector.py:441: The 'test_dataloader' does not have many workers which may be a bottleneck. Consider increasing the value of the `num_workers` argument` to `num_workers=47` in the `DataLoader` to improve performance.
┏━━━━━━━━━━━━━━━━━━━━━━━━━━━┳━━━━━━━━━━━━━━━━━━━━━━━━━━━┓
┃        Test metric        ┃       DataLoader 0        ┃
┡━━━━━━━━━━━━━━━━━━━━━━━━━━━╇━━━━━━━━━━━━━━━━━━━━━━━━━━━┩
│         test_MAE          │     92.18479919433594     │
└───────────────────────────┴───────────────────────────┘
GPU available: True (cuda), used: True
TPU available: False, using: 0 TPU cores
IPU available: False, using: 0 IPUs
HPU available: False, using: 0 HPUs
/home/ubuntu/anaconda3/envs/pl/lib/python3.10/site-packages/lightning/pytorch/callbacks/model_checkpoint.py:653: Checkpoint directory /home/ubuntu/cht_article/129/train_model/Emb_Feature/CGCNN/Cgcnn_matbench_phonons_fold4_dim16 exists and is not empty.
LOCAL_RANK: 0 - CUDA_VISIBLE_DEVICES: [0]

  | Name                | Type                | Params
------------------------------------------------------------
0 | crystalGraphConvNet | CrystalGraphConvNet | 12.8 K
------------------------------------------------------------
12.8 K    Trainable params
0         Non-trainable params
12.8 K    Total params
0.051     Total estimated model params size (MB)
/home/ubuntu/anaconda3/envs/pl/lib/python3.10/site-packages/lightning/pytorch/loops/fit_loop.py:298: The number of training batches (6) is smaller than the logging interval Trainer(log_every_n_steps=1000). Set a lower value for log_every_n_steps if you want to see logs for the training epoch.
Metric val_MAE improved. New best score: 1.150
Metric val_MAE improved by 0.676 >= min_delta = 0.0. New best score: 0.473
Metric val_MAE improved by 0.049 >= min_delta = 0.0. New best score: 0.424
Metric val_MAE improved by 0.002 >= min_delta = 0.0. New best score: 0.422
Metric val_MAE improved by 0.148 >= min_delta = 0.0. New best score: 0.273
Metric val_MAE improved by 0.053 >= min_delta = 0.0. New best score: 0.220
Metric val_MAE improved by 0.010 >= min_delta = 0.0. New best score: 0.210
Metric val_MAE improved by 0.011 >= min_delta = 0.0. New best score: 0.200
Metric val_MAE improved by 0.006 >= min_delta = 0.0. New best score: 0.194
Metric val_MAE improved by 0.003 >= min_delta = 0.0. New best score: 0.191
Metric val_MAE improved by 0.011 >= min_delta = 0.0. New best score: 0.180
Metric val_MAE improved by 0.005 >= min_delta = 0.0. New best score: 0.175
Metric val_MAE improved by 0.012 >= min_delta = 0.0. New best score: 0.163
Metric val_MAE improved by 0.000 >= min_delta = 0.0. New best score: 0.162
Metric val_MAE improved by 0.001 >= min_delta = 0.0. New best score: 0.162
Metric val_MAE improved by 0.000 >= min_delta = 0.0. New best score: 0.162
Metric val_MAE improved by 0.000 >= min_delta = 0.0. New best score: 0.162
Metric val_MAE improved by 0.001 >= min_delta = 0.0. New best score: 0.161
Metric val_MAE improved by 0.003 >= min_delta = 0.0. New best score: 0.158
Metric val_MAE improved by 0.001 >= min_delta = 0.0. New best score: 0.157
Metric val_MAE improved by 0.001 >= min_delta = 0.0. New best score: 0.156
Monitored metric val_MAE did not improve in the last 500 records. Best score: 0.156. Signaling Trainer to stop.
LOCAL_RANK: 0 - CUDA_VISIBLE_DEVICES: [0]
/home/ubuntu/anaconda3/envs/pl/lib/python3.10/site-packages/lightning/pytorch/trainer/connectors/data_connector.py:441: The 'test_dataloader' does not have many workers which may be a bottleneck. Consider increasing the value of the `num_workers` argument` to `num_workers=47` in the `DataLoader` to improve performance.
┏━━━━━━━━━━━━━━━━━━━━━━━━━━━┳━━━━━━━━━━━━━━━━━━━━━━━━━━━┓
┃        Test metric        ┃       DataLoader 0        ┃
┡━━━━━━━━━━━━━━━━━━━━━━━━━━━╇━━━━━━━━━━━━━━━━━━━━━━━━━━━┩
│         test_MAE          │     90.30375671386719     │
└───────────────────────────┴───────────────────────────┘
