Seed set to 42
2025-12-11 21:06:38 INFO     Initialized benchmark 'matbench_v0.1' with 1 tasks: 
['matbench_phonons']
2025-12-11 21:06:38 INFO     Loading dataset 'matbench_phonons'...
2025-12-11 21:06:38 INFO     Dataset 'matbench_phonons loaded.
GPU available: True (cuda), used: True
TPU available: False, using: 0 TPU cores
IPU available: False, using: 0 IPUs
HPU available: False, using: 0 HPUs
You are using a CUDA device ('NVIDIA GeForce RTX 3080') that has Tensor Cores. To properly utilize them, you should set `torch.set_float32_matmul_precision('medium' | 'high')` which will trade-off precision for performance. For more details, read https://pytorch.org/docs/stable/generated/torch.set_float32_matmul_precision.html#torch.set_float32_matmul_precision
Missing logger folder: /home/ubuntu/cht_article/129/train_model/Emb_Feature/CGCNN/lightning_logs
2025-12-11 21:06:40.964237: I external/local_tsl/tsl/cuda/cudart_stub.cc:32] Could not find cuda drivers on your machine, GPU will not be used.
2025-12-11 21:06:40.998327: I tensorflow/core/platform/cpu_feature_guard.cc:210] This TensorFlow binary is optimized to use available CPU instructions in performance-critical operations.
To enable the following instructions: AVX2 FMA, in other operations, rebuild TensorFlow with the appropriate compiler flags.
2025-12-11 21:06:41.652266: W tensorflow/compiler/tf2tensorrt/utils/py_utils.cc:38] TF-TRT Warning: Could not find TensorRT
LOCAL_RANK: 0 - CUDA_VISIBLE_DEVICES: [0]

  | Name                | Type                | Params
------------------------------------------------------------
0 | crystalGraphConvNet | CrystalGraphConvNet | 12.8 K
------------------------------------------------------------
12.8 K    Trainable params
0         Non-trainable params
12.8 K    Total params
0.051     Total estimated model params size (MB)
/home/ubuntu/anaconda3/envs/pl/lib/python3.10/site-packages/lightning/pytorch/loops/fit_loop.py:298: The number of training batches (6) is smaller than the logging interval Trainer(log_every_n_steps=1000). Set a lower value for log_every_n_steps if you want to see logs for the training epoch.
Metric val_MAE improved. New best score: 0.600
Metric val_MAE improved by 0.013 >= min_delta = 0.0. New best score: 0.587
Metric val_MAE improved by 0.080 >= min_delta = 0.0. New best score: 0.506
Metric val_MAE improved by 0.116 >= min_delta = 0.0. New best score: 0.390
Metric val_MAE improved by 0.023 >= min_delta = 0.0. New best score: 0.367
Metric val_MAE improved by 0.082 >= min_delta = 0.0. New best score: 0.285
Metric val_MAE improved by 0.017 >= min_delta = 0.0. New best score: 0.269
Metric val_MAE improved by 0.053 >= min_delta = 0.0. New best score: 0.216
Metric val_MAE improved by 0.001 >= min_delta = 0.0. New best score: 0.214
Metric val_MAE improved by 0.012 >= min_delta = 0.0. New best score: 0.202
Metric val_MAE improved by 0.014 >= min_delta = 0.0. New best score: 0.188
Metric val_MAE improved by 0.002 >= min_delta = 0.0. New best score: 0.186
Metric val_MAE improved by 0.016 >= min_delta = 0.0. New best score: 0.170
Metric val_MAE improved by 0.007 >= min_delta = 0.0. New best score: 0.164
Metric val_MAE improved by 0.001 >= min_delta = 0.0. New best score: 0.163
Metric val_MAE improved by 0.001 >= min_delta = 0.0. New best score: 0.161
Metric val_MAE improved by 0.001 >= min_delta = 0.0. New best score: 0.161
Metric val_MAE improved by 0.000 >= min_delta = 0.0. New best score: 0.160
Metric val_MAE improved by 0.001 >= min_delta = 0.0. New best score: 0.159
Metric val_MAE improved by 0.001 >= min_delta = 0.0. New best score: 0.158
Metric val_MAE improved by 0.000 >= min_delta = 0.0. New best score: 0.158
Metric val_MAE improved by 0.000 >= min_delta = 0.0. New best score: 0.157
Metric val_MAE improved by 0.000 >= min_delta = 0.0. New best score: 0.157
Metric val_MAE improved by 0.000 >= min_delta = 0.0. New best score: 0.157
Metric val_MAE improved by 0.001 >= min_delta = 0.0. New best score: 0.157
Metric val_MAE improved by 0.000 >= min_delta = 0.0. New best score: 0.156
Monitored metric val_MAE did not improve in the last 500 records. Best score: 0.156. Signaling Trainer to stop.
LOCAL_RANK: 0 - CUDA_VISIBLE_DEVICES: [0]
/home/ubuntu/anaconda3/envs/pl/lib/python3.10/site-packages/lightning/pytorch/trainer/connectors/data_connector.py:441: The 'test_dataloader' does not have many workers which may be a bottleneck. Consider increasing the value of the `num_workers` argument` to `num_workers=47` in the `DataLoader` to improve performance.
┏━━━━━━━━━━━━━━━━━━━━━━━━━━━┳━━━━━━━━━━━━━━━━━━━━━━━━━━━┓
┃        Test metric        ┃       DataLoader 0        ┃
┡━━━━━━━━━━━━━━━━━━━━━━━━━━━╇━━━━━━━━━━━━━━━━━━━━━━━━━━━┩
│         test_MAE          │    119.27661895751953     │
└───────────────────────────┴───────────────────────────┘
GPU available: True (cuda), used: True
TPU available: False, using: 0 TPU cores
IPU available: False, using: 0 IPUs
HPU available: False, using: 0 HPUs
LOCAL_RANK: 0 - CUDA_VISIBLE_DEVICES: [0]

  | Name                | Type                | Params
------------------------------------------------------------
0 | crystalGraphConvNet | CrystalGraphConvNet | 12.8 K
------------------------------------------------------------
12.8 K    Trainable params
0         Non-trainable params
12.8 K    Total params
0.051     Total estimated model params size (MB)
/home/ubuntu/anaconda3/envs/pl/lib/python3.10/site-packages/lightning/pytorch/loops/fit_loop.py:298: The number of training batches (6) is smaller than the logging interval Trainer(log_every_n_steps=1000). Set a lower value for log_every_n_steps if you want to see logs for the training epoch.
Metric val_MAE improved. New best score: 0.716
Metric val_MAE improved by 0.449 >= min_delta = 0.0. New best score: 0.268
Metric val_MAE improved by 0.014 >= min_delta = 0.0. New best score: 0.254
Metric val_MAE improved by 0.031 >= min_delta = 0.0. New best score: 0.222
Metric val_MAE improved by 0.015 >= min_delta = 0.0. New best score: 0.207
Metric val_MAE improved by 0.020 >= min_delta = 0.0. New best score: 0.187
Metric val_MAE improved by 0.000 >= min_delta = 0.0. New best score: 0.187
Metric val_MAE improved by 0.017 >= min_delta = 0.0. New best score: 0.170
Metric val_MAE improved by 0.001 >= min_delta = 0.0. New best score: 0.169
Metric val_MAE improved by 0.000 >= min_delta = 0.0. New best score: 0.169
Metric val_MAE improved by 0.003 >= min_delta = 0.0. New best score: 0.165
Metric val_MAE improved by 0.000 >= min_delta = 0.0. New best score: 0.165
Monitored metric val_MAE did not improve in the last 500 records. Best score: 0.165. Signaling Trainer to stop.
LOCAL_RANK: 0 - CUDA_VISIBLE_DEVICES: [0]
/home/ubuntu/anaconda3/envs/pl/lib/python3.10/site-packages/lightning/pytorch/trainer/connectors/data_connector.py:441: The 'test_dataloader' does not have many workers which may be a bottleneck. Consider increasing the value of the `num_workers` argument` to `num_workers=47` in the `DataLoader` to improve performance.
┏━━━━━━━━━━━━━━━━━━━━━━━━━━━┳━━━━━━━━━━━━━━━━━━━━━━━━━━━┓
┃        Test metric        ┃       DataLoader 0        ┃
┡━━━━━━━━━━━━━━━━━━━━━━━━━━━╇━━━━━━━━━━━━━━━━━━━━━━━━━━━┩
│         test_MAE          │     89.37297058105469     │
└───────────────────────────┴───────────────────────────┘
GPU available: True (cuda), used: True
TPU available: False, using: 0 TPU cores
IPU available: False, using: 0 IPUs
HPU available: False, using: 0 HPUs
LOCAL_RANK: 0 - CUDA_VISIBLE_DEVICES: [0]

  | Name                | Type                | Params
------------------------------------------------------------
0 | crystalGraphConvNet | CrystalGraphConvNet | 12.8 K
------------------------------------------------------------
12.8 K    Trainable params
0         Non-trainable params
12.8 K    Total params
0.051     Total estimated model params size (MB)
/home/ubuntu/anaconda3/envs/pl/lib/python3.10/site-packages/lightning/pytorch/loops/fit_loop.py:298: The number of training batches (6) is smaller than the logging interval Trainer(log_every_n_steps=1000). Set a lower value for log_every_n_steps if you want to see logs for the training epoch.
Metric val_MAE improved. New best score: 0.760
Metric val_MAE improved by 0.208 >= min_delta = 0.0. New best score: 0.551
Metric val_MAE improved by 0.108 >= min_delta = 0.0. New best score: 0.444
Metric val_MAE improved by 0.105 >= min_delta = 0.0. New best score: 0.338
Metric val_MAE improved by 0.058 >= min_delta = 0.0. New best score: 0.280
Metric val_MAE improved by 0.032 >= min_delta = 0.0. New best score: 0.248
Metric val_MAE improved by 0.013 >= min_delta = 0.0. New best score: 0.235
Metric val_MAE improved by 0.002 >= min_delta = 0.0. New best score: 0.234
Metric val_MAE improved by 0.009 >= min_delta = 0.0. New best score: 0.224
Metric val_MAE improved by 0.024 >= min_delta = 0.0. New best score: 0.200
Metric val_MAE improved by 0.004 >= min_delta = 0.0. New best score: 0.196
Metric val_MAE improved by 0.001 >= min_delta = 0.0. New best score: 0.196
Metric val_MAE improved by 0.012 >= min_delta = 0.0. New best score: 0.183
Metric val_MAE improved by 0.006 >= min_delta = 0.0. New best score: 0.178
Metric val_MAE improved by 0.012 >= min_delta = 0.0. New best score: 0.165
Monitored metric val_MAE did not improve in the last 500 records. Best score: 0.165. Signaling Trainer to stop.
LOCAL_RANK: 0 - CUDA_VISIBLE_DEVICES: [0]
/home/ubuntu/anaconda3/envs/pl/lib/python3.10/site-packages/lightning/pytorch/trainer/connectors/data_connector.py:441: The 'test_dataloader' does not have many workers which may be a bottleneck. Consider increasing the value of the `num_workers` argument` to `num_workers=47` in the `DataLoader` to improve performance.
┏━━━━━━━━━━━━━━━━━━━━━━━━━━━┳━━━━━━━━━━━━━━━━━━━━━━━━━━━┓
┃        Test metric        ┃       DataLoader 0        ┃
┡━━━━━━━━━━━━━━━━━━━━━━━━━━━╇━━━━━━━━━━━━━━━━━━━━━━━━━━━┩
│         test_MAE          │      91.568603515625      │
└───────────────────────────┴───────────────────────────┘
GPU available: True (cuda), used: True
TPU available: False, using: 0 TPU cores
IPU available: False, using: 0 IPUs
HPU available: False, using: 0 HPUs
LOCAL_RANK: 0 - CUDA_VISIBLE_DEVICES: [0]

  | Name                | Type                | Params
------------------------------------------------------------
0 | crystalGraphConvNet | CrystalGraphConvNet | 12.8 K
------------------------------------------------------------
12.8 K    Trainable params
0         Non-trainable params
12.8 K    Total params
0.051     Total estimated model params size (MB)
/home/ubuntu/anaconda3/envs/pl/lib/python3.10/site-packages/lightning/pytorch/loops/fit_loop.py:298: The number of training batches (6) is smaller than the logging interval Trainer(log_every_n_steps=1000). Set a lower value for log_every_n_steps if you want to see logs for the training epoch.
Metric val_MAE improved. New best score: 0.494
Metric val_MAE improved by 0.028 >= min_delta = 0.0. New best score: 0.467
Metric val_MAE improved by 0.080 >= min_delta = 0.0. New best score: 0.387
Metric val_MAE improved by 0.075 >= min_delta = 0.0. New best score: 0.313
Metric val_MAE improved by 0.016 >= min_delta = 0.0. New best score: 0.296
Metric val_MAE improved by 0.019 >= min_delta = 0.0. New best score: 0.277
Metric val_MAE improved by 0.007 >= min_delta = 0.0. New best score: 0.270
Metric val_MAE improved by 0.023 >= min_delta = 0.0. New best score: 0.247
Metric val_MAE improved by 0.009 >= min_delta = 0.0. New best score: 0.238
Metric val_MAE improved by 0.002 >= min_delta = 0.0. New best score: 0.236
Metric val_MAE improved by 0.016 >= min_delta = 0.0. New best score: 0.221
Metric val_MAE improved by 0.011 >= min_delta = 0.0. New best score: 0.209
Metric val_MAE improved by 0.014 >= min_delta = 0.0. New best score: 0.195
Metric val_MAE improved by 0.015 >= min_delta = 0.0. New best score: 0.181
Metric val_MAE improved by 0.000 >= min_delta = 0.0. New best score: 0.180
Metric val_MAE improved by 0.003 >= min_delta = 0.0. New best score: 0.178
Metric val_MAE improved by 0.004 >= min_delta = 0.0. New best score: 0.174
Monitored metric val_MAE did not improve in the last 500 records. Best score: 0.174. Signaling Trainer to stop.
LOCAL_RANK: 0 - CUDA_VISIBLE_DEVICES: [0]
/home/ubuntu/anaconda3/envs/pl/lib/python3.10/site-packages/lightning/pytorch/trainer/connectors/data_connector.py:441: The 'test_dataloader' does not have many workers which may be a bottleneck. Consider increasing the value of the `num_workers` argument` to `num_workers=47` in the `DataLoader` to improve performance.
┏━━━━━━━━━━━━━━━━━━━━━━━━━━━┳━━━━━━━━━━━━━━━━━━━━━━━━━━━┓
┃        Test metric        ┃       DataLoader 0        ┃
┡━━━━━━━━━━━━━━━━━━━━━━━━━━━╇━━━━━━━━━━━━━━━━━━━━━━━━━━━┩
│         test_MAE          │     108.0084228515625     │
└───────────────────────────┴───────────────────────────┘
GPU available: True (cuda), used: True
TPU available: False, using: 0 TPU cores
IPU available: False, using: 0 IPUs
HPU available: False, using: 0 HPUs
LOCAL_RANK: 0 - CUDA_VISIBLE_DEVICES: [0]

  | Name                | Type                | Params
------------------------------------------------------------
0 | crystalGraphConvNet | CrystalGraphConvNet | 12.8 K
------------------------------------------------------------
12.8 K    Trainable params
0         Non-trainable params
12.8 K    Total params
0.051     Total estimated model params size (MB)
/home/ubuntu/anaconda3/envs/pl/lib/python3.10/site-packages/lightning/pytorch/loops/fit_loop.py:298: The number of training batches (6) is smaller than the logging interval Trainer(log_every_n_steps=1000). Set a lower value for log_every_n_steps if you want to see logs for the training epoch.
Metric val_MAE improved. New best score: 1.336
Metric val_MAE improved by 0.552 >= min_delta = 0.0. New best score: 0.784
Metric val_MAE improved by 0.407 >= min_delta = 0.0. New best score: 0.377
Metric val_MAE improved by 0.131 >= min_delta = 0.0. New best score: 0.247
Metric val_MAE improved by 0.008 >= min_delta = 0.0. New best score: 0.238
Metric val_MAE improved by 0.019 >= min_delta = 0.0. New best score: 0.219
Metric val_MAE improved by 0.046 >= min_delta = 0.0. New best score: 0.173
Metric val_MAE improved by 0.005 >= min_delta = 0.0. New best score: 0.169
Metric val_MAE improved by 0.007 >= min_delta = 0.0. New best score: 0.161
Metric val_MAE improved by 0.001 >= min_delta = 0.0. New best score: 0.160
Metric val_MAE improved by 0.001 >= min_delta = 0.0. New best score: 0.159
Metric val_MAE improved by 0.002 >= min_delta = 0.0. New best score: 0.158
Metric val_MAE improved by 0.006 >= min_delta = 0.0. New best score: 0.152
Metric val_MAE improved by 0.000 >= min_delta = 0.0. New best score: 0.152
Metric val_MAE improved by 0.001 >= min_delta = 0.0. New best score: 0.151
Monitored metric val_MAE did not improve in the last 500 records. Best score: 0.151. Signaling Trainer to stop.
LOCAL_RANK: 0 - CUDA_VISIBLE_DEVICES: [0]
/home/ubuntu/anaconda3/envs/pl/lib/python3.10/site-packages/lightning/pytorch/trainer/connectors/data_connector.py:441: The 'test_dataloader' does not have many workers which may be a bottleneck. Consider increasing the value of the `num_workers` argument` to `num_workers=47` in the `DataLoader` to improve performance.
┏━━━━━━━━━━━━━━━━━━━━━━━━━━━┳━━━━━━━━━━━━━━━━━━━━━━━━━━━┓
┃        Test metric        ┃       DataLoader 0        ┃
┡━━━━━━━━━━━━━━━━━━━━━━━━━━━╇━━━━━━━━━━━━━━━━━━━━━━━━━━━┩
│         test_MAE          │    117.82046508789062     │
└───────────────────────────┴───────────────────────────┘
