Seed set to 42
2025-12-11 21:06:38 INFO     Initialized benchmark 'matbench_v0.1' with 1 tasks: 
['matbench_phonons']
2025-12-11 21:06:38 INFO     Loading dataset 'matbench_phonons'...
2025-12-11 21:06:39 INFO     Dataset 'matbench_phonons loaded.
GPU available: True (cuda), used: True
TPU available: False, using: 0 TPU cores
IPU available: False, using: 0 IPUs
HPU available: False, using: 0 HPUs
You are using a CUDA device ('NVIDIA GeForce RTX 3080') that has Tensor Cores. To properly utilize them, you should set `torch.set_float32_matmul_precision('medium' | 'high')` which will trade-off precision for performance. For more details, read https://pytorch.org/docs/stable/generated/torch.set_float32_matmul_precision.html#torch.set_float32_matmul_precision
2025-12-11 21:06:41.362836: I external/local_tsl/tsl/cuda/cudart_stub.cc:32] Could not find cuda drivers on your machine, GPU will not be used.
2025-12-11 21:06:41.397910: I tensorflow/core/platform/cpu_feature_guard.cc:210] This TensorFlow binary is optimized to use available CPU instructions in performance-critical operations.
To enable the following instructions: AVX2 FMA, in other operations, rebuild TensorFlow with the appropriate compiler flags.
2025-12-11 21:06:42.093511: W tensorflow/compiler/tf2tensorrt/utils/py_utils.cc:38] TF-TRT Warning: Could not find TensorRT
LOCAL_RANK: 0 - CUDA_VISIBLE_DEVICES: [0]

  | Name                | Type                | Params
------------------------------------------------------------
0 | crystalGraphConvNet | CrystalGraphConvNet | 12.8 K
------------------------------------------------------------
12.8 K    Trainable params
0         Non-trainable params
12.8 K    Total params
0.051     Total estimated model params size (MB)
/home/ubuntu/anaconda3/envs/pl/lib/python3.10/site-packages/lightning/pytorch/loops/fit_loop.py:298: The number of training batches (6) is smaller than the logging interval Trainer(log_every_n_steps=1000). Set a lower value for log_every_n_steps if you want to see logs for the training epoch.
Metric val_MAE improved. New best score: 0.594
Metric val_MAE improved by 0.066 >= min_delta = 0.0. New best score: 0.528
Metric val_MAE improved by 0.140 >= min_delta = 0.0. New best score: 0.388
Metric val_MAE improved by 0.001 >= min_delta = 0.0. New best score: 0.387
Metric val_MAE improved by 0.087 >= min_delta = 0.0. New best score: 0.300
Metric val_MAE improved by 0.044 >= min_delta = 0.0. New best score: 0.256
Metric val_MAE improved by 0.037 >= min_delta = 0.0. New best score: 0.219
Metric val_MAE improved by 0.022 >= min_delta = 0.0. New best score: 0.197
Metric val_MAE improved by 0.020 >= min_delta = 0.0. New best score: 0.177
Metric val_MAE improved by 0.024 >= min_delta = 0.0. New best score: 0.153
Metric val_MAE improved by 0.001 >= min_delta = 0.0. New best score: 0.152
Metric val_MAE improved by 0.008 >= min_delta = 0.0. New best score: 0.144
Metric val_MAE improved by 0.006 >= min_delta = 0.0. New best score: 0.137
Metric val_MAE improved by 0.004 >= min_delta = 0.0. New best score: 0.134
Metric val_MAE improved by 0.005 >= min_delta = 0.0. New best score: 0.129
Metric val_MAE improved by 0.001 >= min_delta = 0.0. New best score: 0.128
Metric val_MAE improved by 0.000 >= min_delta = 0.0. New best score: 0.128
Metric val_MAE improved by 0.000 >= min_delta = 0.0. New best score: 0.128
Metric val_MAE improved by 0.000 >= min_delta = 0.0. New best score: 0.127
Metric val_MAE improved by 0.000 >= min_delta = 0.0. New best score: 0.127
Metric val_MAE improved by 0.000 >= min_delta = 0.0. New best score: 0.127
Metric val_MAE improved by 0.000 >= min_delta = 0.0. New best score: 0.127
Metric val_MAE improved by 0.001 >= min_delta = 0.0. New best score: 0.126
Metric val_MAE improved by 0.001 >= min_delta = 0.0. New best score: 0.125
Metric val_MAE improved by 0.001 >= min_delta = 0.0. New best score: 0.125
Metric val_MAE improved by 0.000 >= min_delta = 0.0. New best score: 0.125
Metric val_MAE improved by 0.001 >= min_delta = 0.0. New best score: 0.124
Metric val_MAE improved by 0.001 >= min_delta = 0.0. New best score: 0.123
Metric val_MAE improved by 0.000 >= min_delta = 0.0. New best score: 0.122
Metric val_MAE improved by 0.000 >= min_delta = 0.0. New best score: 0.122
Metric val_MAE improved by 0.001 >= min_delta = 0.0. New best score: 0.121
Metric val_MAE improved by 0.000 >= min_delta = 0.0. New best score: 0.121
Metric val_MAE improved by 0.000 >= min_delta = 0.0. New best score: 0.121
Metric val_MAE improved by 0.000 >= min_delta = 0.0. New best score: 0.121
Metric val_MAE improved by 0.000 >= min_delta = 0.0. New best score: 0.121
Metric val_MAE improved by 0.000 >= min_delta = 0.0. New best score: 0.120
Metric val_MAE improved by 0.001 >= min_delta = 0.0. New best score: 0.120
Metric val_MAE improved by 0.000 >= min_delta = 0.0. New best score: 0.120
Metric val_MAE improved by 0.000 >= min_delta = 0.0. New best score: 0.119
Metric val_MAE improved by 0.000 >= min_delta = 0.0. New best score: 0.119
Metric val_MAE improved by 0.000 >= min_delta = 0.0. New best score: 0.119
Metric val_MAE improved by 0.001 >= min_delta = 0.0. New best score: 0.118
Metric val_MAE improved by 0.000 >= min_delta = 0.0. New best score: 0.118
Metric val_MAE improved by 0.000 >= min_delta = 0.0. New best score: 0.118
Metric val_MAE improved by 0.000 >= min_delta = 0.0. New best score: 0.118
Metric val_MAE improved by 0.000 >= min_delta = 0.0. New best score: 0.118
Metric val_MAE improved by 0.001 >= min_delta = 0.0. New best score: 0.117
Metric val_MAE improved by 0.000 >= min_delta = 0.0. New best score: 0.117
Metric val_MAE improved by 0.000 >= min_delta = 0.0. New best score: 0.117
Metric val_MAE improved by 0.000 >= min_delta = 0.0. New best score: 0.117
Metric val_MAE improved by 0.001 >= min_delta = 0.0. New best score: 0.116
Metric val_MAE improved by 0.000 >= min_delta = 0.0. New best score: 0.116
Metric val_MAE improved by 0.000 >= min_delta = 0.0. New best score: 0.116
Metric val_MAE improved by 0.000 >= min_delta = 0.0. New best score: 0.116
Metric val_MAE improved by 0.000 >= min_delta = 0.0. New best score: 0.115
Metric val_MAE improved by 0.001 >= min_delta = 0.0. New best score: 0.115
Metric val_MAE improved by 0.001 >= min_delta = 0.0. New best score: 0.114
Metric val_MAE improved by 0.000 >= min_delta = 0.0. New best score: 0.114
Metric val_MAE improved by 0.000 >= min_delta = 0.0. New best score: 0.114
Metric val_MAE improved by 0.000 >= min_delta = 0.0. New best score: 0.114
Metric val_MAE improved by 0.001 >= min_delta = 0.0. New best score: 0.113
Metric val_MAE improved by 0.000 >= min_delta = 0.0. New best score: 0.113
Metric val_MAE improved by 0.000 >= min_delta = 0.0. New best score: 0.112
Metric val_MAE improved by 0.000 >= min_delta = 0.0. New best score: 0.112
Metric val_MAE improved by 0.000 >= min_delta = 0.0. New best score: 0.112
Metric val_MAE improved by 0.000 >= min_delta = 0.0. New best score: 0.112
Metric val_MAE improved by 0.000 >= min_delta = 0.0. New best score: 0.112
Metric val_MAE improved by 0.000 >= min_delta = 0.0. New best score: 0.112
Metric val_MAE improved by 0.001 >= min_delta = 0.0. New best score: 0.111
Metric val_MAE improved by 0.001 >= min_delta = 0.0. New best score: 0.111
Metric val_MAE improved by 0.000 >= min_delta = 0.0. New best score: 0.111
Metric val_MAE improved by 0.001 >= min_delta = 0.0. New best score: 0.110
Monitored metric val_MAE did not improve in the last 500 records. Best score: 0.110. Signaling Trainer to stop.
LOCAL_RANK: 0 - CUDA_VISIBLE_DEVICES: [0]
/home/ubuntu/anaconda3/envs/pl/lib/python3.10/site-packages/lightning/pytorch/trainer/connectors/data_connector.py:441: The 'test_dataloader' does not have many workers which may be a bottleneck. Consider increasing the value of the `num_workers` argument` to `num_workers=47` in the `DataLoader` to improve performance.
┏━━━━━━━━━━━━━━━━━━━━━━━━━━━┳━━━━━━━━━━━━━━━━━━━━━━━━━━━┓
┃        Test metric        ┃       DataLoader 0        ┃
┡━━━━━━━━━━━━━━━━━━━━━━━━━━━╇━━━━━━━━━━━━━━━━━━━━━━━━━━━┩
│         test_MAE          │       91.1123046875       │
└───────────────────────────┴───────────────────────────┘
GPU available: True (cuda), used: True
TPU available: False, using: 0 TPU cores
IPU available: False, using: 0 IPUs
HPU available: False, using: 0 HPUs
/home/ubuntu/anaconda3/envs/pl/lib/python3.10/site-packages/lightning/pytorch/callbacks/model_checkpoint.py:653: Checkpoint directory /home/ubuntu/cht_article/129/train_model/Emb_Feature/CGCNN/Cgcnn_matbench_phonons_fold1_dim16 exists and is not empty.
LOCAL_RANK: 0 - CUDA_VISIBLE_DEVICES: [0]

  | Name                | Type                | Params
------------------------------------------------------------
0 | crystalGraphConvNet | CrystalGraphConvNet | 12.8 K
------------------------------------------------------------
12.8 K    Trainable params
0         Non-trainable params
12.8 K    Total params
0.051     Total estimated model params size (MB)
/home/ubuntu/anaconda3/envs/pl/lib/python3.10/site-packages/lightning/pytorch/loops/fit_loop.py:298: The number of training batches (6) is smaller than the logging interval Trainer(log_every_n_steps=1000). Set a lower value for log_every_n_steps if you want to see logs for the training epoch.
Metric val_MAE improved. New best score: 1.047
Metric val_MAE improved by 0.235 >= min_delta = 0.0. New best score: 0.811
Metric val_MAE improved by 0.424 >= min_delta = 0.0. New best score: 0.387
Metric val_MAE improved by 0.057 >= min_delta = 0.0. New best score: 0.331
Metric val_MAE improved by 0.127 >= min_delta = 0.0. New best score: 0.203
Metric val_MAE improved by 0.001 >= min_delta = 0.0. New best score: 0.202
Metric val_MAE improved by 0.036 >= min_delta = 0.0. New best score: 0.166
Metric val_MAE improved by 0.018 >= min_delta = 0.0. New best score: 0.148
Metric val_MAE improved by 0.002 >= min_delta = 0.0. New best score: 0.146
Metric val_MAE improved by 0.001 >= min_delta = 0.0. New best score: 0.144
Metric val_MAE improved by 0.006 >= min_delta = 0.0. New best score: 0.138
Metric val_MAE improved by 0.003 >= min_delta = 0.0. New best score: 0.135
Metric val_MAE improved by 0.003 >= min_delta = 0.0. New best score: 0.132
Metric val_MAE improved by 0.002 >= min_delta = 0.0. New best score: 0.130
Metric val_MAE improved by 0.001 >= min_delta = 0.0. New best score: 0.129
Metric val_MAE improved by 0.001 >= min_delta = 0.0. New best score: 0.127
Metric val_MAE improved by 0.004 >= min_delta = 0.0. New best score: 0.123
Metric val_MAE improved by 0.001 >= min_delta = 0.0. New best score: 0.122
Metric val_MAE improved by 0.001 >= min_delta = 0.0. New best score: 0.122
Metric val_MAE improved by 0.000 >= min_delta = 0.0. New best score: 0.122
Metric val_MAE improved by 0.001 >= min_delta = 0.0. New best score: 0.121
Metric val_MAE improved by 0.000 >= min_delta = 0.0. New best score: 0.121
Metric val_MAE improved by 0.001 >= min_delta = 0.0. New best score: 0.121
Metric val_MAE improved by 0.002 >= min_delta = 0.0. New best score: 0.119
Metric val_MAE improved by 0.001 >= min_delta = 0.0. New best score: 0.118
Metric val_MAE improved by 0.000 >= min_delta = 0.0. New best score: 0.118
Metric val_MAE improved by 0.000 >= min_delta = 0.0. New best score: 0.118
Metric val_MAE improved by 0.000 >= min_delta = 0.0. New best score: 0.118
Metric val_MAE improved by 0.000 >= min_delta = 0.0. New best score: 0.118
Metric val_MAE improved by 0.001 >= min_delta = 0.0. New best score: 0.117
Metric val_MAE improved by 0.000 >= min_delta = 0.0. New best score: 0.117
Metric val_MAE improved by 0.001 >= min_delta = 0.0. New best score: 0.116
Metric val_MAE improved by 0.000 >= min_delta = 0.0. New best score: 0.115
Metric val_MAE improved by 0.000 >= min_delta = 0.0. New best score: 0.115
Metric val_MAE improved by 0.000 >= min_delta = 0.0. New best score: 0.115
Metric val_MAE improved by 0.002 >= min_delta = 0.0. New best score: 0.113
Monitored metric val_MAE did not improve in the last 500 records. Best score: 0.113. Signaling Trainer to stop.
LOCAL_RANK: 0 - CUDA_VISIBLE_DEVICES: [0]
/home/ubuntu/anaconda3/envs/pl/lib/python3.10/site-packages/lightning/pytorch/trainer/connectors/data_connector.py:441: The 'test_dataloader' does not have many workers which may be a bottleneck. Consider increasing the value of the `num_workers` argument` to `num_workers=47` in the `DataLoader` to improve performance.
┏━━━━━━━━━━━━━━━━━━━━━━━━━━━┳━━━━━━━━━━━━━━━━━━━━━━━━━━━┓
┃        Test metric        ┃       DataLoader 0        ┃
┡━━━━━━━━━━━━━━━━━━━━━━━━━━━╇━━━━━━━━━━━━━━━━━━━━━━━━━━━┩
│         test_MAE          │    61.439395904541016     │
└───────────────────────────┴───────────────────────────┘
GPU available: True (cuda), used: True
TPU available: False, using: 0 TPU cores
IPU available: False, using: 0 IPUs
HPU available: False, using: 0 HPUs
/home/ubuntu/anaconda3/envs/pl/lib/python3.10/site-packages/lightning/pytorch/callbacks/model_checkpoint.py:653: Checkpoint directory /home/ubuntu/cht_article/129/train_model/Emb_Feature/CGCNN/Cgcnn_matbench_phonons_fold2_dim16 exists and is not empty.
LOCAL_RANK: 0 - CUDA_VISIBLE_DEVICES: [0]

  | Name                | Type                | Params
------------------------------------------------------------
0 | crystalGraphConvNet | CrystalGraphConvNet | 12.8 K
------------------------------------------------------------
12.8 K    Trainable params
0         Non-trainable params
12.8 K    Total params
0.051     Total estimated model params size (MB)
/home/ubuntu/anaconda3/envs/pl/lib/python3.10/site-packages/lightning/pytorch/loops/fit_loop.py:298: The number of training batches (6) is smaller than the logging interval Trainer(log_every_n_steps=1000). Set a lower value for log_every_n_steps if you want to see logs for the training epoch.
Metric val_MAE improved. New best score: 0.610
Metric val_MAE improved by 0.246 >= min_delta = 0.0. New best score: 0.364
Metric val_MAE improved by 0.073 >= min_delta = 0.0. New best score: 0.290
Metric val_MAE improved by 0.046 >= min_delta = 0.0. New best score: 0.244
Metric val_MAE improved by 0.063 >= min_delta = 0.0. New best score: 0.181
Metric val_MAE improved by 0.002 >= min_delta = 0.0. New best score: 0.179
Metric val_MAE improved by 0.003 >= min_delta = 0.0. New best score: 0.176
Metric val_MAE improved by 0.008 >= min_delta = 0.0. New best score: 0.168
Metric val_MAE improved by 0.012 >= min_delta = 0.0. New best score: 0.156
Metric val_MAE improved by 0.010 >= min_delta = 0.0. New best score: 0.146
Metric val_MAE improved by 0.002 >= min_delta = 0.0. New best score: 0.144
Metric val_MAE improved by 0.005 >= min_delta = 0.0. New best score: 0.139
Metric val_MAE improved by 0.003 >= min_delta = 0.0. New best score: 0.137
Metric val_MAE improved by 0.000 >= min_delta = 0.0. New best score: 0.137
Metric val_MAE improved by 0.002 >= min_delta = 0.0. New best score: 0.134
Metric val_MAE improved by 0.002 >= min_delta = 0.0. New best score: 0.132
Metric val_MAE improved by 0.001 >= min_delta = 0.0. New best score: 0.131
Monitored metric val_MAE did not improve in the last 500 records. Best score: 0.131. Signaling Trainer to stop.
LOCAL_RANK: 0 - CUDA_VISIBLE_DEVICES: [0]
/home/ubuntu/anaconda3/envs/pl/lib/python3.10/site-packages/lightning/pytorch/trainer/connectors/data_connector.py:441: The 'test_dataloader' does not have many workers which may be a bottleneck. Consider increasing the value of the `num_workers` argument` to `num_workers=47` in the `DataLoader` to improve performance.
┏━━━━━━━━━━━━━━━━━━━━━━━━━━━┳━━━━━━━━━━━━━━━━━━━━━━━━━━━┓
┃        Test metric        ┃       DataLoader 0        ┃
┡━━━━━━━━━━━━━━━━━━━━━━━━━━━╇━━━━━━━━━━━━━━━━━━━━━━━━━━━┩
│         test_MAE          │     66.65657806396484     │
└───────────────────────────┴───────────────────────────┘
GPU available: True (cuda), used: True
TPU available: False, using: 0 TPU cores
IPU available: False, using: 0 IPUs
HPU available: False, using: 0 HPUs
/home/ubuntu/anaconda3/envs/pl/lib/python3.10/site-packages/lightning/pytorch/callbacks/model_checkpoint.py:653: Checkpoint directory /home/ubuntu/cht_article/129/train_model/Emb_Feature/CGCNN/Cgcnn_matbench_phonons_fold3_dim16 exists and is not empty.
LOCAL_RANK: 0 - CUDA_VISIBLE_DEVICES: [0]

  | Name                | Type                | Params
------------------------------------------------------------
0 | crystalGraphConvNet | CrystalGraphConvNet | 12.8 K
------------------------------------------------------------
12.8 K    Trainable params
0         Non-trainable params
12.8 K    Total params
0.051     Total estimated model params size (MB)
/home/ubuntu/anaconda3/envs/pl/lib/python3.10/site-packages/lightning/pytorch/loops/fit_loop.py:298: The number of training batches (6) is smaller than the logging interval Trainer(log_every_n_steps=1000). Set a lower value for log_every_n_steps if you want to see logs for the training epoch.
Metric val_MAE improved. New best score: 2.139
Metric val_MAE improved by 1.402 >= min_delta = 0.0. New best score: 0.738
Metric val_MAE improved by 0.376 >= min_delta = 0.0. New best score: 0.361
Metric val_MAE improved by 0.081 >= min_delta = 0.0. New best score: 0.280
Metric val_MAE improved by 0.057 >= min_delta = 0.0. New best score: 0.223
Metric val_MAE improved by 0.011 >= min_delta = 0.0. New best score: 0.212
Metric val_MAE improved by 0.000 >= min_delta = 0.0. New best score: 0.212
Metric val_MAE improved by 0.028 >= min_delta = 0.0. New best score: 0.183
Metric val_MAE improved by 0.007 >= min_delta = 0.0. New best score: 0.176
Metric val_MAE improved by 0.012 >= min_delta = 0.0. New best score: 0.164
Metric val_MAE improved by 0.010 >= min_delta = 0.0. New best score: 0.154
Metric val_MAE improved by 0.002 >= min_delta = 0.0. New best score: 0.152
Metric val_MAE improved by 0.002 >= min_delta = 0.0. New best score: 0.150
Metric val_MAE improved by 0.001 >= min_delta = 0.0. New best score: 0.149
Metric val_MAE improved by 0.005 >= min_delta = 0.0. New best score: 0.145
Metric val_MAE improved by 0.001 >= min_delta = 0.0. New best score: 0.143
Metric val_MAE improved by 0.001 >= min_delta = 0.0. New best score: 0.142
Metric val_MAE improved by 0.006 >= min_delta = 0.0. New best score: 0.136
Metric val_MAE improved by 0.002 >= min_delta = 0.0. New best score: 0.135
Metric val_MAE improved by 0.003 >= min_delta = 0.0. New best score: 0.132
Metric val_MAE improved by 0.000 >= min_delta = 0.0. New best score: 0.131
Metric val_MAE improved by 0.001 >= min_delta = 0.0. New best score: 0.131
Metric val_MAE improved by 0.001 >= min_delta = 0.0. New best score: 0.129
Metric val_MAE improved by 0.002 >= min_delta = 0.0. New best score: 0.127
Metric val_MAE improved by 0.002 >= min_delta = 0.0. New best score: 0.125
Metric val_MAE improved by 0.001 >= min_delta = 0.0. New best score: 0.124
Metric val_MAE improved by 0.001 >= min_delta = 0.0. New best score: 0.123
Metric val_MAE improved by 0.000 >= min_delta = 0.0. New best score: 0.123
Metric val_MAE improved by 0.001 >= min_delta = 0.0. New best score: 0.122
Metric val_MAE improved by 0.000 >= min_delta = 0.0. New best score: 0.122
Metric val_MAE improved by 0.001 >= min_delta = 0.0. New best score: 0.121
Metric val_MAE improved by 0.000 >= min_delta = 0.0. New best score: 0.121
Metric val_MAE improved by 0.000 >= min_delta = 0.0. New best score: 0.120
Metric val_MAE improved by 0.000 >= min_delta = 0.0. New best score: 0.120
Metric val_MAE improved by 0.000 >= min_delta = 0.0. New best score: 0.119
Metric val_MAE improved by 0.000 >= min_delta = 0.0. New best score: 0.119
Metric val_MAE improved by 0.000 >= min_delta = 0.0. New best score: 0.119
Metric val_MAE improved by 0.000 >= min_delta = 0.0. New best score: 0.119
Metric val_MAE improved by 0.000 >= min_delta = 0.0. New best score: 0.119
Metric val_MAE improved by 0.000 >= min_delta = 0.0. New best score: 0.118
Metric val_MAE improved by 0.000 >= min_delta = 0.0. New best score: 0.118
Metric val_MAE improved by 0.000 >= min_delta = 0.0. New best score: 0.118
Metric val_MAE improved by 0.000 >= min_delta = 0.0. New best score: 0.118
Metric val_MAE improved by 0.001 >= min_delta = 0.0. New best score: 0.117
Metric val_MAE improved by 0.000 >= min_delta = 0.0. New best score: 0.117
Metric val_MAE improved by 0.000 >= min_delta = 0.0. New best score: 0.117
Metric val_MAE improved by 0.000 >= min_delta = 0.0. New best score: 0.117
Metric val_MAE improved by 0.000 >= min_delta = 0.0. New best score: 0.116
Metric val_MAE improved by 0.000 >= min_delta = 0.0. New best score: 0.116
Metric val_MAE improved by 0.000 >= min_delta = 0.0. New best score: 0.116
Metric val_MAE improved by 0.000 >= min_delta = 0.0. New best score: 0.116
Metric val_MAE improved by 0.000 >= min_delta = 0.0. New best score: 0.115
Metric val_MAE improved by 0.000 >= min_delta = 0.0. New best score: 0.115
Metric val_MAE improved by 0.000 >= min_delta = 0.0. New best score: 0.115
Metric val_MAE improved by 0.000 >= min_delta = 0.0. New best score: 0.115
Metric val_MAE improved by 0.000 >= min_delta = 0.0. New best score: 0.114
Metric val_MAE improved by 0.000 >= min_delta = 0.0. New best score: 0.114
Metric val_MAE improved by 0.000 >= min_delta = 0.0. New best score: 0.114
Metric val_MAE improved by 0.000 >= min_delta = 0.0. New best score: 0.114
Metric val_MAE improved by 0.000 >= min_delta = 0.0. New best score: 0.114
Monitored metric val_MAE did not improve in the last 500 records. Best score: 0.114. Signaling Trainer to stop.
LOCAL_RANK: 0 - CUDA_VISIBLE_DEVICES: [0]
/home/ubuntu/anaconda3/envs/pl/lib/python3.10/site-packages/lightning/pytorch/trainer/connectors/data_connector.py:441: The 'test_dataloader' does not have many workers which may be a bottleneck. Consider increasing the value of the `num_workers` argument` to `num_workers=47` in the `DataLoader` to improve performance.
┏━━━━━━━━━━━━━━━━━━━━━━━━━━━┳━━━━━━━━━━━━━━━━━━━━━━━━━━━┓
┃        Test metric        ┃       DataLoader 0        ┃
┡━━━━━━━━━━━━━━━━━━━━━━━━━━━╇━━━━━━━━━━━━━━━━━━━━━━━━━━━┩
│         test_MAE          │     64.62411499023438     │
└───────────────────────────┴───────────────────────────┘
GPU available: True (cuda), used: True
TPU available: False, using: 0 TPU cores
IPU available: False, using: 0 IPUs
HPU available: False, using: 0 HPUs
/home/ubuntu/anaconda3/envs/pl/lib/python3.10/site-packages/lightning/pytorch/callbacks/model_checkpoint.py:653: Checkpoint directory /home/ubuntu/cht_article/129/train_model/Emb_Feature/CGCNN/Cgcnn_matbench_phonons_fold4_dim16 exists and is not empty.
LOCAL_RANK: 0 - CUDA_VISIBLE_DEVICES: [0]

  | Name                | Type                | Params
------------------------------------------------------------
0 | crystalGraphConvNet | CrystalGraphConvNet | 12.8 K
------------------------------------------------------------
12.8 K    Trainable params
0         Non-trainable params
12.8 K    Total params
0.051     Total estimated model params size (MB)
/home/ubuntu/anaconda3/envs/pl/lib/python3.10/site-packages/lightning/pytorch/loops/fit_loop.py:298: The number of training batches (6) is smaller than the logging interval Trainer(log_every_n_steps=1000). Set a lower value for log_every_n_steps if you want to see logs for the training epoch.
Metric val_MAE improved. New best score: 1.110
Metric val_MAE improved by 0.686 >= min_delta = 0.0. New best score: 0.423
Metric val_MAE improved by 0.037 >= min_delta = 0.0. New best score: 0.387
Metric val_MAE improved by 0.001 >= min_delta = 0.0. New best score: 0.386
Metric val_MAE improved by 0.162 >= min_delta = 0.0. New best score: 0.224
Metric val_MAE improved by 0.045 >= min_delta = 0.0. New best score: 0.178
Metric val_MAE improved by 0.014 >= min_delta = 0.0. New best score: 0.165
Metric val_MAE improved by 0.011 >= min_delta = 0.0. New best score: 0.154
Metric val_MAE improved by 0.007 >= min_delta = 0.0. New best score: 0.147
Metric val_MAE improved by 0.003 >= min_delta = 0.0. New best score: 0.145
Metric val_MAE improved by 0.003 >= min_delta = 0.0. New best score: 0.141
Metric val_MAE improved by 0.005 >= min_delta = 0.0. New best score: 0.136
Metric val_MAE improved by 0.004 >= min_delta = 0.0. New best score: 0.132
Metric val_MAE improved by 0.005 >= min_delta = 0.0. New best score: 0.127
Metric val_MAE improved by 0.001 >= min_delta = 0.0. New best score: 0.127
Metric val_MAE improved by 0.002 >= min_delta = 0.0. New best score: 0.125
Metric val_MAE improved by 0.002 >= min_delta = 0.0. New best score: 0.123
Metric val_MAE improved by 0.002 >= min_delta = 0.0. New best score: 0.121
Metric val_MAE improved by 0.000 >= min_delta = 0.0. New best score: 0.121
Monitored metric val_MAE did not improve in the last 500 records. Best score: 0.121. Signaling Trainer to stop.
LOCAL_RANK: 0 - CUDA_VISIBLE_DEVICES: [0]
/home/ubuntu/anaconda3/envs/pl/lib/python3.10/site-packages/lightning/pytorch/trainer/connectors/data_connector.py:441: The 'test_dataloader' does not have many workers which may be a bottleneck. Consider increasing the value of the `num_workers` argument` to `num_workers=47` in the `DataLoader` to improve performance.
┏━━━━━━━━━━━━━━━━━━━━━━━━━━━┳━━━━━━━━━━━━━━━━━━━━━━━━━━━┓
┃        Test metric        ┃       DataLoader 0        ┃
┡━━━━━━━━━━━━━━━━━━━━━━━━━━━╇━━━━━━━━━━━━━━━━━━━━━━━━━━━┩
│         test_MAE          │     72.95018005371094     │
└───────────────────────────┴───────────────────────────┘
