Seed set to 42
2025-12-11 21:06:38 INFO     Initialized benchmark 'matbench_v0.1' with 1 tasks: 
['matbench_phonons']
2025-12-11 21:06:38 INFO     Loading dataset 'matbench_phonons'...
2025-12-11 21:06:39 INFO     Dataset 'matbench_phonons loaded.
GPU available: True (cuda), used: True
TPU available: False, using: 0 TPU cores
IPU available: False, using: 0 IPUs
HPU available: False, using: 0 HPUs
You are using a CUDA device ('NVIDIA GeForce RTX 3080') that has Tensor Cores. To properly utilize them, you should set `torch.set_float32_matmul_precision('medium' | 'high')` which will trade-off precision for performance. For more details, read https://pytorch.org/docs/stable/generated/torch.set_float32_matmul_precision.html#torch.set_float32_matmul_precision
2025-12-11 21:06:41.362381: I external/local_tsl/tsl/cuda/cudart_stub.cc:32] Could not find cuda drivers on your machine, GPU will not be used.
2025-12-11 21:06:41.396965: I tensorflow/core/platform/cpu_feature_guard.cc:210] This TensorFlow binary is optimized to use available CPU instructions in performance-critical operations.
To enable the following instructions: AVX2 FMA, in other operations, rebuild TensorFlow with the appropriate compiler flags.
2025-12-11 21:06:42.065491: W tensorflow/compiler/tf2tensorrt/utils/py_utils.cc:38] TF-TRT Warning: Could not find TensorRT
LOCAL_RANK: 0 - CUDA_VISIBLE_DEVICES: [0]

  | Name                | Type                | Params
------------------------------------------------------------
0 | crystalGraphConvNet | CrystalGraphConvNet | 12.8 K
------------------------------------------------------------
12.8 K    Trainable params
0         Non-trainable params
12.8 K    Total params
0.051     Total estimated model params size (MB)
/home/ubuntu/anaconda3/envs/pl/lib/python3.10/site-packages/lightning/pytorch/loops/fit_loop.py:298: The number of training batches (6) is smaller than the logging interval Trainer(log_every_n_steps=1000). Set a lower value for log_every_n_steps if you want to see logs for the training epoch.
Metric val_MAE improved. New best score: 0.594
Metric val_MAE improved by 0.064 >= min_delta = 0.0. New best score: 0.530
Metric val_MAE improved by 0.147 >= min_delta = 0.0. New best score: 0.383
Metric val_MAE improved by 0.097 >= min_delta = 0.0. New best score: 0.285
Metric val_MAE improved by 0.068 >= min_delta = 0.0. New best score: 0.218
Metric val_MAE improved by 0.001 >= min_delta = 0.0. New best score: 0.217
Metric val_MAE improved by 0.035 >= min_delta = 0.0. New best score: 0.183
Metric val_MAE improved by 0.016 >= min_delta = 0.0. New best score: 0.166
Metric val_MAE improved by 0.007 >= min_delta = 0.0. New best score: 0.159
Metric val_MAE improved by 0.003 >= min_delta = 0.0. New best score: 0.156
Metric val_MAE improved by 0.003 >= min_delta = 0.0. New best score: 0.153
Metric val_MAE improved by 0.001 >= min_delta = 0.0. New best score: 0.152
Metric val_MAE improved by 0.013 >= min_delta = 0.0. New best score: 0.139
Metric val_MAE improved by 0.008 >= min_delta = 0.0. New best score: 0.131
Metric val_MAE improved by 0.003 >= min_delta = 0.0. New best score: 0.128
Metric val_MAE improved by 0.000 >= min_delta = 0.0. New best score: 0.127
Metric val_MAE improved by 0.000 >= min_delta = 0.0. New best score: 0.127
Metric val_MAE improved by 0.000 >= min_delta = 0.0. New best score: 0.127
Metric val_MAE improved by 0.000 >= min_delta = 0.0. New best score: 0.127
Metric val_MAE improved by 0.001 >= min_delta = 0.0. New best score: 0.126
Metric val_MAE improved by 0.000 >= min_delta = 0.0. New best score: 0.126
Metric val_MAE improved by 0.000 >= min_delta = 0.0. New best score: 0.126
Metric val_MAE improved by 0.000 >= min_delta = 0.0. New best score: 0.126
Metric val_MAE improved by 0.000 >= min_delta = 0.0. New best score: 0.125
Metric val_MAE improved by 0.000 >= min_delta = 0.0. New best score: 0.125
Metric val_MAE improved by 0.000 >= min_delta = 0.0. New best score: 0.125
Metric val_MAE improved by 0.000 >= min_delta = 0.0. New best score: 0.125
Metric val_MAE improved by 0.001 >= min_delta = 0.0. New best score: 0.124
Metric val_MAE improved by 0.000 >= min_delta = 0.0. New best score: 0.123
Metric val_MAE improved by 0.000 >= min_delta = 0.0. New best score: 0.123
Metric val_MAE improved by 0.000 >= min_delta = 0.0. New best score: 0.123
Metric val_MAE improved by 0.000 >= min_delta = 0.0. New best score: 0.123
Metric val_MAE improved by 0.000 >= min_delta = 0.0. New best score: 0.123
Metric val_MAE improved by 0.001 >= min_delta = 0.0. New best score: 0.122
Metric val_MAE improved by 0.000 >= min_delta = 0.0. New best score: 0.122
Metric val_MAE improved by 0.000 >= min_delta = 0.0. New best score: 0.121
Metric val_MAE improved by 0.000 >= min_delta = 0.0. New best score: 0.121
Metric val_MAE improved by 0.000 >= min_delta = 0.0. New best score: 0.121
Metric val_MAE improved by 0.000 >= min_delta = 0.0. New best score: 0.121
Metric val_MAE improved by 0.000 >= min_delta = 0.0. New best score: 0.121
Metric val_MAE improved by 0.001 >= min_delta = 0.0. New best score: 0.120
Metric val_MAE improved by 0.000 >= min_delta = 0.0. New best score: 0.120
Metric val_MAE improved by 0.000 >= min_delta = 0.0. New best score: 0.120
Metric val_MAE improved by 0.000 >= min_delta = 0.0. New best score: 0.120
Metric val_MAE improved by 0.000 >= min_delta = 0.0. New best score: 0.120
Metric val_MAE improved by 0.000 >= min_delta = 0.0. New best score: 0.120
Metric val_MAE improved by 0.000 >= min_delta = 0.0. New best score: 0.119
Metric val_MAE improved by 0.001 >= min_delta = 0.0. New best score: 0.119
Metric val_MAE improved by 0.000 >= min_delta = 0.0. New best score: 0.118
Metric val_MAE improved by 0.001 >= min_delta = 0.0. New best score: 0.118
Metric val_MAE improved by 0.000 >= min_delta = 0.0. New best score: 0.117
Metric val_MAE improved by 0.000 >= min_delta = 0.0. New best score: 0.117
Metric val_MAE improved by 0.000 >= min_delta = 0.0. New best score: 0.117
Metric val_MAE improved by 0.000 >= min_delta = 0.0. New best score: 0.117
Metric val_MAE improved by 0.000 >= min_delta = 0.0. New best score: 0.117
Metric val_MAE improved by 0.000 >= min_delta = 0.0. New best score: 0.116
Metric val_MAE improved by 0.000 >= min_delta = 0.0. New best score: 0.116
Metric val_MAE improved by 0.000 >= min_delta = 0.0. New best score: 0.116
Metric val_MAE improved by 0.000 >= min_delta = 0.0. New best score: 0.116
Metric val_MAE improved by 0.000 >= min_delta = 0.0. New best score: 0.116
Metric val_MAE improved by 0.000 >= min_delta = 0.0. New best score: 0.115
Metric val_MAE improved by 0.000 >= min_delta = 0.0. New best score: 0.115
Metric val_MAE improved by 0.000 >= min_delta = 0.0. New best score: 0.115
Metric val_MAE improved by 0.001 >= min_delta = 0.0. New best score: 0.114
Monitored metric val_MAE did not improve in the last 500 records. Best score: 0.114. Signaling Trainer to stop.
LOCAL_RANK: 0 - CUDA_VISIBLE_DEVICES: [0]
/home/ubuntu/anaconda3/envs/pl/lib/python3.10/site-packages/lightning/pytorch/trainer/connectors/data_connector.py:441: The 'test_dataloader' does not have many workers which may be a bottleneck. Consider increasing the value of the `num_workers` argument` to `num_workers=47` in the `DataLoader` to improve performance.
┏━━━━━━━━━━━━━━━━━━━━━━━━━━━┳━━━━━━━━━━━━━━━━━━━━━━━━━━━┓
┃        Test metric        ┃       DataLoader 0        ┃
┡━━━━━━━━━━━━━━━━━━━━━━━━━━━╇━━━━━━━━━━━━━━━━━━━━━━━━━━━┩
│         test_MAE          │     89.17876434326172     │
└───────────────────────────┴───────────────────────────┘
GPU available: True (cuda), used: True
TPU available: False, using: 0 TPU cores
IPU available: False, using: 0 IPUs
HPU available: False, using: 0 HPUs
/home/ubuntu/anaconda3/envs/pl/lib/python3.10/site-packages/lightning/pytorch/callbacks/model_checkpoint.py:653: Checkpoint directory /home/ubuntu/cht_article/129/train_model/Emb_Feature/CGCNN/Cgcnn_matbench_phonons_fold1_dim16 exists and is not empty.
LOCAL_RANK: 0 - CUDA_VISIBLE_DEVICES: [0]

  | Name                | Type                | Params
------------------------------------------------------------
0 | crystalGraphConvNet | CrystalGraphConvNet | 12.8 K
------------------------------------------------------------
12.8 K    Trainable params
0         Non-trainable params
12.8 K    Total params
0.051     Total estimated model params size (MB)
/home/ubuntu/anaconda3/envs/pl/lib/python3.10/site-packages/lightning/pytorch/loops/fit_loop.py:298: The number of training batches (6) is smaller than the logging interval Trainer(log_every_n_steps=1000). Set a lower value for log_every_n_steps if you want to see logs for the training epoch.
Metric val_MAE improved. New best score: 1.661
Metric val_MAE improved by 0.835 >= min_delta = 0.0. New best score: 0.826
Metric val_MAE improved by 0.141 >= min_delta = 0.0. New best score: 0.685
Metric val_MAE improved by 0.182 >= min_delta = 0.0. New best score: 0.503
Metric val_MAE improved by 0.030 >= min_delta = 0.0. New best score: 0.473
Metric val_MAE improved by 0.124 >= min_delta = 0.0. New best score: 0.349
Metric val_MAE improved by 0.058 >= min_delta = 0.0. New best score: 0.291
Metric val_MAE improved by 0.037 >= min_delta = 0.0. New best score: 0.254
Metric val_MAE improved by 0.005 >= min_delta = 0.0. New best score: 0.249
Metric val_MAE improved by 0.006 >= min_delta = 0.0. New best score: 0.243
Metric val_MAE improved by 0.010 >= min_delta = 0.0. New best score: 0.233
Metric val_MAE improved by 0.031 >= min_delta = 0.0. New best score: 0.202
Metric val_MAE improved by 0.007 >= min_delta = 0.0. New best score: 0.195
Metric val_MAE improved by 0.006 >= min_delta = 0.0. New best score: 0.189
Metric val_MAE improved by 0.027 >= min_delta = 0.0. New best score: 0.162
Metric val_MAE improved by 0.009 >= min_delta = 0.0. New best score: 0.153
Metric val_MAE improved by 0.003 >= min_delta = 0.0. New best score: 0.150
Metric val_MAE improved by 0.001 >= min_delta = 0.0. New best score: 0.149
Metric val_MAE improved by 0.004 >= min_delta = 0.0. New best score: 0.145
Metric val_MAE improved by 0.004 >= min_delta = 0.0. New best score: 0.141
Metric val_MAE improved by 0.000 >= min_delta = 0.0. New best score: 0.141
Metric val_MAE improved by 0.000 >= min_delta = 0.0. New best score: 0.140
Metric val_MAE improved by 0.001 >= min_delta = 0.0. New best score: 0.139
Metric val_MAE improved by 0.002 >= min_delta = 0.0. New best score: 0.138
Metric val_MAE improved by 0.004 >= min_delta = 0.0. New best score: 0.134
Monitored metric val_MAE did not improve in the last 500 records. Best score: 0.134. Signaling Trainer to stop.
LOCAL_RANK: 0 - CUDA_VISIBLE_DEVICES: [0]
/home/ubuntu/anaconda3/envs/pl/lib/python3.10/site-packages/lightning/pytorch/trainer/connectors/data_connector.py:441: The 'test_dataloader' does not have many workers which may be a bottleneck. Consider increasing the value of the `num_workers` argument` to `num_workers=47` in the `DataLoader` to improve performance.
┏━━━━━━━━━━━━━━━━━━━━━━━━━━━┳━━━━━━━━━━━━━━━━━━━━━━━━━━━┓
┃        Test metric        ┃       DataLoader 0        ┃
┡━━━━━━━━━━━━━━━━━━━━━━━━━━━╇━━━━━━━━━━━━━━━━━━━━━━━━━━━┩
│         test_MAE          │     76.5003662109375      │
└───────────────────────────┴───────────────────────────┘
GPU available: True (cuda), used: True
TPU available: False, using: 0 TPU cores
IPU available: False, using: 0 IPUs
HPU available: False, using: 0 HPUs
/home/ubuntu/anaconda3/envs/pl/lib/python3.10/site-packages/lightning/pytorch/callbacks/model_checkpoint.py:653: Checkpoint directory /home/ubuntu/cht_article/129/train_model/Emb_Feature/CGCNN/Cgcnn_matbench_phonons_fold2_dim16 exists and is not empty.
LOCAL_RANK: 0 - CUDA_VISIBLE_DEVICES: [0]

  | Name                | Type                | Params
------------------------------------------------------------
0 | crystalGraphConvNet | CrystalGraphConvNet | 12.8 K
------------------------------------------------------------
12.8 K    Trainable params
0         Non-trainable params
12.8 K    Total params
0.051     Total estimated model params size (MB)
/home/ubuntu/anaconda3/envs/pl/lib/python3.10/site-packages/lightning/pytorch/loops/fit_loop.py:298: The number of training batches (6) is smaller than the logging interval Trainer(log_every_n_steps=1000). Set a lower value for log_every_n_steps if you want to see logs for the training epoch.
Metric val_MAE improved. New best score: 0.764
Metric val_MAE improved by 0.085 >= min_delta = 0.0. New best score: 0.678
Metric val_MAE improved by 0.033 >= min_delta = 0.0. New best score: 0.645
Metric val_MAE improved by 0.217 >= min_delta = 0.0. New best score: 0.429
Metric val_MAE improved by 0.186 >= min_delta = 0.0. New best score: 0.243
Metric val_MAE improved by 0.014 >= min_delta = 0.0. New best score: 0.228
Metric val_MAE improved by 0.020 >= min_delta = 0.0. New best score: 0.208
Metric val_MAE improved by 0.007 >= min_delta = 0.0. New best score: 0.201
Metric val_MAE improved by 0.012 >= min_delta = 0.0. New best score: 0.189
Metric val_MAE improved by 0.008 >= min_delta = 0.0. New best score: 0.181
Metric val_MAE improved by 0.007 >= min_delta = 0.0. New best score: 0.174
Metric val_MAE improved by 0.006 >= min_delta = 0.0. New best score: 0.167
Metric val_MAE improved by 0.002 >= min_delta = 0.0. New best score: 0.165
Metric val_MAE improved by 0.001 >= min_delta = 0.0. New best score: 0.164
Metric val_MAE improved by 0.002 >= min_delta = 0.0. New best score: 0.162
Metric val_MAE improved by 0.008 >= min_delta = 0.0. New best score: 0.154
Monitored metric val_MAE did not improve in the last 500 records. Best score: 0.154. Signaling Trainer to stop.
LOCAL_RANK: 0 - CUDA_VISIBLE_DEVICES: [0]
/home/ubuntu/anaconda3/envs/pl/lib/python3.10/site-packages/lightning/pytorch/trainer/connectors/data_connector.py:441: The 'test_dataloader' does not have many workers which may be a bottleneck. Consider increasing the value of the `num_workers` argument` to `num_workers=47` in the `DataLoader` to improve performance.
┏━━━━━━━━━━━━━━━━━━━━━━━━━━━┳━━━━━━━━━━━━━━━━━━━━━━━━━━━┓
┃        Test metric        ┃       DataLoader 0        ┃
┡━━━━━━━━━━━━━━━━━━━━━━━━━━━╇━━━━━━━━━━━━━━━━━━━━━━━━━━━┩
│         test_MAE          │     81.62462615966797     │
└───────────────────────────┴───────────────────────────┘
GPU available: True (cuda), used: True
TPU available: False, using: 0 TPU cores
IPU available: False, using: 0 IPUs
HPU available: False, using: 0 HPUs
/home/ubuntu/anaconda3/envs/pl/lib/python3.10/site-packages/lightning/pytorch/callbacks/model_checkpoint.py:653: Checkpoint directory /home/ubuntu/cht_article/129/train_model/Emb_Feature/CGCNN/Cgcnn_matbench_phonons_fold3_dim16 exists and is not empty.
LOCAL_RANK: 0 - CUDA_VISIBLE_DEVICES: [0]

  | Name                | Type                | Params
------------------------------------------------------------
0 | crystalGraphConvNet | CrystalGraphConvNet | 12.8 K
------------------------------------------------------------
12.8 K    Trainable params
0         Non-trainable params
12.8 K    Total params
0.051     Total estimated model params size (MB)
/home/ubuntu/anaconda3/envs/pl/lib/python3.10/site-packages/lightning/pytorch/loops/fit_loop.py:298: The number of training batches (6) is smaller than the logging interval Trainer(log_every_n_steps=1000). Set a lower value for log_every_n_steps if you want to see logs for the training epoch.
Metric val_MAE improved. New best score: 0.516
Metric val_MAE improved by 0.091 >= min_delta = 0.0. New best score: 0.426
Metric val_MAE improved by 0.143 >= min_delta = 0.0. New best score: 0.283
Metric val_MAE improved by 0.071 >= min_delta = 0.0. New best score: 0.212
Metric val_MAE improved by 0.034 >= min_delta = 0.0. New best score: 0.178
Metric val_MAE improved by 0.009 >= min_delta = 0.0. New best score: 0.169
Metric val_MAE improved by 0.003 >= min_delta = 0.0. New best score: 0.166
Metric val_MAE improved by 0.020 >= min_delta = 0.0. New best score: 0.147
Metric val_MAE improved by 0.003 >= min_delta = 0.0. New best score: 0.144
Metric val_MAE improved by 0.004 >= min_delta = 0.0. New best score: 0.140
Metric val_MAE improved by 0.001 >= min_delta = 0.0. New best score: 0.139
Metric val_MAE improved by 0.007 >= min_delta = 0.0. New best score: 0.132
Metric val_MAE improved by 0.001 >= min_delta = 0.0. New best score: 0.130
Metric val_MAE improved by 0.002 >= min_delta = 0.0. New best score: 0.128
Metric val_MAE improved by 0.001 >= min_delta = 0.0. New best score: 0.127
Metric val_MAE improved by 0.000 >= min_delta = 0.0. New best score: 0.127
Metric val_MAE improved by 0.000 >= min_delta = 0.0. New best score: 0.127
Metric val_MAE improved by 0.000 >= min_delta = 0.0. New best score: 0.126
Metric val_MAE improved by 0.000 >= min_delta = 0.0. New best score: 0.126
Metric val_MAE improved by 0.000 >= min_delta = 0.0. New best score: 0.126
Metric val_MAE improved by 0.000 >= min_delta = 0.0. New best score: 0.126
Metric val_MAE improved by 0.000 >= min_delta = 0.0. New best score: 0.125
Metric val_MAE improved by 0.000 >= min_delta = 0.0. New best score: 0.125
Metric val_MAE improved by 0.000 >= min_delta = 0.0. New best score: 0.125
Metric val_MAE improved by 0.001 >= min_delta = 0.0. New best score: 0.124
Metric val_MAE improved by 0.000 >= min_delta = 0.0. New best score: 0.124
Metric val_MAE improved by 0.000 >= min_delta = 0.0. New best score: 0.124
Metric val_MAE improved by 0.000 >= min_delta = 0.0. New best score: 0.124
Metric val_MAE improved by 0.000 >= min_delta = 0.0. New best score: 0.123
Metric val_MAE improved by 0.000 >= min_delta = 0.0. New best score: 0.123
Metric val_MAE improved by 0.000 >= min_delta = 0.0. New best score: 0.123
Metric val_MAE improved by 0.000 >= min_delta = 0.0. New best score: 0.123
Metric val_MAE improved by 0.000 >= min_delta = 0.0. New best score: 0.123
Metric val_MAE improved by 0.000 >= min_delta = 0.0. New best score: 0.123
Metric val_MAE improved by 0.000 >= min_delta = 0.0. New best score: 0.123
Metric val_MAE improved by 0.000 >= min_delta = 0.0. New best score: 0.123
Metric val_MAE improved by 0.000 >= min_delta = 0.0. New best score: 0.122
Metric val_MAE improved by 0.000 >= min_delta = 0.0. New best score: 0.122
Metric val_MAE improved by 0.000 >= min_delta = 0.0. New best score: 0.122
Metric val_MAE improved by 0.000 >= min_delta = 0.0. New best score: 0.121
Metric val_MAE improved by 0.000 >= min_delta = 0.0. New best score: 0.121
Metric val_MAE improved by 0.000 >= min_delta = 0.0. New best score: 0.121
Metric val_MAE improved by 0.000 >= min_delta = 0.0. New best score: 0.121
Metric val_MAE improved by 0.000 >= min_delta = 0.0. New best score: 0.121
Metric val_MAE improved by 0.001 >= min_delta = 0.0. New best score: 0.120
Metric val_MAE improved by 0.000 >= min_delta = 0.0. New best score: 0.120
Metric val_MAE improved by 0.000 >= min_delta = 0.0. New best score: 0.120
Metric val_MAE improved by 0.000 >= min_delta = 0.0. New best score: 0.120
Metric val_MAE improved by 0.000 >= min_delta = 0.0. New best score: 0.119
Metric val_MAE improved by 0.000 >= min_delta = 0.0. New best score: 0.119
Metric val_MAE improved by 0.000 >= min_delta = 0.0. New best score: 0.119
Metric val_MAE improved by 0.001 >= min_delta = 0.0. New best score: 0.118
Metric val_MAE improved by 0.000 >= min_delta = 0.0. New best score: 0.118
Metric val_MAE improved by 0.000 >= min_delta = 0.0. New best score: 0.118
Metric val_MAE improved by 0.000 >= min_delta = 0.0. New best score: 0.118
Metric val_MAE improved by 0.000 >= min_delta = 0.0. New best score: 0.117
Metric val_MAE improved by 0.000 >= min_delta = 0.0. New best score: 0.117
Metric val_MAE improved by 0.000 >= min_delta = 0.0. New best score: 0.117
Metric val_MAE improved by 0.000 >= min_delta = 0.0. New best score: 0.117
Metric val_MAE improved by 0.000 >= min_delta = 0.0. New best score: 0.117
Metric val_MAE improved by 0.000 >= min_delta = 0.0. New best score: 0.117
Metric val_MAE improved by 0.000 >= min_delta = 0.0. New best score: 0.117
Metric val_MAE improved by 0.000 >= min_delta = 0.0. New best score: 0.116
Metric val_MAE improved by 0.000 >= min_delta = 0.0. New best score: 0.116
Metric val_MAE improved by 0.000 >= min_delta = 0.0. New best score: 0.116
Metric val_MAE improved by 0.000 >= min_delta = 0.0. New best score: 0.116
Metric val_MAE improved by 0.000 >= min_delta = 0.0. New best score: 0.116
Metric val_MAE improved by 0.000 >= min_delta = 0.0. New best score: 0.116
Metric val_MAE improved by 0.001 >= min_delta = 0.0. New best score: 0.115
Monitored metric val_MAE did not improve in the last 500 records. Best score: 0.115. Signaling Trainer to stop.
LOCAL_RANK: 0 - CUDA_VISIBLE_DEVICES: [0]
/home/ubuntu/anaconda3/envs/pl/lib/python3.10/site-packages/lightning/pytorch/trainer/connectors/data_connector.py:441: The 'test_dataloader' does not have many workers which may be a bottleneck. Consider increasing the value of the `num_workers` argument` to `num_workers=47` in the `DataLoader` to improve performance.
┏━━━━━━━━━━━━━━━━━━━━━━━━━━━┳━━━━━━━━━━━━━━━━━━━━━━━━━━━┓
┃        Test metric        ┃       DataLoader 0        ┃
┡━━━━━━━━━━━━━━━━━━━━━━━━━━━╇━━━━━━━━━━━━━━━━━━━━━━━━━━━┩
│         test_MAE          │     59.44761657714844     │
└───────────────────────────┴───────────────────────────┘
GPU available: True (cuda), used: True
TPU available: False, using: 0 TPU cores
IPU available: False, using: 0 IPUs
HPU available: False, using: 0 HPUs
/home/ubuntu/anaconda3/envs/pl/lib/python3.10/site-packages/lightning/pytorch/callbacks/model_checkpoint.py:653: Checkpoint directory /home/ubuntu/cht_article/129/train_model/Emb_Feature/CGCNN/Cgcnn_matbench_phonons_fold4_dim16 exists and is not empty.
LOCAL_RANK: 0 - CUDA_VISIBLE_DEVICES: [0]

  | Name                | Type                | Params
------------------------------------------------------------
0 | crystalGraphConvNet | CrystalGraphConvNet | 12.8 K
------------------------------------------------------------
12.8 K    Trainable params
0         Non-trainable params
12.8 K    Total params
0.051     Total estimated model params size (MB)
/home/ubuntu/anaconda3/envs/pl/lib/python3.10/site-packages/lightning/pytorch/loops/fit_loop.py:298: The number of training batches (6) is smaller than the logging interval Trainer(log_every_n_steps=1000). Set a lower value for log_every_n_steps if you want to see logs for the training epoch.
Metric val_MAE improved. New best score: 1.401
Metric val_MAE improved by 0.994 >= min_delta = 0.0. New best score: 0.407
Metric val_MAE improved by 0.063 >= min_delta = 0.0. New best score: 0.344
Metric val_MAE improved by 0.066 >= min_delta = 0.0. New best score: 0.278
Metric val_MAE improved by 0.039 >= min_delta = 0.0. New best score: 0.239
Metric val_MAE improved by 0.027 >= min_delta = 0.0. New best score: 0.212
Metric val_MAE improved by 0.036 >= min_delta = 0.0. New best score: 0.175
Metric val_MAE improved by 0.017 >= min_delta = 0.0. New best score: 0.158
Metric val_MAE improved by 0.001 >= min_delta = 0.0. New best score: 0.157
Metric val_MAE improved by 0.012 >= min_delta = 0.0. New best score: 0.146
Metric val_MAE improved by 0.002 >= min_delta = 0.0. New best score: 0.144
Metric val_MAE improved by 0.011 >= min_delta = 0.0. New best score: 0.132
Metric val_MAE improved by 0.008 >= min_delta = 0.0. New best score: 0.124
Metric val_MAE improved by 0.000 >= min_delta = 0.0. New best score: 0.124
Metric val_MAE improved by 0.001 >= min_delta = 0.0. New best score: 0.123
Metric val_MAE improved by 0.000 >= min_delta = 0.0. New best score: 0.123
Metric val_MAE improved by 0.002 >= min_delta = 0.0. New best score: 0.121
Metric val_MAE improved by 0.001 >= min_delta = 0.0. New best score: 0.121
Metric val_MAE improved by 0.000 >= min_delta = 0.0. New best score: 0.121
Metric val_MAE improved by 0.001 >= min_delta = 0.0. New best score: 0.120
Metric val_MAE improved by 0.000 >= min_delta = 0.0. New best score: 0.120
Metric val_MAE improved by 0.000 >= min_delta = 0.0. New best score: 0.119
Metric val_MAE improved by 0.000 >= min_delta = 0.0. New best score: 0.119
Metric val_MAE improved by 0.000 >= min_delta = 0.0. New best score: 0.119
Metric val_MAE improved by 0.000 >= min_delta = 0.0. New best score: 0.118
Metric val_MAE improved by 0.001 >= min_delta = 0.0. New best score: 0.118
Metric val_MAE improved by 0.001 >= min_delta = 0.0. New best score: 0.117
Metric val_MAE improved by 0.001 >= min_delta = 0.0. New best score: 0.116
Metric val_MAE improved by 0.000 >= min_delta = 0.0. New best score: 0.116
Metric val_MAE improved by 0.001 >= min_delta = 0.0. New best score: 0.115
Metric val_MAE improved by 0.000 >= min_delta = 0.0. New best score: 0.115
Metric val_MAE improved by 0.000 >= min_delta = 0.0. New best score: 0.115
Metric val_MAE improved by 0.000 >= min_delta = 0.0. New best score: 0.115
Metric val_MAE improved by 0.000 >= min_delta = 0.0. New best score: 0.115
Metric val_MAE improved by 0.000 >= min_delta = 0.0. New best score: 0.115
Metric val_MAE improved by 0.000 >= min_delta = 0.0. New best score: 0.115
Metric val_MAE improved by 0.000 >= min_delta = 0.0. New best score: 0.114
Metric val_MAE improved by 0.000 >= min_delta = 0.0. New best score: 0.114
Metric val_MAE improved by 0.000 >= min_delta = 0.0. New best score: 0.114
Metric val_MAE improved by 0.000 >= min_delta = 0.0. New best score: 0.114
Metric val_MAE improved by 0.000 >= min_delta = 0.0. New best score: 0.114
Metric val_MAE improved by 0.000 >= min_delta = 0.0. New best score: 0.113
Metric val_MAE improved by 0.000 >= min_delta = 0.0. New best score: 0.113
Metric val_MAE improved by 0.001 >= min_delta = 0.0. New best score: 0.113
Metric val_MAE improved by 0.000 >= min_delta = 0.0. New best score: 0.113
Metric val_MAE improved by 0.000 >= min_delta = 0.0. New best score: 0.112
Metric val_MAE improved by 0.000 >= min_delta = 0.0. New best score: 0.112
Metric val_MAE improved by 0.000 >= min_delta = 0.0. New best score: 0.112
Metric val_MAE improved by 0.000 >= min_delta = 0.0. New best score: 0.112
Metric val_MAE improved by 0.000 >= min_delta = 0.0. New best score: 0.112
Metric val_MAE improved by 0.000 >= min_delta = 0.0. New best score: 0.111
Metric val_MAE improved by 0.000 >= min_delta = 0.0. New best score: 0.111
Metric val_MAE improved by 0.000 >= min_delta = 0.0. New best score: 0.111
Metric val_MAE improved by 0.000 >= min_delta = 0.0. New best score: 0.111
Metric val_MAE improved by 0.001 >= min_delta = 0.0. New best score: 0.109
Monitored metric val_MAE did not improve in the last 500 records. Best score: 0.109. Signaling Trainer to stop.
LOCAL_RANK: 0 - CUDA_VISIBLE_DEVICES: [0]
/home/ubuntu/anaconda3/envs/pl/lib/python3.10/site-packages/lightning/pytorch/trainer/connectors/data_connector.py:441: The 'test_dataloader' does not have many workers which may be a bottleneck. Consider increasing the value of the `num_workers` argument` to `num_workers=47` in the `DataLoader` to improve performance.
┏━━━━━━━━━━━━━━━━━━━━━━━━━━━┳━━━━━━━━━━━━━━━━━━━━━━━━━━━┓
┃        Test metric        ┃       DataLoader 0        ┃
┡━━━━━━━━━━━━━━━━━━━━━━━━━━━╇━━━━━━━━━━━━━━━━━━━━━━━━━━━┩
│         test_MAE          │     67.74043273925781     │
└───────────────────────────┴───────────────────────────┘
