Seed set to 42
2025-12-11 21:06:38 INFO     Initialized benchmark 'matbench_v0.1' with 1 tasks: 
['matbench_phonons']
2025-12-11 21:06:38 INFO     Loading dataset 'matbench_phonons'...
2025-12-11 21:06:39 INFO     Dataset 'matbench_phonons loaded.
GPU available: True (cuda), used: True
TPU available: False, using: 0 TPU cores
IPU available: False, using: 0 IPUs
HPU available: False, using: 0 HPUs
You are using a CUDA device ('NVIDIA GeForce RTX 3080') that has Tensor Cores. To properly utilize them, you should set `torch.set_float32_matmul_precision('medium' | 'high')` which will trade-off precision for performance. For more details, read https://pytorch.org/docs/stable/generated/torch.set_float32_matmul_precision.html#torch.set_float32_matmul_precision
2025-12-11 21:06:41.194505: I external/local_tsl/tsl/cuda/cudart_stub.cc:32] Could not find cuda drivers on your machine, GPU will not be used.
2025-12-11 21:06:41.229346: I tensorflow/core/platform/cpu_feature_guard.cc:210] This TensorFlow binary is optimized to use available CPU instructions in performance-critical operations.
To enable the following instructions: AVX2 FMA, in other operations, rebuild TensorFlow with the appropriate compiler flags.
2025-12-11 21:06:41.866266: W tensorflow/compiler/tf2tensorrt/utils/py_utils.cc:38] TF-TRT Warning: Could not find TensorRT
LOCAL_RANK: 0 - CUDA_VISIBLE_DEVICES: [0]

  | Name                | Type                | Params
------------------------------------------------------------
0 | crystalGraphConvNet | CrystalGraphConvNet | 87.2 K
------------------------------------------------------------
87.2 K    Trainable params
0         Non-trainable params
87.2 K    Total params
0.349     Total estimated model params size (MB)
/home/ubuntu/anaconda3/envs/pl/lib/python3.10/site-packages/lightning/pytorch/loops/fit_loop.py:298: The number of training batches (6) is smaller than the logging interval Trainer(log_every_n_steps=1000). Set a lower value for log_every_n_steps if you want to see logs for the training epoch.
Metric val_MAE improved. New best score: 1.603
Metric val_MAE improved by 1.070 >= min_delta = 0.0. New best score: 0.533
Metric val_MAE improved by 0.063 >= min_delta = 0.0. New best score: 0.470
Metric val_MAE improved by 0.002 >= min_delta = 0.0. New best score: 0.468
Metric val_MAE improved by 0.118 >= min_delta = 0.0. New best score: 0.350
Metric val_MAE improved by 0.083 >= min_delta = 0.0. New best score: 0.267
Metric val_MAE improved by 0.073 >= min_delta = 0.0. New best score: 0.194
Metric val_MAE improved by 0.035 >= min_delta = 0.0. New best score: 0.159
Metric val_MAE improved by 0.008 >= min_delta = 0.0. New best score: 0.151
Metric val_MAE improved by 0.002 >= min_delta = 0.0. New best score: 0.149
Metric val_MAE improved by 0.002 >= min_delta = 0.0. New best score: 0.148
Metric val_MAE improved by 0.009 >= min_delta = 0.0. New best score: 0.139
Metric val_MAE improved by 0.006 >= min_delta = 0.0. New best score: 0.133
Metric val_MAE improved by 0.001 >= min_delta = 0.0. New best score: 0.131
Metric val_MAE improved by 0.007 >= min_delta = 0.0. New best score: 0.124
Metric val_MAE improved by 0.002 >= min_delta = 0.0. New best score: 0.122
Metric val_MAE improved by 0.002 >= min_delta = 0.0. New best score: 0.121
Metric val_MAE improved by 0.001 >= min_delta = 0.0. New best score: 0.120
Monitored metric val_MAE did not improve in the last 500 records. Best score: 0.120. Signaling Trainer to stop.
LOCAL_RANK: 0 - CUDA_VISIBLE_DEVICES: [0]
/home/ubuntu/anaconda3/envs/pl/lib/python3.10/site-packages/lightning/pytorch/trainer/connectors/data_connector.py:441: The 'test_dataloader' does not have many workers which may be a bottleneck. Consider increasing the value of the `num_workers` argument` to `num_workers=47` in the `DataLoader` to improve performance.
┏━━━━━━━━━━━━━━━━━━━━━━━━━━━┳━━━━━━━━━━━━━━━━━━━━━━━━━━━┓
┃        Test metric        ┃       DataLoader 0        ┃
┡━━━━━━━━━━━━━━━━━━━━━━━━━━━╇━━━━━━━━━━━━━━━━━━━━━━━━━━━┩
│         test_MAE          │     96.26286315917969     │
└───────────────────────────┴───────────────────────────┘
GPU available: True (cuda), used: True
TPU available: False, using: 0 TPU cores
IPU available: False, using: 0 IPUs
HPU available: False, using: 0 HPUs
/home/ubuntu/anaconda3/envs/pl/lib/python3.10/site-packages/lightning/pytorch/callbacks/model_checkpoint.py:653: Checkpoint directory /home/ubuntu/cht_article/129/train_model/Emb_Feature/CGCNN/Cgcnn_matbench_phonons_fold1_dim64 exists and is not empty.
LOCAL_RANK: 0 - CUDA_VISIBLE_DEVICES: [0]

  | Name                | Type                | Params
------------------------------------------------------------
0 | crystalGraphConvNet | CrystalGraphConvNet | 87.2 K
------------------------------------------------------------
87.2 K    Trainable params
0         Non-trainable params
87.2 K    Total params
0.349     Total estimated model params size (MB)
/home/ubuntu/anaconda3/envs/pl/lib/python3.10/site-packages/lightning/pytorch/loops/fit_loop.py:298: The number of training batches (6) is smaller than the logging interval Trainer(log_every_n_steps=1000). Set a lower value for log_every_n_steps if you want to see logs for the training epoch.
Metric val_MAE improved. New best score: 1.592
Metric val_MAE improved by 0.643 >= min_delta = 0.0. New best score: 0.949
Metric val_MAE improved by 0.020 >= min_delta = 0.0. New best score: 0.930
Metric val_MAE improved by 0.497 >= min_delta = 0.0. New best score: 0.433
Metric val_MAE improved by 0.098 >= min_delta = 0.0. New best score: 0.335
Metric val_MAE improved by 0.051 >= min_delta = 0.0. New best score: 0.284
Metric val_MAE improved by 0.003 >= min_delta = 0.0. New best score: 0.281
Metric val_MAE improved by 0.076 >= min_delta = 0.0. New best score: 0.205
Metric val_MAE improved by 0.014 >= min_delta = 0.0. New best score: 0.191
Metric val_MAE improved by 0.020 >= min_delta = 0.0. New best score: 0.172
Metric val_MAE improved by 0.015 >= min_delta = 0.0. New best score: 0.157
Metric val_MAE improved by 0.003 >= min_delta = 0.0. New best score: 0.154
Metric val_MAE improved by 0.006 >= min_delta = 0.0. New best score: 0.148
Metric val_MAE improved by 0.002 >= min_delta = 0.0. New best score: 0.146
Metric val_MAE improved by 0.005 >= min_delta = 0.0. New best score: 0.141
Metric val_MAE improved by 0.002 >= min_delta = 0.0. New best score: 0.139
Metric val_MAE improved by 0.003 >= min_delta = 0.0. New best score: 0.136
Metric val_MAE improved by 0.003 >= min_delta = 0.0. New best score: 0.133
Metric val_MAE improved by 0.000 >= min_delta = 0.0. New best score: 0.133
Metric val_MAE improved by 0.001 >= min_delta = 0.0. New best score: 0.132
Metric val_MAE improved by 0.001 >= min_delta = 0.0. New best score: 0.132
Metric val_MAE improved by 0.002 >= min_delta = 0.0. New best score: 0.130
Metric val_MAE improved by 0.007 >= min_delta = 0.0. New best score: 0.123
Metric val_MAE improved by 0.000 >= min_delta = 0.0. New best score: 0.123
Metric val_MAE improved by 0.000 >= min_delta = 0.0. New best score: 0.123
Metric val_MAE improved by 0.000 >= min_delta = 0.0. New best score: 0.122
Metric val_MAE improved by 0.001 >= min_delta = 0.0. New best score: 0.121
Metric val_MAE improved by 0.000 >= min_delta = 0.0. New best score: 0.121
Metric val_MAE improved by 0.000 >= min_delta = 0.0. New best score: 0.121
Metric val_MAE improved by 0.001 >= min_delta = 0.0. New best score: 0.121
Metric val_MAE improved by 0.000 >= min_delta = 0.0. New best score: 0.121
Metric val_MAE improved by 0.000 >= min_delta = 0.0. New best score: 0.121
Metric val_MAE improved by 0.000 >= min_delta = 0.0. New best score: 0.120
Metric val_MAE improved by 0.000 >= min_delta = 0.0. New best score: 0.120
Metric val_MAE improved by 0.000 >= min_delta = 0.0. New best score: 0.120
Metric val_MAE improved by 0.000 >= min_delta = 0.0. New best score: 0.120
Metric val_MAE improved by 0.000 >= min_delta = 0.0. New best score: 0.119
Metric val_MAE improved by 0.000 >= min_delta = 0.0. New best score: 0.119
Metric val_MAE improved by 0.000 >= min_delta = 0.0. New best score: 0.119
Metric val_MAE improved by 0.000 >= min_delta = 0.0. New best score: 0.119
Metric val_MAE improved by 0.000 >= min_delta = 0.0. New best score: 0.119
Metric val_MAE improved by 0.000 >= min_delta = 0.0. New best score: 0.119
Metric val_MAE improved by 0.000 >= min_delta = 0.0. New best score: 0.119
Metric val_MAE improved by 0.001 >= min_delta = 0.0. New best score: 0.118
Metric val_MAE improved by 0.000 >= min_delta = 0.0. New best score: 0.118
Metric val_MAE improved by 0.000 >= min_delta = 0.0. New best score: 0.118
Metric val_MAE improved by 0.000 >= min_delta = 0.0. New best score: 0.118
Metric val_MAE improved by 0.000 >= min_delta = 0.0. New best score: 0.117
Metric val_MAE improved by 0.000 >= min_delta = 0.0. New best score: 0.117
Metric val_MAE improved by 0.000 >= min_delta = 0.0. New best score: 0.117
Metric val_MAE improved by 0.000 >= min_delta = 0.0. New best score: 0.117
Metric val_MAE improved by 0.001 >= min_delta = 0.0. New best score: 0.116
Monitored metric val_MAE did not improve in the last 500 records. Best score: 0.116. Signaling Trainer to stop.
LOCAL_RANK: 0 - CUDA_VISIBLE_DEVICES: [0]
/home/ubuntu/anaconda3/envs/pl/lib/python3.10/site-packages/lightning/pytorch/trainer/connectors/data_connector.py:441: The 'test_dataloader' does not have many workers which may be a bottleneck. Consider increasing the value of the `num_workers` argument` to `num_workers=47` in the `DataLoader` to improve performance.
┏━━━━━━━━━━━━━━━━━━━━━━━━━━━┳━━━━━━━━━━━━━━━━━━━━━━━━━━━┓
┃        Test metric        ┃       DataLoader 0        ┃
┡━━━━━━━━━━━━━━━━━━━━━━━━━━━╇━━━━━━━━━━━━━━━━━━━━━━━━━━━┩
│         test_MAE          │     54.11893081665039     │
└───────────────────────────┴───────────────────────────┘
GPU available: True (cuda), used: True
TPU available: False, using: 0 TPU cores
IPU available: False, using: 0 IPUs
HPU available: False, using: 0 HPUs
/home/ubuntu/anaconda3/envs/pl/lib/python3.10/site-packages/lightning/pytorch/callbacks/model_checkpoint.py:653: Checkpoint directory /home/ubuntu/cht_article/129/train_model/Emb_Feature/CGCNN/Cgcnn_matbench_phonons_fold2_dim64 exists and is not empty.
LOCAL_RANK: 0 - CUDA_VISIBLE_DEVICES: [0]

  | Name                | Type                | Params
------------------------------------------------------------
0 | crystalGraphConvNet | CrystalGraphConvNet | 87.2 K
------------------------------------------------------------
87.2 K    Trainable params
0         Non-trainable params
87.2 K    Total params
0.349     Total estimated model params size (MB)
/home/ubuntu/anaconda3/envs/pl/lib/python3.10/site-packages/lightning/pytorch/loops/fit_loop.py:298: The number of training batches (6) is smaller than the logging interval Trainer(log_every_n_steps=1000). Set a lower value for log_every_n_steps if you want to see logs for the training epoch.
Metric val_MAE improved. New best score: 1.054
Metric val_MAE improved by 0.576 >= min_delta = 0.0. New best score: 0.478
Metric val_MAE improved by 0.080 >= min_delta = 0.0. New best score: 0.398
Metric val_MAE improved by 0.192 >= min_delta = 0.0. New best score: 0.206
Metric val_MAE improved by 0.015 >= min_delta = 0.0. New best score: 0.191
Metric val_MAE improved by 0.016 >= min_delta = 0.0. New best score: 0.175
Metric val_MAE improved by 0.004 >= min_delta = 0.0. New best score: 0.171
Metric val_MAE improved by 0.009 >= min_delta = 0.0. New best score: 0.162
Metric val_MAE improved by 0.011 >= min_delta = 0.0. New best score: 0.151
Metric val_MAE improved by 0.007 >= min_delta = 0.0. New best score: 0.144
Metric val_MAE improved by 0.002 >= min_delta = 0.0. New best score: 0.143
Metric val_MAE improved by 0.002 >= min_delta = 0.0. New best score: 0.141
Metric val_MAE improved by 0.001 >= min_delta = 0.0. New best score: 0.140
Metric val_MAE improved by 0.004 >= min_delta = 0.0. New best score: 0.136
Metric val_MAE improved by 0.001 >= min_delta = 0.0. New best score: 0.135
Metric val_MAE improved by 0.000 >= min_delta = 0.0. New best score: 0.135
Metric val_MAE improved by 0.001 >= min_delta = 0.0. New best score: 0.135
Metric val_MAE improved by 0.001 >= min_delta = 0.0. New best score: 0.134
Metric val_MAE improved by 0.000 >= min_delta = 0.0. New best score: 0.134
Metric val_MAE improved by 0.000 >= min_delta = 0.0. New best score: 0.134
Metric val_MAE improved by 0.001 >= min_delta = 0.0. New best score: 0.133
Metric val_MAE improved by 0.000 >= min_delta = 0.0. New best score: 0.133
Metric val_MAE improved by 0.000 >= min_delta = 0.0. New best score: 0.133
Metric val_MAE improved by 0.000 >= min_delta = 0.0. New best score: 0.132
Metric val_MAE improved by 0.000 >= min_delta = 0.0. New best score: 0.132
Metric val_MAE improved by 0.000 >= min_delta = 0.0. New best score: 0.132
Metric val_MAE improved by 0.000 >= min_delta = 0.0. New best score: 0.132
Metric val_MAE improved by 0.000 >= min_delta = 0.0. New best score: 0.132
Metric val_MAE improved by 0.001 >= min_delta = 0.0. New best score: 0.131
Metric val_MAE improved by 0.000 >= min_delta = 0.0. New best score: 0.131
Metric val_MAE improved by 0.001 >= min_delta = 0.0. New best score: 0.130
Metric val_MAE improved by 0.000 >= min_delta = 0.0. New best score: 0.130
Metric val_MAE improved by 0.000 >= min_delta = 0.0. New best score: 0.130
Metric val_MAE improved by 0.001 >= min_delta = 0.0. New best score: 0.129
Metric val_MAE improved by 0.000 >= min_delta = 0.0. New best score: 0.129
Metric val_MAE improved by 0.000 >= min_delta = 0.0. New best score: 0.129
Metric val_MAE improved by 0.000 >= min_delta = 0.0. New best score: 0.128
Metric val_MAE improved by 0.000 >= min_delta = 0.0. New best score: 0.128
Metric val_MAE improved by 0.001 >= min_delta = 0.0. New best score: 0.128
Metric val_MAE improved by 0.000 >= min_delta = 0.0. New best score: 0.128
Metric val_MAE improved by 0.000 >= min_delta = 0.0. New best score: 0.128
Metric val_MAE improved by 0.000 >= min_delta = 0.0. New best score: 0.127
Metric val_MAE improved by 0.000 >= min_delta = 0.0. New best score: 0.127
Metric val_MAE improved by 0.000 >= min_delta = 0.0. New best score: 0.127
Monitored metric val_MAE did not improve in the last 500 records. Best score: 0.127. Signaling Trainer to stop.
LOCAL_RANK: 0 - CUDA_VISIBLE_DEVICES: [0]
/home/ubuntu/anaconda3/envs/pl/lib/python3.10/site-packages/lightning/pytorch/trainer/connectors/data_connector.py:441: The 'test_dataloader' does not have many workers which may be a bottleneck. Consider increasing the value of the `num_workers` argument` to `num_workers=47` in the `DataLoader` to improve performance.
┏━━━━━━━━━━━━━━━━━━━━━━━━━━━┳━━━━━━━━━━━━━━━━━━━━━━━━━━━┓
┃        Test metric        ┃       DataLoader 0        ┃
┡━━━━━━━━━━━━━━━━━━━━━━━━━━━╇━━━━━━━━━━━━━━━━━━━━━━━━━━━┩
│         test_MAE          │     66.0310287475586      │
└───────────────────────────┴───────────────────────────┘
GPU available: True (cuda), used: True
TPU available: False, using: 0 TPU cores
IPU available: False, using: 0 IPUs
HPU available: False, using: 0 HPUs
/home/ubuntu/anaconda3/envs/pl/lib/python3.10/site-packages/lightning/pytorch/callbacks/model_checkpoint.py:653: Checkpoint directory /home/ubuntu/cht_article/129/train_model/Emb_Feature/CGCNN/Cgcnn_matbench_phonons_fold3_dim64 exists and is not empty.
LOCAL_RANK: 0 - CUDA_VISIBLE_DEVICES: [0]

  | Name                | Type                | Params
------------------------------------------------------------
0 | crystalGraphConvNet | CrystalGraphConvNet | 87.2 K
------------------------------------------------------------
87.2 K    Trainable params
0         Non-trainable params
87.2 K    Total params
0.349     Total estimated model params size (MB)
/home/ubuntu/anaconda3/envs/pl/lib/python3.10/site-packages/lightning/pytorch/loops/fit_loop.py:298: The number of training batches (6) is smaller than the logging interval Trainer(log_every_n_steps=1000). Set a lower value for log_every_n_steps if you want to see logs for the training epoch.
Metric val_MAE improved. New best score: 1.577
Metric val_MAE improved by 0.581 >= min_delta = 0.0. New best score: 0.997
Metric val_MAE improved by 0.257 >= min_delta = 0.0. New best score: 0.739
Metric val_MAE improved by 0.302 >= min_delta = 0.0. New best score: 0.438
Metric val_MAE improved by 0.069 >= min_delta = 0.0. New best score: 0.369
Metric val_MAE improved by 0.131 >= min_delta = 0.0. New best score: 0.238
Metric val_MAE improved by 0.013 >= min_delta = 0.0. New best score: 0.225
Metric val_MAE improved by 0.005 >= min_delta = 0.0. New best score: 0.220
Metric val_MAE improved by 0.016 >= min_delta = 0.0. New best score: 0.204
Metric val_MAE improved by 0.012 >= min_delta = 0.0. New best score: 0.192
Metric val_MAE improved by 0.028 >= min_delta = 0.0. New best score: 0.163
Metric val_MAE improved by 0.006 >= min_delta = 0.0. New best score: 0.157
Metric val_MAE improved by 0.004 >= min_delta = 0.0. New best score: 0.153
Metric val_MAE improved by 0.003 >= min_delta = 0.0. New best score: 0.151
Metric val_MAE improved by 0.002 >= min_delta = 0.0. New best score: 0.149
Metric val_MAE improved by 0.005 >= min_delta = 0.0. New best score: 0.144
Metric val_MAE improved by 0.001 >= min_delta = 0.0. New best score: 0.143
Metric val_MAE improved by 0.000 >= min_delta = 0.0. New best score: 0.143
Metric val_MAE improved by 0.001 >= min_delta = 0.0. New best score: 0.141
Metric val_MAE improved by 0.003 >= min_delta = 0.0. New best score: 0.138
Metric val_MAE improved by 0.003 >= min_delta = 0.0. New best score: 0.135
Metric val_MAE improved by 0.002 >= min_delta = 0.0. New best score: 0.134
Metric val_MAE improved by 0.001 >= min_delta = 0.0. New best score: 0.132
Metric val_MAE improved by 0.000 >= min_delta = 0.0. New best score: 0.132
Metric val_MAE improved by 0.000 >= min_delta = 0.0. New best score: 0.132
Metric val_MAE improved by 0.001 >= min_delta = 0.0. New best score: 0.131
Metric val_MAE improved by 0.002 >= min_delta = 0.0. New best score: 0.130
Metric val_MAE improved by 0.002 >= min_delta = 0.0. New best score: 0.127
Metric val_MAE improved by 0.000 >= min_delta = 0.0. New best score: 0.127
Metric val_MAE improved by 0.000 >= min_delta = 0.0. New best score: 0.127
Metric val_MAE improved by 0.000 >= min_delta = 0.0. New best score: 0.126
Metric val_MAE improved by 0.001 >= min_delta = 0.0. New best score: 0.125
Metric val_MAE improved by 0.000 >= min_delta = 0.0. New best score: 0.125
Metric val_MAE improved by 0.000 >= min_delta = 0.0. New best score: 0.125
Metric val_MAE improved by 0.001 >= min_delta = 0.0. New best score: 0.124
Metric val_MAE improved by 0.001 >= min_delta = 0.0. New best score: 0.123
Metric val_MAE improved by 0.000 >= min_delta = 0.0. New best score: 0.123
Metric val_MAE improved by 0.000 >= min_delta = 0.0. New best score: 0.123
Monitored metric val_MAE did not improve in the last 500 records. Best score: 0.123. Signaling Trainer to stop.
LOCAL_RANK: 0 - CUDA_VISIBLE_DEVICES: [0]
/home/ubuntu/anaconda3/envs/pl/lib/python3.10/site-packages/lightning/pytorch/trainer/connectors/data_connector.py:441: The 'test_dataloader' does not have many workers which may be a bottleneck. Consider increasing the value of the `num_workers` argument` to `num_workers=47` in the `DataLoader` to improve performance.
┏━━━━━━━━━━━━━━━━━━━━━━━━━━━┳━━━━━━━━━━━━━━━━━━━━━━━━━━━┓
┃        Test metric        ┃       DataLoader 0        ┃
┡━━━━━━━━━━━━━━━━━━━━━━━━━━━╇━━━━━━━━━━━━━━━━━━━━━━━━━━━┩
│         test_MAE          │     58.34203338623047     │
└───────────────────────────┴───────────────────────────┘
GPU available: True (cuda), used: True
TPU available: False, using: 0 TPU cores
IPU available: False, using: 0 IPUs
HPU available: False, using: 0 HPUs
/home/ubuntu/anaconda3/envs/pl/lib/python3.10/site-packages/lightning/pytorch/callbacks/model_checkpoint.py:653: Checkpoint directory /home/ubuntu/cht_article/129/train_model/Emb_Feature/CGCNN/Cgcnn_matbench_phonons_fold4_dim64 exists and is not empty.
LOCAL_RANK: 0 - CUDA_VISIBLE_DEVICES: [0]

  | Name                | Type                | Params
------------------------------------------------------------
0 | crystalGraphConvNet | CrystalGraphConvNet | 87.2 K
------------------------------------------------------------
87.2 K    Trainable params
0         Non-trainable params
87.2 K    Total params
0.349     Total estimated model params size (MB)
/home/ubuntu/anaconda3/envs/pl/lib/python3.10/site-packages/lightning/pytorch/loops/fit_loop.py:298: The number of training batches (6) is smaller than the logging interval Trainer(log_every_n_steps=1000). Set a lower value for log_every_n_steps if you want to see logs for the training epoch.
Metric val_MAE improved. New best score: 0.602
Metric val_MAE improved by 0.095 >= min_delta = 0.0. New best score: 0.506
Metric val_MAE improved by 0.163 >= min_delta = 0.0. New best score: 0.343
Metric val_MAE improved by 0.010 >= min_delta = 0.0. New best score: 0.333
Metric val_MAE improved by 0.068 >= min_delta = 0.0. New best score: 0.265
Metric val_MAE improved by 0.074 >= min_delta = 0.0. New best score: 0.191
Metric val_MAE improved by 0.015 >= min_delta = 0.0. New best score: 0.176
Metric val_MAE improved by 0.009 >= min_delta = 0.0. New best score: 0.166
Metric val_MAE improved by 0.006 >= min_delta = 0.0. New best score: 0.160
Metric val_MAE improved by 0.001 >= min_delta = 0.0. New best score: 0.159
Metric val_MAE improved by 0.007 >= min_delta = 0.0. New best score: 0.153
Metric val_MAE improved by 0.004 >= min_delta = 0.0. New best score: 0.148
Metric val_MAE improved by 0.008 >= min_delta = 0.0. New best score: 0.140
Metric val_MAE improved by 0.007 >= min_delta = 0.0. New best score: 0.133
Metric val_MAE improved by 0.011 >= min_delta = 0.0. New best score: 0.122
Metric val_MAE improved by 0.002 >= min_delta = 0.0. New best score: 0.121
Metric val_MAE improved by 0.002 >= min_delta = 0.0. New best score: 0.119
Metric val_MAE improved by 0.002 >= min_delta = 0.0. New best score: 0.117
Metric val_MAE improved by 0.001 >= min_delta = 0.0. New best score: 0.116
Metric val_MAE improved by 0.000 >= min_delta = 0.0. New best score: 0.116
Metric val_MAE improved by 0.000 >= min_delta = 0.0. New best score: 0.116
Metric val_MAE improved by 0.000 >= min_delta = 0.0. New best score: 0.116
Metric val_MAE improved by 0.000 >= min_delta = 0.0. New best score: 0.116
Metric val_MAE improved by 0.000 >= min_delta = 0.0. New best score: 0.116
Metric val_MAE improved by 0.001 >= min_delta = 0.0. New best score: 0.115
Metric val_MAE improved by 0.000 >= min_delta = 0.0. New best score: 0.115
Metric val_MAE improved by 0.000 >= min_delta = 0.0. New best score: 0.115
Metric val_MAE improved by 0.000 >= min_delta = 0.0. New best score: 0.115
Metric val_MAE improved by 0.000 >= min_delta = 0.0. New best score: 0.115
Metric val_MAE improved by 0.001 >= min_delta = 0.0. New best score: 0.114
Metric val_MAE improved by 0.001 >= min_delta = 0.0. New best score: 0.113
Metric val_MAE improved by 0.000 >= min_delta = 0.0. New best score: 0.113
Metric val_MAE improved by 0.000 >= min_delta = 0.0. New best score: 0.113
Metric val_MAE improved by 0.000 >= min_delta = 0.0. New best score: 0.113
Metric val_MAE improved by 0.000 >= min_delta = 0.0. New best score: 0.113
Metric val_MAE improved by 0.000 >= min_delta = 0.0. New best score: 0.112
Metric val_MAE improved by 0.000 >= min_delta = 0.0. New best score: 0.112
Metric val_MAE improved by 0.000 >= min_delta = 0.0. New best score: 0.112
Metric val_MAE improved by 0.001 >= min_delta = 0.0. New best score: 0.111
Metric val_MAE improved by 0.000 >= min_delta = 0.0. New best score: 0.111
Metric val_MAE improved by 0.000 >= min_delta = 0.0. New best score: 0.111
Metric val_MAE improved by 0.000 >= min_delta = 0.0. New best score: 0.110
Metric val_MAE improved by 0.000 >= min_delta = 0.0. New best score: 0.110
Metric val_MAE improved by 0.000 >= min_delta = 0.0. New best score: 0.110
Metric val_MAE improved by 0.001 >= min_delta = 0.0. New best score: 0.110
Metric val_MAE improved by 0.000 >= min_delta = 0.0. New best score: 0.109
Metric val_MAE improved by 0.000 >= min_delta = 0.0. New best score: 0.109
Monitored metric val_MAE did not improve in the last 500 records. Best score: 0.109. Signaling Trainer to stop.
LOCAL_RANK: 0 - CUDA_VISIBLE_DEVICES: [0]
/home/ubuntu/anaconda3/envs/pl/lib/python3.10/site-packages/lightning/pytorch/trainer/connectors/data_connector.py:441: The 'test_dataloader' does not have many workers which may be a bottleneck. Consider increasing the value of the `num_workers` argument` to `num_workers=47` in the `DataLoader` to improve performance.
┏━━━━━━━━━━━━━━━━━━━━━━━━━━━┳━━━━━━━━━━━━━━━━━━━━━━━━━━━┓
┃        Test metric        ┃       DataLoader 0        ┃
┡━━━━━━━━━━━━━━━━━━━━━━━━━━━╇━━━━━━━━━━━━━━━━━━━━━━━━━━━┩
│         test_MAE          │     70.80075073242188     │
└───────────────────────────┴───────────────────────────┘
