Seed set to 42
2025-12-11 21:06:38 INFO     Initialized benchmark 'matbench_v0.1' with 1 tasks: 
['matbench_phonons']
2025-12-11 21:06:38 INFO     Loading dataset 'matbench_phonons'...
2025-12-11 21:06:38 INFO     Dataset 'matbench_phonons loaded.
GPU available: True (cuda), used: True
TPU available: False, using: 0 TPU cores
IPU available: False, using: 0 IPUs
HPU available: False, using: 0 HPUs
You are using a CUDA device ('NVIDIA GeForce RTX 3080') that has Tensor Cores. To properly utilize them, you should set `torch.set_float32_matmul_precision('medium' | 'high')` which will trade-off precision for performance. For more details, read https://pytorch.org/docs/stable/generated/torch.set_float32_matmul_precision.html#torch.set_float32_matmul_precision
2025-12-11 21:06:41.122212: I external/local_tsl/tsl/cuda/cudart_stub.cc:32] Could not find cuda drivers on your machine, GPU will not be used.
2025-12-11 21:06:41.157427: I tensorflow/core/platform/cpu_feature_guard.cc:210] This TensorFlow binary is optimized to use available CPU instructions in performance-critical operations.
To enable the following instructions: AVX2 FMA, in other operations, rebuild TensorFlow with the appropriate compiler flags.
2025-12-11 21:06:41.838834: W tensorflow/compiler/tf2tensorrt/utils/py_utils.cc:38] TF-TRT Warning: Could not find TensorRT
LOCAL_RANK: 0 - CUDA_VISIBLE_DEVICES: [0]

  | Name                | Type                | Params
------------------------------------------------------------
0 | crystalGraphConvNet | CrystalGraphConvNet | 87.2 K
------------------------------------------------------------
87.2 K    Trainable params
0         Non-trainable params
87.2 K    Total params
0.349     Total estimated model params size (MB)
/home/ubuntu/anaconda3/envs/pl/lib/python3.10/site-packages/lightning/pytorch/loops/fit_loop.py:298: The number of training batches (6) is smaller than the logging interval Trainer(log_every_n_steps=1000). Set a lower value for log_every_n_steps if you want to see logs for the training epoch.
Metric val_MAE improved. New best score: 1.612
Metric val_MAE improved by 1.060 >= min_delta = 0.0. New best score: 0.552
Metric val_MAE improved by 0.072 >= min_delta = 0.0. New best score: 0.480
Metric val_MAE improved by 0.034 >= min_delta = 0.0. New best score: 0.446
Metric val_MAE improved by 0.069 >= min_delta = 0.0. New best score: 0.378
Metric val_MAE improved by 0.084 >= min_delta = 0.0. New best score: 0.294
Metric val_MAE improved by 0.009 >= min_delta = 0.0. New best score: 0.284
Metric val_MAE improved by 0.056 >= min_delta = 0.0. New best score: 0.229
Metric val_MAE improved by 0.055 >= min_delta = 0.0. New best score: 0.173
Metric val_MAE improved by 0.010 >= min_delta = 0.0. New best score: 0.163
Metric val_MAE improved by 0.014 >= min_delta = 0.0. New best score: 0.149
Metric val_MAE improved by 0.000 >= min_delta = 0.0. New best score: 0.149
Metric val_MAE improved by 0.002 >= min_delta = 0.0. New best score: 0.147
Metric val_MAE improved by 0.011 >= min_delta = 0.0. New best score: 0.136
Metric val_MAE improved by 0.007 >= min_delta = 0.0. New best score: 0.129
Metric val_MAE improved by 0.007 >= min_delta = 0.0. New best score: 0.121
Metric val_MAE improved by 0.000 >= min_delta = 0.0. New best score: 0.121
Metric val_MAE improved by 0.002 >= min_delta = 0.0. New best score: 0.120
Metric val_MAE improved by 0.001 >= min_delta = 0.0. New best score: 0.119
Metric val_MAE improved by 0.001 >= min_delta = 0.0. New best score: 0.118
Monitored metric val_MAE did not improve in the last 500 records. Best score: 0.118. Signaling Trainer to stop.
LOCAL_RANK: 0 - CUDA_VISIBLE_DEVICES: [0]
/home/ubuntu/anaconda3/envs/pl/lib/python3.10/site-packages/lightning/pytorch/trainer/connectors/data_connector.py:441: The 'test_dataloader' does not have many workers which may be a bottleneck. Consider increasing the value of the `num_workers` argument` to `num_workers=47` in the `DataLoader` to improve performance.
┏━━━━━━━━━━━━━━━━━━━━━━━━━━━┳━━━━━━━━━━━━━━━━━━━━━━━━━━━┓
┃        Test metric        ┃       DataLoader 0        ┃
┡━━━━━━━━━━━━━━━━━━━━━━━━━━━╇━━━━━━━━━━━━━━━━━━━━━━━━━━━┩
│         test_MAE          │     96.33776092529297     │
└───────────────────────────┴───────────────────────────┘
GPU available: True (cuda), used: True
TPU available: False, using: 0 TPU cores
IPU available: False, using: 0 IPUs
HPU available: False, using: 0 HPUs
/home/ubuntu/anaconda3/envs/pl/lib/python3.10/site-packages/lightning/pytorch/callbacks/model_checkpoint.py:653: Checkpoint directory /home/ubuntu/cht_article/129/train_model/Emb_Feature/CGCNN/Cgcnn_matbench_phonons_fold1_dim64 exists and is not empty.
LOCAL_RANK: 0 - CUDA_VISIBLE_DEVICES: [0]

  | Name                | Type                | Params
------------------------------------------------------------
0 | crystalGraphConvNet | CrystalGraphConvNet | 87.2 K
------------------------------------------------------------
87.2 K    Trainable params
0         Non-trainable params
87.2 K    Total params
0.349     Total estimated model params size (MB)
/home/ubuntu/anaconda3/envs/pl/lib/python3.10/site-packages/lightning/pytorch/loops/fit_loop.py:298: The number of training batches (6) is smaller than the logging interval Trainer(log_every_n_steps=1000). Set a lower value for log_every_n_steps if you want to see logs for the training epoch.
Metric val_MAE improved. New best score: 0.517
Metric val_MAE improved by 0.150 >= min_delta = 0.0. New best score: 0.367
Metric val_MAE improved by 0.079 >= min_delta = 0.0. New best score: 0.288
Metric val_MAE improved by 0.085 >= min_delta = 0.0. New best score: 0.203
Metric val_MAE improved by 0.002 >= min_delta = 0.0. New best score: 0.201
Metric val_MAE improved by 0.002 >= min_delta = 0.0. New best score: 0.198
Metric val_MAE improved by 0.035 >= min_delta = 0.0. New best score: 0.164
Metric val_MAE improved by 0.008 >= min_delta = 0.0. New best score: 0.156
Metric val_MAE improved by 0.006 >= min_delta = 0.0. New best score: 0.150
Metric val_MAE improved by 0.010 >= min_delta = 0.0. New best score: 0.140
Metric val_MAE improved by 0.005 >= min_delta = 0.0. New best score: 0.135
Metric val_MAE improved by 0.001 >= min_delta = 0.0. New best score: 0.134
Metric val_MAE improved by 0.001 >= min_delta = 0.0. New best score: 0.133
Metric val_MAE improved by 0.000 >= min_delta = 0.0. New best score: 0.132
Metric val_MAE improved by 0.003 >= min_delta = 0.0. New best score: 0.130
Metric val_MAE improved by 0.007 >= min_delta = 0.0. New best score: 0.122
Monitored metric val_MAE did not improve in the last 500 records. Best score: 0.122. Signaling Trainer to stop.
LOCAL_RANK: 0 - CUDA_VISIBLE_DEVICES: [0]
/home/ubuntu/anaconda3/envs/pl/lib/python3.10/site-packages/lightning/pytorch/trainer/connectors/data_connector.py:441: The 'test_dataloader' does not have many workers which may be a bottleneck. Consider increasing the value of the `num_workers` argument` to `num_workers=47` in the `DataLoader` to improve performance.
┏━━━━━━━━━━━━━━━━━━━━━━━━━━━┳━━━━━━━━━━━━━━━━━━━━━━━━━━━┓
┃        Test metric        ┃       DataLoader 0        ┃
┡━━━━━━━━━━━━━━━━━━━━━━━━━━━╇━━━━━━━━━━━━━━━━━━━━━━━━━━━┩
│         test_MAE          │     65.61190795898438     │
└───────────────────────────┴───────────────────────────┘
GPU available: True (cuda), used: True
TPU available: False, using: 0 TPU cores
IPU available: False, using: 0 IPUs
HPU available: False, using: 0 HPUs
/home/ubuntu/anaconda3/envs/pl/lib/python3.10/site-packages/lightning/pytorch/callbacks/model_checkpoint.py:653: Checkpoint directory /home/ubuntu/cht_article/129/train_model/Emb_Feature/CGCNN/Cgcnn_matbench_phonons_fold2_dim64 exists and is not empty.
LOCAL_RANK: 0 - CUDA_VISIBLE_DEVICES: [0]

  | Name                | Type                | Params
------------------------------------------------------------
0 | crystalGraphConvNet | CrystalGraphConvNet | 87.2 K
------------------------------------------------------------
87.2 K    Trainable params
0         Non-trainable params
87.2 K    Total params
0.349     Total estimated model params size (MB)
/home/ubuntu/anaconda3/envs/pl/lib/python3.10/site-packages/lightning/pytorch/loops/fit_loop.py:298: The number of training batches (6) is smaller than the logging interval Trainer(log_every_n_steps=1000). Set a lower value for log_every_n_steps if you want to see logs for the training epoch.
Metric val_MAE improved. New best score: 0.512
Metric val_MAE improved by 0.053 >= min_delta = 0.0. New best score: 0.459
Metric val_MAE improved by 0.025 >= min_delta = 0.0. New best score: 0.435
Metric val_MAE improved by 0.074 >= min_delta = 0.0. New best score: 0.361
Metric val_MAE improved by 0.071 >= min_delta = 0.0. New best score: 0.290
Metric val_MAE improved by 0.023 >= min_delta = 0.0. New best score: 0.267
Metric val_MAE improved by 0.000 >= min_delta = 0.0. New best score: 0.267
Metric val_MAE improved by 0.027 >= min_delta = 0.0. New best score: 0.240
Metric val_MAE improved by 0.009 >= min_delta = 0.0. New best score: 0.231
Metric val_MAE improved by 0.053 >= min_delta = 0.0. New best score: 0.178
Metric val_MAE improved by 0.005 >= min_delta = 0.0. New best score: 0.173
Metric val_MAE improved by 0.000 >= min_delta = 0.0. New best score: 0.173
Metric val_MAE improved by 0.005 >= min_delta = 0.0. New best score: 0.168
Metric val_MAE improved by 0.003 >= min_delta = 0.0. New best score: 0.164
Metric val_MAE improved by 0.012 >= min_delta = 0.0. New best score: 0.153
Metric val_MAE improved by 0.001 >= min_delta = 0.0. New best score: 0.151
Metric val_MAE improved by 0.003 >= min_delta = 0.0. New best score: 0.148
Metric val_MAE improved by 0.003 >= min_delta = 0.0. New best score: 0.145
Metric val_MAE improved by 0.003 >= min_delta = 0.0. New best score: 0.142
Monitored metric val_MAE did not improve in the last 500 records. Best score: 0.142. Signaling Trainer to stop.
LOCAL_RANK: 0 - CUDA_VISIBLE_DEVICES: [0]
/home/ubuntu/anaconda3/envs/pl/lib/python3.10/site-packages/lightning/pytorch/trainer/connectors/data_connector.py:441: The 'test_dataloader' does not have many workers which may be a bottleneck. Consider increasing the value of the `num_workers` argument` to `num_workers=47` in the `DataLoader` to improve performance.
┏━━━━━━━━━━━━━━━━━━━━━━━━━━━┳━━━━━━━━━━━━━━━━━━━━━━━━━━━┓
┃        Test metric        ┃       DataLoader 0        ┃
┡━━━━━━━━━━━━━━━━━━━━━━━━━━━╇━━━━━━━━━━━━━━━━━━━━━━━━━━━┩
│         test_MAE          │     85.24565124511719     │
└───────────────────────────┴───────────────────────────┘
GPU available: True (cuda), used: True
TPU available: False, using: 0 TPU cores
IPU available: False, using: 0 IPUs
HPU available: False, using: 0 HPUs
/home/ubuntu/anaconda3/envs/pl/lib/python3.10/site-packages/lightning/pytorch/callbacks/model_checkpoint.py:653: Checkpoint directory /home/ubuntu/cht_article/129/train_model/Emb_Feature/CGCNN/Cgcnn_matbench_phonons_fold3_dim64 exists and is not empty.
LOCAL_RANK: 0 - CUDA_VISIBLE_DEVICES: [0]

  | Name                | Type                | Params
------------------------------------------------------------
0 | crystalGraphConvNet | CrystalGraphConvNet | 87.2 K
------------------------------------------------------------
87.2 K    Trainable params
0         Non-trainable params
87.2 K    Total params
0.349     Total estimated model params size (MB)
/home/ubuntu/anaconda3/envs/pl/lib/python3.10/site-packages/lightning/pytorch/loops/fit_loop.py:298: The number of training batches (6) is smaller than the logging interval Trainer(log_every_n_steps=1000). Set a lower value for log_every_n_steps if you want to see logs for the training epoch.
Metric val_MAE improved. New best score: 0.983
Metric val_MAE improved by 0.495 >= min_delta = 0.0. New best score: 0.488
Metric val_MAE improved by 0.081 >= min_delta = 0.0. New best score: 0.407
Metric val_MAE improved by 0.028 >= min_delta = 0.0. New best score: 0.379
Metric val_MAE improved by 0.011 >= min_delta = 0.0. New best score: 0.368
Metric val_MAE improved by 0.046 >= min_delta = 0.0. New best score: 0.322
Metric val_MAE improved by 0.025 >= min_delta = 0.0. New best score: 0.297
Metric val_MAE improved by 0.069 >= min_delta = 0.0. New best score: 0.228
Metric val_MAE improved by 0.043 >= min_delta = 0.0. New best score: 0.185
Metric val_MAE improved by 0.008 >= min_delta = 0.0. New best score: 0.177
Metric val_MAE improved by 0.001 >= min_delta = 0.0. New best score: 0.176
Metric val_MAE improved by 0.013 >= min_delta = 0.0. New best score: 0.163
Metric val_MAE improved by 0.005 >= min_delta = 0.0. New best score: 0.157
Metric val_MAE improved by 0.008 >= min_delta = 0.0. New best score: 0.150
Metric val_MAE improved by 0.003 >= min_delta = 0.0. New best score: 0.147
Metric val_MAE improved by 0.001 >= min_delta = 0.0. New best score: 0.146
Metric val_MAE improved by 0.008 >= min_delta = 0.0. New best score: 0.138
Metric val_MAE improved by 0.003 >= min_delta = 0.0. New best score: 0.135
Metric val_MAE improved by 0.002 >= min_delta = 0.0. New best score: 0.133
Monitored metric val_MAE did not improve in the last 500 records. Best score: 0.133. Signaling Trainer to stop.
LOCAL_RANK: 0 - CUDA_VISIBLE_DEVICES: [0]
/home/ubuntu/anaconda3/envs/pl/lib/python3.10/site-packages/lightning/pytorch/trainer/connectors/data_connector.py:441: The 'test_dataloader' does not have many workers which may be a bottleneck. Consider increasing the value of the `num_workers` argument` to `num_workers=47` in the `DataLoader` to improve performance.
┏━━━━━━━━━━━━━━━━━━━━━━━━━━━┳━━━━━━━━━━━━━━━━━━━━━━━━━━━┓
┃        Test metric        ┃       DataLoader 0        ┃
┡━━━━━━━━━━━━━━━━━━━━━━━━━━━╇━━━━━━━━━━━━━━━━━━━━━━━━━━━┩
│         test_MAE          │     65.36712646484375     │
└───────────────────────────┴───────────────────────────┘
GPU available: True (cuda), used: True
TPU available: False, using: 0 TPU cores
IPU available: False, using: 0 IPUs
HPU available: False, using: 0 HPUs
LOCAL_RANK: 0 - CUDA_VISIBLE_DEVICES: [0]

  | Name                | Type                | Params
------------------------------------------------------------
0 | crystalGraphConvNet | CrystalGraphConvNet | 87.2 K
------------------------------------------------------------
87.2 K    Trainable params
0         Non-trainable params
87.2 K    Total params
0.349     Total estimated model params size (MB)
/home/ubuntu/anaconda3/envs/pl/lib/python3.10/site-packages/lightning/pytorch/loops/fit_loop.py:298: The number of training batches (6) is smaller than the logging interval Trainer(log_every_n_steps=1000). Set a lower value for log_every_n_steps if you want to see logs for the training epoch.
Metric val_MAE improved. New best score: 1.406
Metric val_MAE improved by 1.023 >= min_delta = 0.0. New best score: 0.383
Metric val_MAE improved by 0.055 >= min_delta = 0.0. New best score: 0.328
Metric val_MAE improved by 0.027 >= min_delta = 0.0. New best score: 0.301
Metric val_MAE improved by 0.047 >= min_delta = 0.0. New best score: 0.254
Metric val_MAE improved by 0.049 >= min_delta = 0.0. New best score: 0.205
Metric val_MAE improved by 0.026 >= min_delta = 0.0. New best score: 0.179
Metric val_MAE improved by 0.025 >= min_delta = 0.0. New best score: 0.154
Metric val_MAE improved by 0.003 >= min_delta = 0.0. New best score: 0.151
Metric val_MAE improved by 0.004 >= min_delta = 0.0. New best score: 0.147
Metric val_MAE improved by 0.013 >= min_delta = 0.0. New best score: 0.134
Metric val_MAE improved by 0.001 >= min_delta = 0.0. New best score: 0.133
Metric val_MAE improved by 0.005 >= min_delta = 0.0. New best score: 0.129
Metric val_MAE improved by 0.001 >= min_delta = 0.0. New best score: 0.127
Metric val_MAE improved by 0.002 >= min_delta = 0.0. New best score: 0.125
Metric val_MAE improved by 0.001 >= min_delta = 0.0. New best score: 0.124
Metric val_MAE improved by 0.002 >= min_delta = 0.0. New best score: 0.122
Metric val_MAE improved by 0.000 >= min_delta = 0.0. New best score: 0.122
Metric val_MAE improved by 0.000 >= min_delta = 0.0. New best score: 0.122
Metric val_MAE improved by 0.001 >= min_delta = 0.0. New best score: 0.121
Metric val_MAE improved by 0.000 >= min_delta = 0.0. New best score: 0.121
Metric val_MAE improved by 0.001 >= min_delta = 0.0. New best score: 0.120
Metric val_MAE improved by 0.008 >= min_delta = 0.0. New best score: 0.111
Monitored metric val_MAE did not improve in the last 500 records. Best score: 0.111. Signaling Trainer to stop.
LOCAL_RANK: 0 - CUDA_VISIBLE_DEVICES: [0]
/home/ubuntu/anaconda3/envs/pl/lib/python3.10/site-packages/lightning/pytorch/trainer/connectors/data_connector.py:441: The 'test_dataloader' does not have many workers which may be a bottleneck. Consider increasing the value of the `num_workers` argument` to `num_workers=47` in the `DataLoader` to improve performance.
┏━━━━━━━━━━━━━━━━━━━━━━━━━━━┳━━━━━━━━━━━━━━━━━━━━━━━━━━━┓
┃        Test metric        ┃       DataLoader 0        ┃
┡━━━━━━━━━━━━━━━━━━━━━━━━━━━╇━━━━━━━━━━━━━━━━━━━━━━━━━━━┩
│         test_MAE          │     79.71147155761719     │
└───────────────────────────┴───────────────────────────┘
