Seed set to 42
2025-12-11 21:06:38 INFO     Initialized benchmark 'matbench_v0.1' with 1 tasks: 
['matbench_phonons']
2025-12-11 21:06:38 INFO     Loading dataset 'matbench_phonons'...
2025-12-11 21:06:39 INFO     Dataset 'matbench_phonons loaded.
GPU available: True (cuda), used: True
TPU available: False, using: 0 TPU cores
IPU available: False, using: 0 IPUs
HPU available: False, using: 0 HPUs
You are using a CUDA device ('NVIDIA GeForce RTX 3080') that has Tensor Cores. To properly utilize them, you should set `torch.set_float32_matmul_precision('medium' | 'high')` which will trade-off precision for performance. For more details, read https://pytorch.org/docs/stable/generated/torch.set_float32_matmul_precision.html#torch.set_float32_matmul_precision
2025-12-11 21:06:41.403371: I external/local_tsl/tsl/cuda/cudart_stub.cc:32] Could not find cuda drivers on your machine, GPU will not be used.
2025-12-11 21:06:41.438518: I tensorflow/core/platform/cpu_feature_guard.cc:210] This TensorFlow binary is optimized to use available CPU instructions in performance-critical operations.
To enable the following instructions: AVX2 FMA, in other operations, rebuild TensorFlow with the appropriate compiler flags.
2025-12-11 21:06:42.128926: W tensorflow/compiler/tf2tensorrt/utils/py_utils.cc:38] TF-TRT Warning: Could not find TensorRT
LOCAL_RANK: 0 - CUDA_VISIBLE_DEVICES: [0]

  | Name                | Type                | Params
------------------------------------------------------------
0 | crystalGraphConvNet | CrystalGraphConvNet | 31.5 K
------------------------------------------------------------
31.5 K    Trainable params
0         Non-trainable params
31.5 K    Total params
0.126     Total estimated model params size (MB)
/home/ubuntu/anaconda3/envs/pl/lib/python3.10/site-packages/lightning/pytorch/loops/fit_loop.py:298: The number of training batches (6) is smaller than the logging interval Trainer(log_every_n_steps=1000). Set a lower value for log_every_n_steps if you want to see logs for the training epoch.
Metric val_MAE improved. New best score: 0.696
Metric val_MAE improved by 0.094 >= min_delta = 0.0. New best score: 0.602
Metric val_MAE improved by 0.264 >= min_delta = 0.0. New best score: 0.338
Metric val_MAE improved by 0.039 >= min_delta = 0.0. New best score: 0.299
Metric val_MAE improved by 0.054 >= min_delta = 0.0. New best score: 0.245
Metric val_MAE improved by 0.042 >= min_delta = 0.0. New best score: 0.202
Metric val_MAE improved by 0.002 >= min_delta = 0.0. New best score: 0.200
Metric val_MAE improved by 0.010 >= min_delta = 0.0. New best score: 0.190
Metric val_MAE improved by 0.004 >= min_delta = 0.0. New best score: 0.186
Metric val_MAE improved by 0.006 >= min_delta = 0.0. New best score: 0.180
Metric val_MAE improved by 0.003 >= min_delta = 0.0. New best score: 0.177
Metric val_MAE improved by 0.001 >= min_delta = 0.0. New best score: 0.176
Metric val_MAE improved by 0.002 >= min_delta = 0.0. New best score: 0.174
Metric val_MAE improved by 0.003 >= min_delta = 0.0. New best score: 0.171
Metric val_MAE improved by 0.001 >= min_delta = 0.0. New best score: 0.170
Metric val_MAE improved by 0.001 >= min_delta = 0.0. New best score: 0.169
Metric val_MAE improved by 0.000 >= min_delta = 0.0. New best score: 0.169
Metric val_MAE improved by 0.001 >= min_delta = 0.0. New best score: 0.167
Monitored metric val_MAE did not improve in the last 500 records. Best score: 0.167. Signaling Trainer to stop.
LOCAL_RANK: 0 - CUDA_VISIBLE_DEVICES: [0]
/home/ubuntu/anaconda3/envs/pl/lib/python3.10/site-packages/lightning/pytorch/trainer/connectors/data_connector.py:441: The 'test_dataloader' does not have many workers which may be a bottleneck. Consider increasing the value of the `num_workers` argument` to `num_workers=47` in the `DataLoader` to improve performance.
┏━━━━━━━━━━━━━━━━━━━━━━━━━━━┳━━━━━━━━━━━━━━━━━━━━━━━━━━━┓
┃        Test metric        ┃       DataLoader 0        ┃
┡━━━━━━━━━━━━━━━━━━━━━━━━━━━╇━━━━━━━━━━━━━━━━━━━━━━━━━━━┩
│         test_MAE          │     125.243408203125      │
└───────────────────────────┴───────────────────────────┘
GPU available: True (cuda), used: True
TPU available: False, using: 0 TPU cores
IPU available: False, using: 0 IPUs
HPU available: False, using: 0 HPUs
LOCAL_RANK: 0 - CUDA_VISIBLE_DEVICES: [0]

  | Name                | Type                | Params
------------------------------------------------------------
0 | crystalGraphConvNet | CrystalGraphConvNet | 31.5 K
------------------------------------------------------------
31.5 K    Trainable params
0         Non-trainable params
31.5 K    Total params
0.126     Total estimated model params size (MB)
/home/ubuntu/anaconda3/envs/pl/lib/python3.10/site-packages/lightning/pytorch/loops/fit_loop.py:298: The number of training batches (6) is smaller than the logging interval Trainer(log_every_n_steps=1000). Set a lower value for log_every_n_steps if you want to see logs for the training epoch.
Metric val_MAE improved. New best score: 0.505
Metric val_MAE improved by 0.006 >= min_delta = 0.0. New best score: 0.499
Metric val_MAE improved by 0.016 >= min_delta = 0.0. New best score: 0.483
Metric val_MAE improved by 0.026 >= min_delta = 0.0. New best score: 0.457
Metric val_MAE improved by 0.095 >= min_delta = 0.0. New best score: 0.363
Metric val_MAE improved by 0.012 >= min_delta = 0.0. New best score: 0.351
Metric val_MAE improved by 0.054 >= min_delta = 0.0. New best score: 0.296
Metric val_MAE improved by 0.040 >= min_delta = 0.0. New best score: 0.257
Metric val_MAE improved by 0.014 >= min_delta = 0.0. New best score: 0.243
Metric val_MAE improved by 0.005 >= min_delta = 0.0. New best score: 0.237
Metric val_MAE improved by 0.013 >= min_delta = 0.0. New best score: 0.224
Metric val_MAE improved by 0.031 >= min_delta = 0.0. New best score: 0.193
Metric val_MAE improved by 0.006 >= min_delta = 0.0. New best score: 0.187
Metric val_MAE improved by 0.012 >= min_delta = 0.0. New best score: 0.175
Metric val_MAE improved by 0.004 >= min_delta = 0.0. New best score: 0.172
Metric val_MAE improved by 0.000 >= min_delta = 0.0. New best score: 0.171
Metric val_MAE improved by 0.000 >= min_delta = 0.0. New best score: 0.171
Metric val_MAE improved by 0.001 >= min_delta = 0.0. New best score: 0.170
Monitored metric val_MAE did not improve in the last 500 records. Best score: 0.170. Signaling Trainer to stop.
LOCAL_RANK: 0 - CUDA_VISIBLE_DEVICES: [0]
/home/ubuntu/anaconda3/envs/pl/lib/python3.10/site-packages/lightning/pytorch/trainer/connectors/data_connector.py:441: The 'test_dataloader' does not have many workers which may be a bottleneck. Consider increasing the value of the `num_workers` argument` to `num_workers=47` in the `DataLoader` to improve performance.
┏━━━━━━━━━━━━━━━━━━━━━━━━━━━┳━━━━━━━━━━━━━━━━━━━━━━━━━━━┓
┃        Test metric        ┃       DataLoader 0        ┃
┡━━━━━━━━━━━━━━━━━━━━━━━━━━━╇━━━━━━━━━━━━━━━━━━━━━━━━━━━┩
│         test_MAE          │     76.85786437988281     │
└───────────────────────────┴───────────────────────────┘
GPU available: True (cuda), used: True
TPU available: False, using: 0 TPU cores
IPU available: False, using: 0 IPUs
HPU available: False, using: 0 HPUs
/home/ubuntu/anaconda3/envs/pl/lib/python3.10/site-packages/lightning/pytorch/callbacks/model_checkpoint.py:653: Checkpoint directory /home/ubuntu/cht_article/129/train_model/Emb_Feature/CGCNN/Cgcnn_matbench_phonons_fold2_dim32 exists and is not empty.
LOCAL_RANK: 0 - CUDA_VISIBLE_DEVICES: [0]

  | Name                | Type                | Params
------------------------------------------------------------
0 | crystalGraphConvNet | CrystalGraphConvNet | 31.5 K
------------------------------------------------------------
31.5 K    Trainable params
0         Non-trainable params
31.5 K    Total params
0.126     Total estimated model params size (MB)
/home/ubuntu/anaconda3/envs/pl/lib/python3.10/site-packages/lightning/pytorch/loops/fit_loop.py:298: The number of training batches (6) is smaller than the logging interval Trainer(log_every_n_steps=1000). Set a lower value for log_every_n_steps if you want to see logs for the training epoch.
Metric val_MAE improved. New best score: 0.850
Metric val_MAE improved by 0.097 >= min_delta = 0.0. New best score: 0.752
Metric val_MAE improved by 0.406 >= min_delta = 0.0. New best score: 0.346
Metric val_MAE improved by 0.018 >= min_delta = 0.0. New best score: 0.328
Metric val_MAE improved by 0.001 >= min_delta = 0.0. New best score: 0.328
Metric val_MAE improved by 0.018 >= min_delta = 0.0. New best score: 0.310
Metric val_MAE improved by 0.018 >= min_delta = 0.0. New best score: 0.291
Metric val_MAE improved by 0.005 >= min_delta = 0.0. New best score: 0.286
Metric val_MAE improved by 0.019 >= min_delta = 0.0. New best score: 0.267
Metric val_MAE improved by 0.007 >= min_delta = 0.0. New best score: 0.259
Metric val_MAE improved by 0.006 >= min_delta = 0.0. New best score: 0.253
Metric val_MAE improved by 0.003 >= min_delta = 0.0. New best score: 0.249
Metric val_MAE improved by 0.010 >= min_delta = 0.0. New best score: 0.240
Metric val_MAE improved by 0.010 >= min_delta = 0.0. New best score: 0.230
Metric val_MAE improved by 0.002 >= min_delta = 0.0. New best score: 0.227
Metric val_MAE improved by 0.011 >= min_delta = 0.0. New best score: 0.216
Metric val_MAE improved by 0.003 >= min_delta = 0.0. New best score: 0.214
Metric val_MAE improved by 0.008 >= min_delta = 0.0. New best score: 0.205
Metric val_MAE improved by 0.001 >= min_delta = 0.0. New best score: 0.204
Monitored metric val_MAE did not improve in the last 500 records. Best score: 0.204. Signaling Trainer to stop.
LOCAL_RANK: 0 - CUDA_VISIBLE_DEVICES: [0]
/home/ubuntu/anaconda3/envs/pl/lib/python3.10/site-packages/lightning/pytorch/trainer/connectors/data_connector.py:441: The 'test_dataloader' does not have many workers which may be a bottleneck. Consider increasing the value of the `num_workers` argument` to `num_workers=47` in the `DataLoader` to improve performance.
┏━━━━━━━━━━━━━━━━━━━━━━━━━━━┳━━━━━━━━━━━━━━━━━━━━━━━━━━━┓
┃        Test metric        ┃       DataLoader 0        ┃
┡━━━━━━━━━━━━━━━━━━━━━━━━━━━╇━━━━━━━━━━━━━━━━━━━━━━━━━━━┩
│         test_MAE          │    117.04731750488281     │
└───────────────────────────┴───────────────────────────┘
GPU available: True (cuda), used: True
TPU available: False, using: 0 TPU cores
IPU available: False, using: 0 IPUs
HPU available: False, using: 0 HPUs
/home/ubuntu/anaconda3/envs/pl/lib/python3.10/site-packages/lightning/pytorch/callbacks/model_checkpoint.py:653: Checkpoint directory /home/ubuntu/cht_article/129/train_model/Emb_Feature/CGCNN/Cgcnn_matbench_phonons_fold3_dim32 exists and is not empty.
LOCAL_RANK: 0 - CUDA_VISIBLE_DEVICES: [0]

  | Name                | Type                | Params
------------------------------------------------------------
0 | crystalGraphConvNet | CrystalGraphConvNet | 31.5 K
------------------------------------------------------------
31.5 K    Trainable params
0         Non-trainable params
31.5 K    Total params
0.126     Total estimated model params size (MB)
/home/ubuntu/anaconda3/envs/pl/lib/python3.10/site-packages/lightning/pytorch/loops/fit_loop.py:298: The number of training batches (6) is smaller than the logging interval Trainer(log_every_n_steps=1000). Set a lower value for log_every_n_steps if you want to see logs for the training epoch.
Metric val_MAE improved. New best score: 1.552
Metric val_MAE improved by 1.106 >= min_delta = 0.0. New best score: 0.446
Metric val_MAE improved by 0.078 >= min_delta = 0.0. New best score: 0.367
Metric val_MAE improved by 0.005 >= min_delta = 0.0. New best score: 0.363
Metric val_MAE improved by 0.038 >= min_delta = 0.0. New best score: 0.325
Metric val_MAE improved by 0.049 >= min_delta = 0.0. New best score: 0.276
Metric val_MAE improved by 0.021 >= min_delta = 0.0. New best score: 0.255
Metric val_MAE improved by 0.055 >= min_delta = 0.0. New best score: 0.200
Metric val_MAE improved by 0.001 >= min_delta = 0.0. New best score: 0.199
Metric val_MAE improved by 0.016 >= min_delta = 0.0. New best score: 0.183
Metric val_MAE improved by 0.003 >= min_delta = 0.0. New best score: 0.181
Metric val_MAE improved by 0.001 >= min_delta = 0.0. New best score: 0.179
Metric val_MAE improved by 0.009 >= min_delta = 0.0. New best score: 0.171
Metric val_MAE improved by 0.005 >= min_delta = 0.0. New best score: 0.166
Metric val_MAE improved by 0.003 >= min_delta = 0.0. New best score: 0.163
Metric val_MAE improved by 0.002 >= min_delta = 0.0. New best score: 0.162
Metric val_MAE improved by 0.003 >= min_delta = 0.0. New best score: 0.158
Metric val_MAE improved by 0.001 >= min_delta = 0.0. New best score: 0.157
Metric val_MAE improved by 0.002 >= min_delta = 0.0. New best score: 0.155
Metric val_MAE improved by 0.005 >= min_delta = 0.0. New best score: 0.150
Metric val_MAE improved by 0.002 >= min_delta = 0.0. New best score: 0.148
Metric val_MAE improved by 0.000 >= min_delta = 0.0. New best score: 0.148
Monitored metric val_MAE did not improve in the last 500 records. Best score: 0.148. Signaling Trainer to stop.
LOCAL_RANK: 0 - CUDA_VISIBLE_DEVICES: [0]
/home/ubuntu/anaconda3/envs/pl/lib/python3.10/site-packages/lightning/pytorch/trainer/connectors/data_connector.py:441: The 'test_dataloader' does not have many workers which may be a bottleneck. Consider increasing the value of the `num_workers` argument` to `num_workers=47` in the `DataLoader` to improve performance.
┏━━━━━━━━━━━━━━━━━━━━━━━━━━━┳━━━━━━━━━━━━━━━━━━━━━━━━━━━┓
┃        Test metric        ┃       DataLoader 0        ┃
┡━━━━━━━━━━━━━━━━━━━━━━━━━━━╇━━━━━━━━━━━━━━━━━━━━━━━━━━━┩
│         test_MAE          │     87.63737487792969     │
└───────────────────────────┴───────────────────────────┘
GPU available: True (cuda), used: True
TPU available: False, using: 0 TPU cores
IPU available: False, using: 0 IPUs
HPU available: False, using: 0 HPUs
/home/ubuntu/anaconda3/envs/pl/lib/python3.10/site-packages/lightning/pytorch/callbacks/model_checkpoint.py:653: Checkpoint directory /home/ubuntu/cht_article/129/train_model/Emb_Feature/CGCNN/Cgcnn_matbench_phonons_fold4_dim32 exists and is not empty.
LOCAL_RANK: 0 - CUDA_VISIBLE_DEVICES: [0]

  | Name                | Type                | Params
------------------------------------------------------------
0 | crystalGraphConvNet | CrystalGraphConvNet | 31.5 K
------------------------------------------------------------
31.5 K    Trainable params
0         Non-trainable params
31.5 K    Total params
0.126     Total estimated model params size (MB)
/home/ubuntu/anaconda3/envs/pl/lib/python3.10/site-packages/lightning/pytorch/loops/fit_loop.py:298: The number of training batches (6) is smaller than the logging interval Trainer(log_every_n_steps=1000). Set a lower value for log_every_n_steps if you want to see logs for the training epoch.
Metric val_MAE improved. New best score: 1.192
Metric val_MAE improved by 0.659 >= min_delta = 0.0. New best score: 0.534
Metric val_MAE improved by 0.250 >= min_delta = 0.0. New best score: 0.283
Metric val_MAE improved by 0.020 >= min_delta = 0.0. New best score: 0.263
Metric val_MAE improved by 0.021 >= min_delta = 0.0. New best score: 0.242
Metric val_MAE improved by 0.011 >= min_delta = 0.0. New best score: 0.231
Metric val_MAE improved by 0.034 >= min_delta = 0.0. New best score: 0.196
Metric val_MAE improved by 0.006 >= min_delta = 0.0. New best score: 0.190
Metric val_MAE improved by 0.002 >= min_delta = 0.0. New best score: 0.189
Metric val_MAE improved by 0.003 >= min_delta = 0.0. New best score: 0.186
Metric val_MAE improved by 0.005 >= min_delta = 0.0. New best score: 0.180
Metric val_MAE improved by 0.002 >= min_delta = 0.0. New best score: 0.179
Metric val_MAE improved by 0.000 >= min_delta = 0.0. New best score: 0.178
Metric val_MAE improved by 0.007 >= min_delta = 0.0. New best score: 0.171
Metric val_MAE improved by 0.002 >= min_delta = 0.0. New best score: 0.170
Metric val_MAE improved by 0.001 >= min_delta = 0.0. New best score: 0.169
Metric val_MAE improved by 0.003 >= min_delta = 0.0. New best score: 0.166
Metric val_MAE improved by 0.001 >= min_delta = 0.0. New best score: 0.165
Metric val_MAE improved by 0.000 >= min_delta = 0.0. New best score: 0.165
Metric val_MAE improved by 0.002 >= min_delta = 0.0. New best score: 0.162
Metric val_MAE improved by 0.000 >= min_delta = 0.0. New best score: 0.162
Metric val_MAE improved by 0.000 >= min_delta = 0.0. New best score: 0.162
Metric val_MAE improved by 0.000 >= min_delta = 0.0. New best score: 0.162
Metric val_MAE improved by 0.001 >= min_delta = 0.0. New best score: 0.161
Metric val_MAE improved by 0.000 >= min_delta = 0.0. New best score: 0.160
Metric val_MAE improved by 0.001 >= min_delta = 0.0. New best score: 0.159
Metric val_MAE improved by 0.000 >= min_delta = 0.0. New best score: 0.159
Metric val_MAE improved by 0.001 >= min_delta = 0.0. New best score: 0.158
Metric val_MAE improved by 0.000 >= min_delta = 0.0. New best score: 0.157
Metric val_MAE improved by 0.000 >= min_delta = 0.0. New best score: 0.157
Metric val_MAE improved by 0.001 >= min_delta = 0.0. New best score: 0.156
Metric val_MAE improved by 0.000 >= min_delta = 0.0. New best score: 0.156
Metric val_MAE improved by 0.000 >= min_delta = 0.0. New best score: 0.156
Metric val_MAE improved by 0.001 >= min_delta = 0.0. New best score: 0.155
Metric val_MAE improved by 0.000 >= min_delta = 0.0. New best score: 0.155
Metric val_MAE improved by 0.001 >= min_delta = 0.0. New best score: 0.154
Metric val_MAE improved by 0.000 >= min_delta = 0.0. New best score: 0.154
Metric val_MAE improved by 0.000 >= min_delta = 0.0. New best score: 0.154
Metric val_MAE improved by 0.000 >= min_delta = 0.0. New best score: 0.154
Metric val_MAE improved by 0.002 >= min_delta = 0.0. New best score: 0.153
Metric val_MAE improved by 0.000 >= min_delta = 0.0. New best score: 0.153
Metric val_MAE improved by 0.000 >= min_delta = 0.0. New best score: 0.152
Metric val_MAE improved by 0.000 >= min_delta = 0.0. New best score: 0.152
Metric val_MAE improved by 0.001 >= min_delta = 0.0. New best score: 0.151
Metric val_MAE improved by 0.000 >= min_delta = 0.0. New best score: 0.151
Metric val_MAE improved by 0.000 >= min_delta = 0.0. New best score: 0.151
Metric val_MAE improved by 0.000 >= min_delta = 0.0. New best score: 0.150
Metric val_MAE improved by 0.000 >= min_delta = 0.0. New best score: 0.150
Metric val_MAE improved by 0.000 >= min_delta = 0.0. New best score: 0.150
Metric val_MAE improved by 0.000 >= min_delta = 0.0. New best score: 0.150
Metric val_MAE improved by 0.000 >= min_delta = 0.0. New best score: 0.150
Metric val_MAE improved by 0.000 >= min_delta = 0.0. New best score: 0.150
Metric val_MAE improved by 0.000 >= min_delta = 0.0. New best score: 0.150
Metric val_MAE improved by 0.000 >= min_delta = 0.0. New best score: 0.149
Metric val_MAE improved by 0.001 >= min_delta = 0.0. New best score: 0.149
Metric val_MAE improved by 0.000 >= min_delta = 0.0. New best score: 0.149
Metric val_MAE improved by 0.000 >= min_delta = 0.0. New best score: 0.148
Metric val_MAE improved by 0.001 >= min_delta = 0.0. New best score: 0.148
Metric val_MAE improved by 0.001 >= min_delta = 0.0. New best score: 0.147
Metric val_MAE improved by 0.000 >= min_delta = 0.0. New best score: 0.147
Metric val_MAE improved by 0.000 >= min_delta = 0.0. New best score: 0.147
Metric val_MAE improved by 0.000 >= min_delta = 0.0. New best score: 0.147
Metric val_MAE improved by 0.000 >= min_delta = 0.0. New best score: 0.147
Metric val_MAE improved by 0.001 >= min_delta = 0.0. New best score: 0.146
Monitored metric val_MAE did not improve in the last 500 records. Best score: 0.146. Signaling Trainer to stop.
LOCAL_RANK: 0 - CUDA_VISIBLE_DEVICES: [0]
/home/ubuntu/anaconda3/envs/pl/lib/python3.10/site-packages/lightning/pytorch/trainer/connectors/data_connector.py:441: The 'test_dataloader' does not have many workers which may be a bottleneck. Consider increasing the value of the `num_workers` argument` to `num_workers=47` in the `DataLoader` to improve performance.
┏━━━━━━━━━━━━━━━━━━━━━━━━━━━┳━━━━━━━━━━━━━━━━━━━━━━━━━━━┓
┃        Test metric        ┃       DataLoader 0        ┃
┡━━━━━━━━━━━━━━━━━━━━━━━━━━━╇━━━━━━━━━━━━━━━━━━━━━━━━━━━┩
│         test_MAE          │     89.23102569580078     │
└───────────────────────────┴───────────────────────────┘
